Archive member included to satisfy reference by file (symbol)

c:/users/dekr0/.eclipse/com.st.stm32cube.ide.mcu.rcp.product_1.5.1_1901244409_win32_win32_x86_64/plugins/com.st.stm32cube.ide.mcu.externaltools.gnu-tools-for-stm32.9-2020-q2-update.win32_1.5.0.202011040924/tools/bin/../lib/gcc/arm-none-eabi/9.3.1/../../../../arm-none-eabi/lib/thumb/v7e-m+fp/hard\libc_nano.a(lib_a-errno.o)
                              Core/Src/retarget.o (__errno)
c:/users/dekr0/.eclipse/com.st.stm32cube.ide.mcu.rcp.product_1.5.1_1901244409_win32_win32_x86_64/plugins/com.st.stm32cube.ide.mcu.externaltools.gnu-tools-for-stm32.9-2020-q2-update.win32_1.5.0.202011040924/tools/bin/../lib/gcc/arm-none-eabi/9.3.1/../../../../arm-none-eabi/lib/thumb/v7e-m+fp/hard\libc_nano.a(lib_a-exit.o)
                              c:/users/dekr0/.eclipse/com.st.stm32cube.ide.mcu.rcp.product_1.5.1_1901244409_win32_win32_x86_64/plugins/com.st.stm32cube.ide.mcu.externaltools.gnu-tools-for-stm32.9-2020-q2-update.win32_1.5.0.202011040924/tools/bin/../lib/gcc/arm-none-eabi/9.3.1/../../../../arm-none-eabi/lib/thumb/v7e-m+fp/hard/crt0.o (exit)
c:/users/dekr0/.eclipse/com.st.stm32cube.ide.mcu.rcp.product_1.5.1_1901244409_win32_win32_x86_64/plugins/com.st.stm32cube.ide.mcu.externaltools.gnu-tools-for-stm32.9-2020-q2-update.win32_1.5.0.202011040924/tools/bin/../lib/gcc/arm-none-eabi/9.3.1/../../../../arm-none-eabi/lib/thumb/v7e-m+fp/hard\libc_nano.a(lib_a-getchar.o)
                              Core/Src/Lab2bTest.o (getchar)
c:/users/dekr0/.eclipse/com.st.stm32cube.ide.mcu.rcp.product_1.5.1_1901244409_win32_win32_x86_64/plugins/com.st.stm32cube.ide.mcu.externaltools.gnu-tools-for-stm32.9-2020-q2-update.win32_1.5.0.202011040924/tools/bin/../lib/gcc/arm-none-eabi/9.3.1/../../../../arm-none-eabi/lib/thumb/v7e-m+fp/hard\libc_nano.a(lib_a-impure.o)
                              c:/users/dekr0/.eclipse/com.st.stm32cube.ide.mcu.rcp.product_1.5.1_1901244409_win32_win32_x86_64/plugins/com.st.stm32cube.ide.mcu.externaltools.gnu-tools-for-stm32.9-2020-q2-update.win32_1.5.0.202011040924/tools/bin/../lib/gcc/arm-none-eabi/9.3.1/../../../../arm-none-eabi/lib/thumb/v7e-m+fp/hard\libc_nano.a(lib_a-exit.o) (_global_impure_ptr)
c:/users/dekr0/.eclipse/com.st.stm32cube.ide.mcu.rcp.product_1.5.1_1901244409_win32_win32_x86_64/plugins/com.st.stm32cube.ide.mcu.externaltools.gnu-tools-for-stm32.9-2020-q2-update.win32_1.5.0.202011040924/tools/bin/../lib/gcc/arm-none-eabi/9.3.1/../../../../arm-none-eabi/lib/thumb/v7e-m+fp/hard\libc_nano.a(lib_a-init.o)
                              c:/users/dekr0/.eclipse/com.st.stm32cube.ide.mcu.rcp.product_1.5.1_1901244409_win32_win32_x86_64/plugins/com.st.stm32cube.ide.mcu.externaltools.gnu-tools-for-stm32.9-2020-q2-update.win32_1.5.0.202011040924/tools/bin/../lib/gcc/arm-none-eabi/9.3.1/../../../../arm-none-eabi/lib/thumb/v7e-m+fp/hard/crt0.o (__libc_init_array)
c:/users/dekr0/.eclipse/com.st.stm32cube.ide.mcu.rcp.product_1.5.1_1901244409_win32_win32_x86_64/plugins/com.st.stm32cube.ide.mcu.externaltools.gnu-tools-for-stm32.9-2020-q2-update.win32_1.5.0.202011040924/tools/bin/../lib/gcc/arm-none-eabi/9.3.1/../../../../arm-none-eabi/lib/thumb/v7e-m+fp/hard\libc_nano.a(lib_a-memset.o)
                              c:/users/dekr0/.eclipse/com.st.stm32cube.ide.mcu.rcp.product_1.5.1_1901244409_win32_win32_x86_64/plugins/com.st.stm32cube.ide.mcu.externaltools.gnu-tools-for-stm32.9-2020-q2-update.win32_1.5.0.202011040924/tools/bin/../lib/gcc/arm-none-eabi/9.3.1/../../../../arm-none-eabi/lib/thumb/v7e-m+fp/hard/crt0.o (memset)
c:/users/dekr0/.eclipse/com.st.stm32cube.ide.mcu.rcp.product_1.5.1_1901244409_win32_win32_x86_64/plugins/com.st.stm32cube.ide.mcu.externaltools.gnu-tools-for-stm32.9-2020-q2-update.win32_1.5.0.202011040924/tools/bin/../lib/gcc/arm-none-eabi/9.3.1/../../../../arm-none-eabi/lib/thumb/v7e-m+fp/hard\libc_nano.a(lib_a-printf.o)
                              Core/Src/Lab2b.o (printf)
c:/users/dekr0/.eclipse/com.st.stm32cube.ide.mcu.rcp.product_1.5.1_1901244409_win32_win32_x86_64/plugins/com.st.stm32cube.ide.mcu.externaltools.gnu-tools-for-stm32.9-2020-q2-update.win32_1.5.0.202011040924/tools/bin/../lib/gcc/arm-none-eabi/9.3.1/../../../../arm-none-eabi/lib/thumb/v7e-m+fp/hard\libc_nano.a(lib_a-putchar.o)
                              Core/Src/Lab2bTest.o (putchar)
c:/users/dekr0/.eclipse/com.st.stm32cube.ide.mcu.rcp.product_1.5.1_1901244409_win32_win32_x86_64/plugins/com.st.stm32cube.ide.mcu.externaltools.gnu-tools-for-stm32.9-2020-q2-update.win32_1.5.0.202011040924/tools/bin/../lib/gcc/arm-none-eabi/9.3.1/../../../../arm-none-eabi/lib/thumb/v7e-m+fp/hard\libc_nano.a(lib_a-puts.o)
                              Core/Src/main.o (puts)
[...]
Memory Configuration

Name             Origin             Length             Attributes
RAM              0x0000000020000000 0x0000000000010000 xrw
FLASH            0x0000000008000000 0x0000000000040000 xr
*default*        0x0000000000000000 0xffffffffffffffff

Linker script and memory map

LOAD c:/users/dekr0/.eclipse/com.st.stm32cube.ide.mcu.rcp.product_1.5.1_1901244409_win32_win32_x86_64/plugins/com.st.stm32cube.ide.mcu.externaltools.gnu-tools-for-stm32.9-2020-q2-update.win32_1.5.0.202011040924/tools/bin/../lib/gcc/arm-none-eabi/9.3.1/thumb/v7e-m+fp/hard/crti.o
LOAD c:/users/dekr0/.eclipse/com.st.stm32cube.ide.mcu.rcp.product_1.5.1_1901244409_win32_win32_x86_64/plugins/com.st.stm32cube.ide.mcu.externaltools.gnu-tools-for-stm32.9-2020-q2-update.win32_1.5.0.202011040924/tools/bin/../lib/gcc/arm-none-eabi/9.3.1/thumb/v7e-m+fp/hard/crtbegin.o
LOAD c:/users/dekr0/.eclipse/com.st.stm32cube.ide.mcu.rcp.product_1.5.1_1901244409_win32_win32_x86_64/plugins/com.st.stm32cube.ide.mcu.externaltools.gnu-tools-for-stm32.9-2020-q2-update.win32_1.5.0.202011040924/tools/bin/../lib/gcc/arm-none-eabi/9.3.1/../../../../arm-none-eabi/lib/thumb/v7e-m+fp/hard/crt0.o
LOAD Core/Src/DataStorage6.o
LOAD Core/Src/Lab2b.o
LOAD Core/Src/Lab2bTest.o
LOAD Core/Src/SetZeros.o
LOAD Core/Src/main.o
LOAD Core/Src/retarget.o
LOAD Core/Src/stm32l4xx_hal_msp.o
LOAD Core/Src/stm32l4xx_it.o
LOAD Core/Src/sysmem.o
LOAD Core/Src/system_stm32l4xx.o
LOAD Core/Startup/startup_stm32l432kcux.o
LOAD Drivers/STM32L4xx_HAL_Driver/Src/stm32l4xx_hal.o
LOAD Drivers/STM32L4xx_HAL_Driver/Src/stm32l4xx_hal_cortex.o
LOAD Drivers/STM32L4xx_HAL_Driver/Src/stm32l4xx_hal_dma.o
LOAD Drivers/STM32L4xx_HAL_Driver/Src/stm32l4xx_hal_dma_ex.o
LOAD Drivers/STM32L4xx_HAL_Driver/Src/stm32l4xx_hal_exti.o
LOAD Drivers/STM32L4xx_HAL_Driver/Src/stm32l4xx_hal_flash.o
LOAD Drivers/STM32L4xx_HAL_Driver/Src/stm32l4xx_hal_flash_ex.o
LOAD Drivers/STM32L4xx_HAL_Driver/Src/stm32l4xx_hal_flash_ramfunc.o
LOAD Drivers/STM32L4xx_HAL_Driver/Src/stm32l4xx_hal_gpio.o
LOAD Drivers/STM32L4xx_HAL_Driver/Src/stm32l4xx_hal_i2c.o
LOAD Drivers/STM32L4xx_HAL_Driver/Src/stm32l4xx_hal_i2c_ex.o
LOAD Drivers/STM32L4xx_HAL_Driver/Src/stm32l4xx_hal_pwr.o
LOAD Drivers/STM32L4xx_HAL_Driver/Src/stm32l4xx_hal_pwr_ex.o
LOAD Drivers/STM32L4xx_HAL_Driver/Src/stm32l4xx_hal_rcc.o
LOAD Drivers/STM32L4xx_HAL_Driver/Src/stm32l4xx_hal_rcc_ex.o
LOAD Drivers/STM32L4xx_HAL_Driver/Src/stm32l4xx_hal_tim.o
LOAD Drivers/STM32L4xx_HAL_Driver/Src/stm32l4xx_hal_tim_ex.o
LOAD Drivers/STM32L4xx_HAL_Driver/Src/stm32l4xx_hal_uart.o
LOAD Drivers/STM32L4xx_HAL_Driver/Src/stm32l4xx_hal_uart_ex.o
START GROUP
LOAD c:/users/dekr0/.eclipse/com.st.stm32cube.ide.mcu.rcp.product_1.5.1_1901244409_win32_win32_x86_64/plugins/com.st.stm32cube.ide.mcu.externaltools.gnu-tools-for-stm32.9-2020-q2-update.win32_1.5.0.202011040924/tools/bin/../lib/gcc/arm-none-eabi/9.3.1/../../../../arm-none-eabi/lib/thumb/v7e-m+fp/hard\libc_nano.a
LOAD c:/users/dekr0/.eclipse/com.st.stm32cube.ide.mcu.rcp.product_1.5.1_1901244409_win32_win32_x86_64/plugins/com.st.stm32cube.ide.mcu.externaltools.gnu-tools-for-stm32.9-2020-q2-update.win32_1.5.0.202011040924/tools/bin/../lib/gcc/arm-none-eabi/9.3.1/../../../../arm-none-eabi/lib/thumb/v7e-m+fp/hard\libm.a
END GROUP
START GROUP
LOAD c:/users/dekr0/.eclipse/com.st.stm32cube.ide.mcu.rcp.product_1.5.1_1901244409_win32_win32_x86_64/plugins/com.st.stm32cube.ide.mcu.externaltools.gnu-tools-for-stm32.9-2020-q2-update.win32_1.5.0.202011040924/tools/bin/../lib/gcc/arm-none-eabi/9.3.1/thumb/v7e-m+fp/hard\libgcc.a
LOAD c:/users/dekr0/.eclipse/com.st.stm32cube.ide.mcu.rcp.product_1.5.1_1901244409_win32_win32_x86_64/plugins/com.st.stm32cube.ide.mcu.externaltools.gnu-tools-for-stm32.9-2020-q2-update.win32_1.5.0.202011040924/tools/bin/../lib/gcc/arm-none-eabi/9.3.1/../../../../arm-none-eabi/lib/thumb/v7e-m+fp/hard\libc_nano.a
END GROUP
START GROUP
LOAD c:/users/dekr0/.eclipse/com.st.stm32cube.ide.mcu.rcp.product_1.5.1_1901244409_win32_win32_x86_64/plugins/com.st.stm32cube.ide.mcu.externaltools.gnu-tools-for-stm32.9-2020-q2-update.win32_1.5.0.202011040924/tools/bin/../lib/gcc/arm-none-eabi/9.3.1/thumb/v7e-m+fp/hard\libgcc.a
LOAD c:/users/dekr0/.eclipse/com.st.stm32cube.ide.mcu.rcp.product_1.5.1_1901244409_win32_win32_x86_64/plugins/com.st.stm32cube.ide.mcu.externaltools.gnu-tools-for-stm32.9-2020-q2-update.win32_1.5.0.202011040924/tools/bin/../lib/gcc/arm-none-eabi/9.3.1/../../../../arm-none-eabi/lib/thumb/v7e-m+fp/hard\libc_nano.a
LOAD c:/users/dekr0/.eclipse/com.st.stm32cube.ide.mcu.rcp.product_1.5.1_1901244409_win32_win32_x86_64/plugins/com.st.stm32cube.ide.mcu.externaltools.gnu-tools-for-stm32.9-2020-q2-update.win32_1.5.0.202011040924/tools/bin/../lib/gcc/arm-none-eabi/9.3.1/../../../../arm-none-eabi/lib/thumb/v7e-m+fp/hard\libnosys.a
END GROUP
START GROUP
LOAD c:/users/dekr0/.eclipse/com.st.stm32cube.ide.mcu.rcp.product_1.5.1_1901244409_win32_win32_x86_64/plugins/com.st.stm32cube.ide.mcu.externaltools.gnu-tools-for-stm32.9-2020-q2-update.win32_1.5.0.202011040924/tools/bin/../lib/gcc/arm-none-eabi/9.3.1/thumb/v7e-m+fp/hard\libgcc.a
LOAD c:/users/dekr0/.eclipse/com.st.stm32cube.ide.mcu.rcp.product_1.5.1_1901244409_win32_win32_x86_64/plugins/com.st.stm32cube.ide.mcu.externaltools.gnu-tools-for-stm32.9-2020-q2-update.win32_1.5.0.202011040924/tools/bin/../lib/gcc/arm-none-eabi/9.3.1/../../../../arm-none-eabi/lib/thumb/v7e-m+fp/hard\libc_nano.a
LOAD c:/users/dekr0/.eclipse/com.st.stm32cube.ide.mcu.rcp.product_1.5.1_1901244409_win32_win32_x86_64/plugins/com.st.stm32cube.ide.mcu.externaltools.gnu-tools-for-stm32.9-2020-q2-update.win32_1.5.0.202011040924/tools/bin/../lib/gcc/arm-none-eabi/9.3.1/../../../../arm-none-eabi/lib/thumb/v7e-m+fp/hard\libnosys.a
END GROUP
LOAD c:/users/dekr0/.eclipse/com.st.stm32cube.ide.mcu.rcp.product_1.5.1_1901244409_win32_win32_x86_64/plugins/com.st.stm32cube.ide.mcu.externaltools.gnu-tools-for-stm32.9-2020-q2-update.win32_1.5.0.202011040924/tools/bin/../lib/gcc/arm-none-eabi/9.3.1/thumb/v7e-m+fp/hard/crtend.o
LOAD c:/users/dekr0/.eclipse/com.st.stm32cube.ide.mcu.rcp.product_1.5.1_1901244409_win32_win32_x86_64/plugins/com.st.stm32cube.ide.mcu.externaltools.gnu-tools-for-stm32.9-2020-q2-update.win32_1.5.0.202011040924/tools/bin/../lib/gcc/arm-none-eabi/9.3.1/thumb/v7e-m+fp/hard/crtn.o
                0x0000000020010000                _estack = (ORIGIN (RAM) + LENGTH (RAM))
                0x0000000000000200                _Min_Heap_Size = 0x200
                0x0000000000000400                _Min_Stack_Size = 0x400

.isr_vector     0x0000000008000000      0x18c
                0x0000000008000000                . = ALIGN (0x4)
 *(.isr_vector)
 .isr_vector    0x0000000008000000      0x18c Core/Startup/startup_stm32l432kcux.o
                0x0000000008000000                g_pfnVectors
                0x000000000800018c                . = ALIGN (0x4)

.text           0x0000000008000190     0x436c
                0x0000000008000190                . = ALIGN (0x4)
 *(.text)
 .text          0x0000000008000190       0x40 c:/users/dekr0/.eclipse/com.st.stm32cube.ide.mcu.rcp.product_1.5.1_1901244409_win32_win32_x86_64/plugins/com.st.stm32cube.ide.mcu.externaltools.gnu-tools-for-stm32.9-2020-q2-update.win32_1.5.0.202011040924/tools/bin/../lib/gcc/arm-none-eabi/9.3.1/thumb/v7e-m+fp/hard/crtbegin.o
 .text          0x00000000080001d0       0x58 Core/Src/DataStorage6.o
                0x00000000080001d0                Intialization
 .text          0x0000000008000228       0x88 Core/Src/Lab2b.o
                0x0000000008000228                TestAsmCall
 .text          0x00000000080002b0       0x60 Core/Src/Lab2bTest.o
                0x00000000080002b0                Test
 .text          0x0000000008000310       0x40 Core/Src/SetZeros.o
                0x0000000008000310                Clear
 .text          0x0000000008000350       0xa0 c:/users/dekr0/.eclipse/com.st.stm32cube.ide.mcu.rcp.product_1.5.1_1901244409_win32_win32_x86_64/plugins/com.st.stm32cube.ide.mcu.externaltools.gnu-tools-for-stm32.9-2020-q2-update.win32_1.5.0.202011040924/tools/bin/../lib/gcc/arm-none-eabi/9.3.1/../../../../arm-none-eabi/lib/thumb/v7e-m+fp/hard\libc_nano.a(lib_a-memchr.o)
                0x0000000008000350                memchr
 .text          0x00000000080003f0       0x30 c:/users/dekr0/.eclipse/com.st.stm32cube.ide.mcu.rcp.product_1.5.1_1901244409_win32_win32_x86_64/plugins/com.st.stm32cube.ide.mcu.externaltools.gnu-tools-for-stm32.9-2020-q2-update.win32_1.5.0.202011040924/tools/bin/../lib/gcc/arm-none-eabi/9.3.1/thumb/v7e-m+fp/hard\libgcc.a(_aeabi_uldivmod.o)
                0x00000000080003f0                __aeabi_uldivmod
 .text          0x0000000008000420      0x2c4 c:/users/dekr0/.eclipse/com.st.stm32cube.ide.mcu.rcp.product_1.5.1_1901244409_win32_win32_x86_64/plugins/com.st.stm32cube.ide.mcu.externaltools.gnu-tools-for-stm32.9-2020-q2-update.win32_1.5.0.202011040924/tools/bin/../lib/gcc/arm-none-eabi/9.3.1/thumb/v7e-m+fp/hard\libgcc.a(_udivmoddi4.o)
                0x0000000008000420                __udivmoddi4
 .text          0x00000000080006e4        0x4 c:/users/dekr0/.eclipse/com.st.stm32cube.ide.mcu.rcp.product_1.5.1_1901244409_win32_win32_x86_64/plugins/com.st.stm32cube.ide.mcu.externaltools.gnu-tools-for-stm32.9-2020-q2-update.win32_1.5.0.202011040924/tools/bin/../lib/gcc/arm-none-eabi/9.3.1/thumb/v7e-m+fp/hard\libgcc.a(_dvmd_tls.o)
                0x00000000080006e4                __aeabi_idiv0
                0x00000000080006e4                __aeabi_ldiv0
 *(.text*)
 .text.cr       0x00000000080006e8       0x14 Core/Src/main.o
                0x00000000080006e8                cr
 .text.value    0x00000000080006fc       0x1c Core/Src/main.o
                0x00000000080006fc                value
 .text.main     0x0000000008000718       0x44 Core/Src/main.o
                0x0000000008000718                main
 .text.SystemClock_Config
                0x000000000800075c      0x104 Core/Src/main.o
                0x000000000800075c                SystemClock_Config
 .text.MX_USART2_UART_Init
                0x0000000008000860       0x60 Core/Src/main.o
 .text.MX_GPIO_Init
                0x00000000080008c0       0x94 Core/Src/main.o
 .text.Error_Handler
                0x0000000008000954        0xe Core/Src/main.o
                0x0000000008000954                Error_Handler
 *fill*         0x0000000008000962        0x2 
 .text.RetargetInit
                0x0000000008000964       0x30 Core/Src/retarget.o
                0x0000000008000964                RetargetInit
 .text._isatty  0x0000000008000994       0x2c Core/Src/retarget.o
                0x0000000008000994                _isatty
 .text._write   0x00000000080009c0       0x58 Core/Src/retarget.o
                0x00000000080009c0                _write
 .text._close   0x0000000008000a18       0x2e Core/Src/retarget.o
                0x0000000008000a18                _close
 .text._lseek   0x0000000008000a46       0x22 Core/Src/retarget.o
                0x0000000008000a46                _lseek
 .text._read    0x0000000008000a68       0x50 Core/Src/retarget.o
                0x0000000008000a68                _read
 .text._fstat   0x0000000008000ab8       0x36 Core/Src/retarget.o
                0x0000000008000ab8                _fstat
 *fill*         0x0000000008000aee        0x2 
 .text.HAL_MspInit
                0x0000000008000af0       0x48 Core/Src/stm32l4xx_hal_msp.o
                0x0000000008000af0                HAL_MspInit
 .text.HAL_UART_MspInit
                0x0000000008000b38       0xa8 Core/Src/stm32l4xx_hal_msp.o
                0x0000000008000b38                HAL_UART_MspInit
 .text.NMI_Handler
                0x0000000008000be0        0x6 Core/Src/stm32l4xx_it.o
                0x0000000008000be0                NMI_Handler
 .text.HardFault_Handler
                0x0000000008000be6        0x6 Core/Src/stm32l4xx_it.o
                0x0000000008000be6                HardFault_Handler
 .text.MemManage_Handler
                0x0000000008000bec        0x6 Core/Src/stm32l4xx_it.o
                0x0000000008000bec                MemManage_Handler
 .text.BusFault_Handler
                0x0000000008000bf2        0x6 Core/Src/stm32l4xx_it.o
                0x0000000008000bf2                BusFault_Handler
 .text.UsageFault_Handler
                0x0000000008000bf8        0x6 Core/Src/stm32l4xx_it.o
                0x0000000008000bf8                UsageFault_Handler
 .text.SVC_Handler
                0x0000000008000bfe        0xe Core/Src/stm32l4xx_it.o
                0x0000000008000bfe                SVC_Handler
 .text.DebugMon_Handler
                0x0000000008000c0c        0xe Core/Src/stm32l4xx_it.o
                0x0000000008000c0c                DebugMon_Handler
 .text.PendSV_Handler
                0x0000000008000c1a        0xe Core/Src/stm32l4xx_it.o
                0x0000000008000c1a                PendSV_Handler
 .text.SysTick_Handler
                0x0000000008000c28        0xc Core/Src/stm32l4xx_it.o
                0x0000000008000c28                SysTick_Handler
 .text._sbrk    0x0000000008000c34       0x6c Core/Src/sysmem.o
                0x0000000008000c34                _sbrk
 .text.SystemInit
                0x0000000008000ca0       0x64 Core/Src/system_stm32l4xx.o
                0x0000000008000ca0                SystemInit
 .text.Reset_Handler
                0x0000000008000d04       0x50 Core/Startup/startup_stm32l432kcux.o
                0x0000000008000d04                Reset_Handler
 .text.Default_Handler
                0x0000000008000d54        0x2 Core/Startup/startup_stm32l432kcux.o
                0x0000000008000d54                RTC_Alarm_IRQHandler
                0x0000000008000d54                EXTI2_IRQHandler
                0x0000000008000d54                TIM1_CC_IRQHandler
                0x0000000008000d54                TSC_IRQHandler
                0x0000000008000d54                TAMP_STAMP_IRQHandler
                0x0000000008000d54                EXTI3_IRQHandler
                0x0000000008000d54                LPTIM2_IRQHandler
                0x0000000008000d54                I2C3_ER_IRQHandler
                0x0000000008000d54                EXTI0_IRQHandler
                0x0000000008000d54                CAN1_RX0_IRQHandler
                0x0000000008000d54                FPU_IRQHandler
                0x0000000008000d54                TIM1_UP_TIM16_IRQHandler
                0x0000000008000d54                SPI1_IRQHandler
                0x0000000008000d54                TIM6_DAC_IRQHandler
                0x0000000008000d54                DMA2_Channel2_IRQHandler
                0x0000000008000d54                DMA1_Channel4_IRQHandler
                0x0000000008000d54                ADC1_IRQHandler
                0x0000000008000d54                DMA1_Channel7_IRQHandler
                0x0000000008000d54                CAN1_RX1_IRQHandler
                0x0000000008000d54                DMA2_Channel1_IRQHandler
                0x0000000008000d54                QUADSPI_IRQHandler
                0x0000000008000d54                I2C1_EV_IRQHandler
                0x0000000008000d54                DMA1_Channel6_IRQHandler
                0x0000000008000d54                DMA2_Channel4_IRQHandler
                0x0000000008000d54                RCC_IRQHandler
                0x0000000008000d54                TIM1_TRG_COM_IRQHandler
                0x0000000008000d54                DMA1_Channel1_IRQHandler
                0x0000000008000d54                Default_Handler
                0x0000000008000d54                DMA2_Channel7_IRQHandler
                0x0000000008000d54                EXTI15_10_IRQHandler
                0x0000000008000d54                TIM7_IRQHandler
                0x0000000008000d54                I2C3_EV_IRQHandler
                0x0000000008000d54                USB_IRQHandler
                0x0000000008000d54                EXTI9_5_IRQHandler
                0x0000000008000d54                RTC_WKUP_IRQHandler
                0x0000000008000d54                PVD_PVM_IRQHandler
                0x0000000008000d54                CAN1_TX_IRQHandler
                0x0000000008000d54                DMA2_Channel5_IRQHandler
                0x0000000008000d54                CRS_IRQHandler
                0x0000000008000d54                DMA1_Channel5_IRQHandler
                0x0000000008000d54                EXTI4_IRQHandler
                0x0000000008000d54                RNG_IRQHandler
                0x0000000008000d54                DMA1_Channel3_IRQHandler
                0x0000000008000d54                COMP_IRQHandler
                0x0000000008000d54                WWDG_IRQHandler
                0x0000000008000d54                LPUART1_IRQHandler
                0x0000000008000d54                DMA2_Channel6_IRQHandler
                0x0000000008000d54                TIM2_IRQHandler
                0x0000000008000d54                EXTI1_IRQHandler
                0x0000000008000d54                USART2_IRQHandler
                0x0000000008000d54                DMA1_Channel2_IRQHandler
                0x0000000008000d54                CAN1_SCE_IRQHandler
                0x0000000008000d54                FLASH_IRQHandler
                0x0000000008000d54                USART1_IRQHandler
                0x0000000008000d54                SPI3_IRQHandler
                0x0000000008000d54                I2C1_ER_IRQHandler
                0x0000000008000d54                SWPMI1_IRQHandler
                0x0000000008000d54                LPTIM1_IRQHandler
                0x0000000008000d54                SAI1_IRQHandler
                0x0000000008000d54                DMA2_Channel3_IRQHandler
                0x0000000008000d54                TIM1_BRK_TIM15_IRQHandler
 .text.HAL_Init
                0x0000000008000d56       0x30 Drivers/STM32L4xx_HAL_Driver/Src/stm32l4xx_hal.o
                0x0000000008000d56                HAL_Init
 *fill*         0x0000000008000d86        0x2 
 .text.HAL_InitTick
                0x0000000008000d88       0x78 Drivers/STM32L4xx_HAL_Driver/Src/stm32l4xx_hal.o
                0x0000000008000d88                HAL_InitTick
 .text.HAL_IncTick
                0x0000000008000e00       0x28 Drivers/STM32L4xx_HAL_Driver/Src/stm32l4xx_hal.o
                0x0000000008000e00                HAL_IncTick
 .text.HAL_GetTick
                0x0000000008000e28       0x18 Drivers/STM32L4xx_HAL_Driver/Src/stm32l4xx_hal.o
                0x0000000008000e28                HAL_GetTick
 .text.HAL_Delay
                0x0000000008000e40       0x48 Drivers/STM32L4xx_HAL_Driver/Src/stm32l4xx_hal.o
                0x0000000008000e40                HAL_Delay
 .text.__NVIC_SetPriorityGrouping
                0x0000000008000e88       0x48 Drivers/STM32L4xx_HAL_Driver/Src/stm32l4xx_hal_cortex.o
 .text.__NVIC_GetPriorityGrouping
                0x0000000008000ed0       0x1c Drivers/STM32L4xx_HAL_Driver/Src/stm32l4xx_hal_cortex.o
 .text.__NVIC_SetPriority
                0x0000000008000eec       0x54 Drivers/STM32L4xx_HAL_Driver/Src/stm32l4xx_hal_cortex.o
 .text.NVIC_EncodePriority
                0x0000000008000f40       0x66 Drivers/STM32L4xx_HAL_Driver/Src/stm32l4xx_hal_cortex.o
 *fill*         0x0000000008000fa6        0x2 
 .text.SysTick_Config
                0x0000000008000fa8       0x44 Drivers/STM32L4xx_HAL_Driver/Src/stm32l4xx_hal_cortex.o
 .text.HAL_NVIC_SetPriorityGrouping
                0x0000000008000fec       0x16 Drivers/STM32L4xx_HAL_Driver/Src/stm32l4xx_hal_cortex.o
                0x0000000008000fec                HAL_NVIC_SetPriorityGrouping
 .text.HAL_NVIC_SetPriority
                0x0000000008001002       0x38 Drivers/STM32L4xx_HAL_Driver/Src/stm32l4xx_hal_cortex.o
                0x0000000008001002                HAL_NVIC_SetPriority
 .text.HAL_SYSTICK_Config
                0x000000000800103a       0x18 Drivers/STM32L4xx_HAL_Driver/Src/stm32l4xx_hal_cortex.o
                0x000000000800103a                HAL_SYSTICK_Config
 *fill*         0x0000000008001052        0x2 
 .text.HAL_GPIO_Init
                0x0000000008001054      0x2d4 Drivers/STM32L4xx_HAL_Driver/Src/stm32l4xx_hal_gpio.o
                0x0000000008001054                HAL_GPIO_Init
 .text.HAL_GPIO_WritePin
                0x0000000008001328       0x30 Drivers/STM32L4xx_HAL_Driver/Src/stm32l4xx_hal_gpio.o
                0x0000000008001328                HAL_GPIO_WritePin
 .text.HAL_PWR_EnableBkUpAccess
                0x0000000008001358       0x20 Drivers/STM32L4xx_HAL_Driver/Src/stm32l4xx_hal_pwr.o
                0x0000000008001358                HAL_PWR_EnableBkUpAccess
 .text.HAL_PWREx_GetVoltageRange
                0x0000000008001378       0x1c Drivers/STM32L4xx_HAL_Driver/Src/stm32l4xx_hal_pwr_ex.o
                0x0000000008001378                HAL_PWREx_GetVoltageRange
 .text.HAL_PWREx_ControlVoltageScaling
                0x0000000008001394       0xac Drivers/STM32L4xx_HAL_Driver/Src/stm32l4xx_hal_pwr_ex.o
                0x0000000008001394                HAL_PWREx_ControlVoltageScaling
 .text.HAL_RCC_OscConfig
                0x0000000008001440      0x840 Drivers/STM32L4xx_HAL_Driver/Src/stm32l4xx_hal_rcc.o
                0x0000000008001440                HAL_RCC_OscConfig
 .text.HAL_RCC_ClockConfig
                0x0000000008001c80      0x1c4 Drivers/STM32L4xx_HAL_Driver/Src/stm32l4xx_hal_rcc.o
                0x0000000008001c80                HAL_RCC_ClockConfig
 .text.HAL_RCC_GetSysClockFreq
                0x0000000008001e44      0x118 Drivers/STM32L4xx_HAL_Driver/Src/stm32l4xx_hal_rcc.o
                0x0000000008001e44                HAL_RCC_GetSysClockFreq
 .text.HAL_RCC_GetHCLKFreq
                0x0000000008001f5c       0x18 Drivers/STM32L4xx_HAL_Driver/Src/stm32l4xx_hal_rcc.o
                0x0000000008001f5c                HAL_RCC_GetHCLKFreq
 .text.HAL_RCC_GetPCLK1Freq
                0x0000000008001f74       0x2c Drivers/STM32L4xx_HAL_Driver/Src/stm32l4xx_hal_rcc.o
                0x0000000008001f74                HAL_RCC_GetPCLK1Freq
 .text.HAL_RCC_GetPCLK2Freq
                0x0000000008001fa0       0x2c Drivers/STM32L4xx_HAL_Driver/Src/stm32l4xx_hal_rcc.o
                0x0000000008001fa0                HAL_RCC_GetPCLK2Freq
 .text.RCC_SetFlashLatencyFromMSIRange
                0x0000000008001fcc       0xc0 Drivers/STM32L4xx_HAL_Driver/Src/stm32l4xx_hal_rcc.o
 .text.HAL_RCCEx_PeriphCLKConfig
                0x000000000800208c      0x3e8 Drivers/STM32L4xx_HAL_Driver/Src/stm32l4xx_hal_rcc_ex.o
                0x000000000800208c                HAL_RCCEx_PeriphCLKConfig
 .text.HAL_RCCEx_EnableMSIPLLMode
                0x0000000008002474       0x20 Drivers/STM32L4xx_HAL_Driver/Src/stm32l4xx_hal_rcc_ex.o
                0x0000000008002474                HAL_RCCEx_EnableMSIPLLMode
 .text.RCCEx_PLLSAI1_Config
                0x0000000008002494      0x1e4 Drivers/STM32L4xx_HAL_Driver/Src/stm32l4xx_hal_rcc_ex.o
 .text.HAL_UART_Init
                0x0000000008002678       0x9c Drivers/STM32L4xx_HAL_Driver/Src/stm32l4xx_hal_uart.o
                0x0000000008002678                HAL_UART_Init
 .text.HAL_UART_Transmit
                0x0000000008002714      0x128 Drivers/STM32L4xx_HAL_Driver/Src/stm32l4xx_hal_uart.o
                0x0000000008002714                HAL_UART_Transmit
 .text.HAL_UART_Receive
                0x000000000800283c      0x1a2 Drivers/STM32L4xx_HAL_Driver/Src/stm32l4xx_hal_uart.o
                0x000000000800283c                HAL_UART_Receive
 *fill*         0x00000000080029de        0x2 
 .text.UART_SetConfig
                0x00000000080029e0      0x418 Drivers/STM32L4xx_HAL_Driver/Src/stm32l4xx_hal_uart.o
                0x00000000080029e0                UART_SetConfig
 .text.UART_AdvFeatureConfig
                0x0000000008002df8      0x144 Drivers/STM32L4xx_HAL_Driver/Src/stm32l4xx_hal_uart.o
                0x0000000008002df8                UART_AdvFeatureConfig
 .text.UART_CheckIdleState
                0x0000000008002f3c       0x92 Drivers/STM32L4xx_HAL_Driver/Src/stm32l4xx_hal_uart.o
                0x0000000008002f3c                UART_CheckIdleState
 .text.UART_WaitOnFlagUntilTimeout
                0x0000000008002fce       0xf8 Drivers/STM32L4xx_HAL_Driver/Src/stm32l4xx_hal_uart.o
                0x0000000008002fce                UART_WaitOnFlagUntilTimeout
 *fill*         0x00000000080030c6        0x2 
 .text.__errno  0x00000000080030c8        0xc c:/users/dekr0/.eclipse/com.st.stm32cube.ide.mcu.rcp.product_1.5.1_1901244409_win32_win32_x86_64/plugins/com.st.stm32cube.ide.mcu.externaltools.gnu-tools-for-stm32.9-2020-q2-update.win32_1.5.0.202011040924/tools/bin/../lib/gcc/arm-none-eabi/9.3.1/../../../../arm-none-eabi/lib/thumb/v7e-m+fp/hard\libc_nano.a(lib_a-errno.o)
                0x00000000080030c8                __errno
 .text.getchar  0x00000000080030d4       0x24 c:/users/dekr0/.eclipse/com.st.stm32cube.ide.mcu.rcp.product_1.5.1_1901244409_win32_win32_x86_64/plugins/com.st.stm32cube.ide.mcu.externaltools.gnu-tools-for-stm32.9-2020-q2-update.win32_1.5.0.202011040924/tools/bin/../lib/gcc/arm-none-eabi/9.3.1/../../../../arm-none-eabi/lib/thumb/v7e-m+fp/hard\libc_nano.a(lib_a-getchar.o)
                0x00000000080030d4                getchar
 .text.__libc_init_array
                0x00000000080030f8       0x48 c:/users/dekr0/.eclipse/com.st.stm32cube.ide.mcu.rcp.product_1.5.1_1901244409_win32_win32_x86_64/plugins/com.st.stm32cube.ide.mcu.externaltools.gnu-tools-for-stm32.9-2020-q2-update.win32_1.5.0.202011040924/tools/bin/../lib/gcc/arm-none-eabi/9.3.1/../../../../arm-none-eabi/lib/thumb/v7e-m+fp/hard\libc_nano.a(lib_a-init.o)
                0x00000000080030f8                __libc_init_array
 .text.memset   0x0000000008003140       0x10 c:/users/dekr0/.eclipse/com.st.stm32cube.ide.mcu.rcp.product_1.5.1_1901244409_win32_win32_x86_64/plugins/com.st.stm32cube.ide.mcu.externaltools.gnu-tools-for-stm32.9-2020-q2-update.win32_1.5.0.202011040924/tools/bin/../lib/gcc/arm-none-eabi/9.3.1/../../../../arm-none-eabi/lib/thumb/v7e-m+fp/hard\libc_nano.a(lib_a-memset.o)
                0x0000000008003140                memset
 .text.printf   0x0000000008003150       0x30 c:/users/dekr0/.eclipse/com.st.stm32cube.ide.mcu.rcp.product_1.5.1_1901244409_win32_win32_x86_64/plugins/com.st.stm32cube.ide.mcu.externaltools.gnu-tools-for-stm32.9-2020-q2-update.win32_1.5.0.202011040924/tools/bin/../lib/gcc/arm-none-eabi/9.3.1/../../../../arm-none-eabi/lib/thumb/v7e-m+fp/hard\libc_nano.a(lib_a-printf.o)
                0x0000000008003150                iprintf
                0x0000000008003150                printf
 .text._puts_r  0x0000000008003180       0xdc c:/users/dekr0/.eclipse/com.st.stm32cube.ide.mcu.rcp.product_1.5.1_1901244409_win32_win32_x86_64/plugins/com.st.stm32cube.ide.mcu.externaltools.gnu-tools-for-stm32.9-2020-q2-update.win32_1.5.0.202011040924/tools/bin/../lib/gcc/arm-none-eabi/9.3.1/../../../../arm-none-eabi/lib/thumb/v7e-m+fp/hard\libc_nano.a(lib_a-puts.o)
                0x0000000008003180                _puts_r
 .text.puts     0x000000000800325c       0x10 c:/users/dekr0/.eclipse/com.st.stm32cube.ide.mcu.rcp.product_1.5.1_1901244409_win32_win32_x86_64/plugins/com.st.stm32cube.ide.mcu.externaltools.gnu-tools-for-stm32.9-2020-q2-update.win32_1.5.0.202011040924/tools/bin/../lib/gcc/arm-none-eabi/9.3.1/../../../../arm-none-eabi/lib/thumb/v7e-m+fp/hard\libc_nano.a(lib_a-puts.o)
                0x000000000800325c                puts
 .text.setvbuf  0x000000000800326c      0x18c c:/users/dekr0/.eclipse/com.st.stm32cube.ide.mcu.rcp.product_1.5.1_1901244409_win32_win32_x86_64/plugins/com.st.stm32cube.ide.mcu.externaltools.gnu-tools-for-stm32.9-2020-q2-update.win32_1.5.0.202011040924/tools/bin/../lib/gcc/arm-none-eabi/9.3.1/../../../../arm-none-eabi/lib/thumb/v7e-m+fp/hard\libc_nano.a(lib_a-setvbuf.o)
                0x000000000800326c                setvbuf
 .text.__swbuf_r
                0x00000000080033f8       0xa4 c:/users/dekr0/.eclipse/com.st.stm32cube.ide.mcu.rcp.product_1.5.1_1901244409_win32_win32_x86_64/plugins/com.st.stm32cube.ide.mcu.externaltools.gnu-tools-for-stm32.9-2020-q2-update.win32_1.5.0.202011040924/tools/bin/../lib/gcc/arm-none-eabi/9.3.1/../../../../arm-none-eabi/lib/thumb/v7e-m+fp/hard\libc_nano.a(lib_a-wbuf.o)
                0x00000000080033f8                __swbuf_r
 .text.__swsetup_r
                0x000000000800349c       0xdc c:/users/dekr0/.eclipse/com.st.stm32cube.ide.mcu.rcp.product_1.5.1_1901244409_win32_win32_x86_64/plugins/com.st.stm32cube.ide.mcu.externaltools.gnu-tools-for-stm32.9-2020-q2-update.win32_1.5.0.202011040924/tools/bin/../lib/gcc/arm-none-eabi/9.3.1/../../../../arm-none-eabi/lib/thumb/v7e-m+fp/hard\libc_nano.a(lib_a-wsetup.o)
                0x000000000800349c                __swsetup_r
 .text.__sflush_r
                0x0000000008003578      0x10c c:/users/dekr0/.eclipse/com.st.stm32cube.ide.mcu.rcp.product_1.5.1_1901244409_win32_win32_x86_64/plugins/com.st.stm32cube.ide.mcu.externaltools.gnu-tools-for-stm32.9-2020-q2-update.win32_1.5.0.202011040924/tools/bin/../lib/gcc/arm-none-eabi/9.3.1/../../../../arm-none-eabi/lib/thumb/v7e-m+fp/hard\libc_nano.a(lib_a-fflush.o)
                0x0000000008003578                __sflush_r
 .text._fflush_r
                0x0000000008003684       0x78 c:/users/dekr0/.eclipse/com.st.stm32cube.ide.mcu.rcp.product_1.5.1_1901244409_win32_win32_x86_64/plugins/com.st.stm32cube.ide.mcu.externaltools.gnu-tools-for-stm32.9-2020-q2-update.win32_1.5.0.202011040924/tools/bin/../lib/gcc/arm-none-eabi/9.3.1/../../../../arm-none-eabi/lib/thumb/v7e-m+fp/hard\libc_nano.a(lib_a-fflush.o)
                0x0000000008003684                _fflush_r
 .text.fflush   0x00000000080036fc       0x24 c:/users/dekr0/.eclipse/com.st.stm32cube.ide.mcu.rcp.product_1.5.1_1901244409_win32_win32_x86_64/plugins/com.st.stm32cube.ide.mcu.externaltools.gnu-tools-for-stm32.9-2020-q2-update.win32_1.5.0.202011040924/tools/bin/../lib/gcc/arm-none-eabi/9.3.1/../../../../arm-none-eabi/lib/thumb/v7e-m+fp/hard\libc_nano.a(lib_a-fflush.o)
                0x00000000080036fc                fflush
 .text.std      0x0000000008003720       0x48 c:/users/dekr0/.eclipse/com.st.stm32cube.ide.mcu.rcp.product_1.5.1_1901244409_win32_win32_x86_64/plugins/com.st.stm32cube.ide.mcu.externaltools.gnu-tools-for-stm32.9-2020-q2-update.win32_1.5.0.202011040924/tools/bin/../lib/gcc/arm-none-eabi/9.3.1/../../../../arm-none-eabi/lib/thumb/v7e-m+fp/hard\libc_nano.a(lib_a-findfp.o)
 .text._cleanup_r
                0x0000000008003768        0xc c:/users/dekr0/.eclipse/com.st.stm32cube.ide.mcu.rcp.product_1.5.1_1901244409_win32_win32_x86_64/plugins/com.st.stm32cube.ide.mcu.externaltools.gnu-tools-for-stm32.9-2020-q2-update.win32_1.5.0.202011040924/tools/bin/../lib/gcc/arm-none-eabi/9.3.1/../../../../arm-none-eabi/lib/thumb/v7e-m+fp/hard\libc_nano.a(lib_a-findfp.o)
                0x0000000008003768                _cleanup_r
 .text.__sfmoreglue
                0x0000000008003774       0x2c c:/users/dekr0/.eclipse/com.st.stm32cube.ide.mcu.rcp.product_1.5.1_1901244409_win32_win32_x86_64/plugins/com.st.stm32cube.ide.mcu.externaltools.gnu-tools-for-stm32.9-2020-q2-update.win32_1.5.0.202011040924/tools/bin/../lib/gcc/arm-none-eabi/9.3.1/../../../../arm-none-eabi/lib/thumb/v7e-m+fp/hard\libc_nano.a(lib_a-findfp.o)
                0x0000000008003774                __sfmoreglue
 .text.__sfp_lock_acquire
                0x00000000080037a0        0xc c:/users/dekr0/.eclipse/com.st.stm32cube.ide.mcu.rcp.product_1.5.1_1901244409_win32_win32_x86_64/plugins/com.st.stm32cube.ide.mcu.externaltools.gnu-tools-for-stm32.9-2020-q2-update.win32_1.5.0.202011040924/tools/bin/../lib/gcc/arm-none-eabi/9.3.1/../../../../arm-none-eabi/lib/thumb/v7e-m+fp/hard\libc_nano.a(lib_a-findfp.o)
                0x00000000080037a0                __sfp_lock_acquire
 .text.__sfp_lock_release
                0x00000000080037ac        0xc c:/users/dekr0/.eclipse/com.st.stm32cube.ide.mcu.rcp.product_1.5.1_1901244409_win32_win32_x86_64/plugins/com.st.stm32cube.ide.mcu.externaltools.gnu-tools-for-stm32.9-2020-q2-update.win32_1.5.0.202011040924/tools/bin/../lib/gcc/arm-none-eabi/9.3.1/../../../../arm-none-eabi/lib/thumb/v7e-m+fp/hard\libc_nano.a(lib_a-findfp.o)
                0x00000000080037ac                __sfp_lock_release
 .text.__sinit_lock_acquire
                0x00000000080037b8        0xc c:/users/dekr0/.eclipse/com.st.stm32cube.ide.mcu.rcp.product_1.5.1_1901244409_win32_win32_x86_64/plugins/com.st.stm32cube.ide.mcu.externaltools.gnu-tools-for-stm32.9-2020-q2-update.win32_1.5.0.202011040924/tools/bin/../lib/gcc/arm-none-eabi/9.3.1/../../../../arm-none-eabi/lib/thumb/v7e-m+fp/hard\libc_nano.a(lib_a-findfp.o)
                0x00000000080037b8                __sinit_lock_acquire
 .text.__sinit_lock_release
                0x00000000080037c4        0xc c:/users/dekr0/.eclipse/com.st.stm32cube.ide.mcu.rcp.product_1.5.1_1901244409_win32_win32_x86_64/plugins/com.st.stm32cube.ide.mcu.externaltools.gnu-tools-for-stm32.9-2020-q2-update.win32_1.5.0.202011040924/tools/bin/../lib/gcc/arm-none-eabi/9.3.1/../../../../arm-none-eabi/lib/thumb/v7e-m+fp/hard\libc_nano.a(lib_a-findfp.o)
                0x00000000080037c4                __sinit_lock_release
 .text.__sinit  0x00000000080037d0       0x70 c:/users/dekr0/.eclipse/com.st.stm32cube.ide.mcu.rcp.product_1.5.1_1901244409_win32_win32_x86_64/plugins/com.st.stm32cube.ide.mcu.externaltools.gnu-tools-for-stm32.9-2020-q2-update.win32_1.5.0.202011040924/tools/bin/../lib/gcc/arm-none-eabi/9.3.1/../../../../arm-none-eabi/lib/thumb/v7e-m+fp/hard\libc_nano.a(lib_a-findfp.o)
                0x00000000080037d0                __sinit
 .text.__sfp    0x0000000008003840       0x8c c:/users/dekr0/.eclipse/com.st.stm32cube.ide.mcu.rcp.product_1.5.1_1901244409_win32_win32_x86_64/plugins/com.st.stm32cube.ide.mcu.externaltools.gnu-tools-for-stm32.9-2020-q2-update.win32_1.5.0.202011040924/tools/bin/../lib/gcc/arm-none-eabi/9.3.1/../../../../arm-none-eabi/lib/thumb/v7e-m+fp/hard\libc_nano.a(lib_a-findfp.o)
                0x0000000008003840                __sfp
 .text._fwalk   0x00000000080038cc       0x3a c:/users/dekr0/.eclipse/com.st.stm32cube.ide.mcu.rcp.product_1.5.1_1901244409_win32_win32_x86_64/plugins/com.st.stm32cube.ide.mcu.externaltools.gnu-tools-for-stm32.9-2020-q2-update.win32_1.5.0.202011040924/tools/bin/../lib/gcc/arm-none-eabi/9.3.1/../../../../arm-none-eabi/lib/thumb/v7e-m+fp/hard\libc_nano.a(lib_a-fwalk.o)
                0x00000000080038cc                _fwalk
 .text._fwalk_reent
                0x0000000008003906       0x3e c:/users/dekr0/.eclipse/com.st.stm32cube.ide.mcu.rcp.product_1.5.1_1901244409_win32_win32_x86_64/plugins/com.st.stm32cube.ide.mcu.externaltools.gnu-tools-for-stm32.9-2020-q2-update.win32_1.5.0.202011040924/tools/bin/../lib/gcc/arm-none-eabi/9.3.1/../../../../arm-none-eabi/lib/thumb/v7e-m+fp/hard\libc_nano.a(lib_a-fwalk.o)
                0x0000000008003906                _fwalk_reent
 .text._getc_r  0x0000000008003944       0x80 c:/users/dekr0/.eclipse/com.st.stm32cube.ide.mcu.rcp.product_1.5.1_1901244409_win32_win32_x86_64/plugins/com.st.stm32cube.ide.mcu.externaltools.gnu-tools-for-stm32.9-2020-q2-update.win32_1.5.0.202011040924/tools/bin/../lib/gcc/arm-none-eabi/9.3.1/../../../../arm-none-eabi/lib/thumb/v7e-m+fp/hard\libc_nano.a(lib_a-getc.o)
                0x0000000008003944                _getc_r
 .text.__retarget_lock_init_recursive
                0x00000000080039c4        0x2 c:/users/dekr0/.eclipse/com.st.stm32cube.ide.mcu.rcp.product_1.5.1_1901244409_win32_win32_x86_64/plugins/com.st.stm32cube.ide.mcu.externaltools.gnu-tools-for-stm32.9-2020-q2-update.win32_1.5.0.202011040924/tools/bin/../lib/gcc/arm-none-eabi/9.3.1/../../../../arm-none-eabi/lib/thumb/v7e-m+fp/hard\libc_nano.a(lib_a-lock.o)
                0x00000000080039c4                __retarget_lock_init_recursive
 .text.__retarget_lock_acquire_recursive
                0x00000000080039c6        0x2 c:/users/dekr0/.eclipse/com.st.stm32cube.ide.mcu.rcp.product_1.5.1_1901244409_win32_win32_x86_64/plugins/com.st.stm32cube.ide.mcu.externaltools.gnu-tools-for-stm32.9-2020-q2-update.win32_1.5.0.202011040924/tools/bin/../lib/gcc/arm-none-eabi/9.3.1/../../../../arm-none-eabi/lib/thumb/v7e-m+fp/hard\libc_nano.a(lib_a-lock.o)
                0x00000000080039c6                __retarget_lock_acquire_recursive
 .text.__retarget_lock_release_recursive
                0x00000000080039c8        0x2 c:/users/dekr0/.eclipse/com.st.stm32cube.ide.mcu.rcp.product_1.5.1_1901244409_win32_win32_x86_64/plugins/com.st.stm32cube.ide.mcu.externaltools.gnu-tools-for-stm32.9-2020-q2-update.win32_1.5.0.202011040924/tools/bin/../lib/gcc/arm-none-eabi/9.3.1/../../../../arm-none-eabi/lib/thumb/v7e-m+fp/hard\libc_nano.a(lib_a-lock.o)
                0x00000000080039c8                __retarget_lock_release_recursive
 .text.__swhatbuf_r
                0x00000000080039ca       0x48 c:/users/dekr0/.eclipse/com.st.stm32cube.ide.mcu.rcp.product_1.5.1_1901244409_win32_win32_x86_64/plugins/com.st.stm32cube.ide.mcu.externaltools.gnu-tools-for-stm32.9-2020-q2-update.win32_1.5.0.202011040924/tools/bin/../lib/gcc/arm-none-eabi/9.3.1/../../../../arm-none-eabi/lib/thumb/v7e-m+fp/hard\libc_nano.a(lib_a-makebuf.o)
                0x00000000080039ca                __swhatbuf_r
 *fill*         0x0000000008003a12        0x2 
 .text.__smakebuf_r
                0x0000000008003a14       0x80 c:/users/dekr0/.eclipse/com.st.stm32cube.ide.mcu.rcp.product_1.5.1_1901244409_win32_win32_x86_64/plugins/com.st.stm32cube.ide.mcu.externaltools.gnu-tools-for-stm32.9-2020-q2-update.win32_1.5.0.202011040924/tools/bin/../lib/gcc/arm-none-eabi/9.3.1/../../../../arm-none-eabi/lib/thumb/v7e-m+fp/hard\libc_nano.a(lib_a-makebuf.o)
                0x0000000008003a14                __smakebuf_r
 .text.malloc   0x0000000008003a94       0x10 c:/users/dekr0/.eclipse/com.st.stm32cube.ide.mcu.rcp.product_1.5.1_1901244409_win32_win32_x86_64/plugins/com.st.stm32cube.ide.mcu.externaltools.gnu-tools-for-stm32.9-2020-q2-update.win32_1.5.0.202011040924/tools/bin/../lib/gcc/arm-none-eabi/9.3.1/../../../../arm-none-eabi/lib/thumb/v7e-m+fp/hard\libc_nano.a(lib_a-malloc.o)
                0x0000000008003a94                malloc
 .text._free_r  0x0000000008003aa4       0xa0 c:/users/dekr0/.eclipse/com.st.stm32cube.ide.mcu.rcp.product_1.5.1_1901244409_win32_win32_x86_64/plugins/com.st.stm32cube.ide.mcu.externaltools.gnu-tools-for-stm32.9-2020-q2-update.win32_1.5.0.202011040924/tools/bin/../lib/gcc/arm-none-eabi/9.3.1/../../../../arm-none-eabi/lib/thumb/v7e-m+fp/hard\libc_nano.a(lib_a-nano-freer.o)
                0x0000000008003aa4                _free_r
 .text._malloc_r
                0x0000000008003b44       0xb4 c:/users/dekr0/.eclipse/com.st.stm32cube.ide.mcu.rcp.product_1.5.1_1901244409_win32_win32_x86_64/plugins/com.st.stm32cube.ide.mcu.externaltools.gnu-tools-for-stm32.9-2020-q2-update.win32_1.5.0.202011040924/tools/bin/../lib/gcc/arm-none-eabi/9.3.1/../../../../arm-none-eabi/lib/thumb/v7e-m+fp/hard\libc_nano.a(lib_a-nano-mallocr.o)
                0x0000000008003b44                _malloc_r
 .text.__sfputc_r
                0x0000000008003bf8       0x2e c:/users/dekr0/.eclipse/com.st.stm32cube.ide.mcu.rcp.product_1.5.1_1901244409_win32_win32_x86_64/plugins/com.st.stm32cube.ide.mcu.externaltools.gnu-tools-for-stm32.9-2020-q2-update.win32_1.5.0.202011040924/tools/bin/../lib/gcc/arm-none-eabi/9.3.1/../../../../arm-none-eabi/lib/thumb/v7e-m+fp/hard\libc_nano.a(lib_a-nano-vfprintf.o)
 .text.__sfputs_r
                0x0000000008003c26       0x24 c:/users/dekr0/.eclipse/com.st.stm32cube.ide.mcu.rcp.product_1.5.1_1901244409_win32_win32_x86_64/plugins/com.st.stm32cube.ide.mcu.externaltools.gnu-tools-for-stm32.9-2020-q2-update.win32_1.5.0.202011040924/tools/bin/../lib/gcc/arm-none-eabi/9.3.1/../../../../arm-none-eabi/lib/thumb/v7e-m+fp/hard\libc_nano.a(lib_a-nano-vfprintf.o)
                0x0000000008003c26                __sfputs_r
 *fill*         0x0000000008003c4a        0x2 
 .text._vfprintf_r
                0x0000000008003c4c      0x260 c:/users/dekr0/.eclipse/com.st.stm32cube.ide.mcu.rcp.product_1.5.1_1901244409_win32_win32_x86_64/plugins/com.st.stm32cube.ide.mcu.externaltools.gnu-tools-for-stm32.9-2020-q2-update.win32_1.5.0.202011040924/tools/bin/../lib/gcc/arm-none-eabi/9.3.1/../../../../arm-none-eabi/lib/thumb/v7e-m+fp/hard\libc_nano.a(lib_a-nano-vfprintf.o)
                0x0000000008003c4c                _vfprintf_r
                0x0000000008003c4c                _vfiprintf_r
 .text._printf_common
                0x0000000008003eac       0xda c:/users/dekr0/.eclipse/com.st.stm32cube.ide.mcu.rcp.product_1.5.1_1901244409_win32_win32_x86_64/plugins/com.st.stm32cube.ide.mcu.externaltools.gnu-tools-for-stm32.9-2020-q2-update.win32_1.5.0.202011040924/tools/bin/../lib/gcc/arm-none-eabi/9.3.1/../../../../arm-none-eabi/lib/thumb/v7e-m+fp/hard\libc_nano.a(lib_a-nano-vfprintf_i.o)
                0x0000000008003eac                _printf_common
 *fill*         0x0000000008003f86        0x2 
 .text._printf_i
                0x0000000008003f88      0x24c c:/users/dekr0/.eclipse/com.st.stm32cube.ide.mcu.rcp.product_1.5.1_1901244409_win32_win32_x86_64/plugins/com.st.stm32cube.ide.mcu.externaltools.gnu-tools-for-stm32.9-2020-q2-update.win32_1.5.0.202011040924/tools/bin/../lib/gcc/arm-none-eabi/9.3.1/../../../../arm-none-eabi/lib/thumb/v7e-m+fp/hard\libc_nano.a(lib_a-nano-vfprintf_i.o)
                0x0000000008003f88                _printf_i
 .text.__srget_r
                0x00000000080041d4       0x58 c:/users/dekr0/.eclipse/com.st.stm32cube.ide.mcu.rcp.product_1.5.1_1901244409_win32_win32_x86_64/plugins/com.st.stm32cube.ide.mcu.externaltools.gnu-tools-for-stm32.9-2020-q2-update.win32_1.5.0.202011040924/tools/bin/../lib/gcc/arm-none-eabi/9.3.1/../../../../arm-none-eabi/lib/thumb/v7e-m+fp/hard\libc_nano.a(lib_a-rget.o)
                0x00000000080041d4                __srget_r
 .text._sbrk_r  0x000000000800422c       0x20 c:/users/dekr0/.eclipse/com.st.stm32cube.ide.mcu.rcp.product_1.5.1_1901244409_win32_win32_x86_64/plugins/com.st.stm32cube.ide.mcu.externaltools.gnu-tools-for-stm32.9-2020-q2-update.win32_1.5.0.202011040924/tools/bin/../lib/gcc/arm-none-eabi/9.3.1/../../../../arm-none-eabi/lib/thumb/v7e-m+fp/hard\libc_nano.a(lib_a-sbrkr.o)
                0x000000000800422c                _sbrk_r
 .text.__sread  0x000000000800424c       0x22 c:/users/dekr0/.eclipse/com.st.stm32cube.ide.mcu.rcp.product_1.5.1_1901244409_win32_win32_x86_64/plugins/com.st.stm32cube.ide.mcu.externaltools.gnu-tools-for-stm32.9-2020-q2-update.win32_1.5.0.202011040924/tools/bin/../lib/gcc/arm-none-eabi/9.3.1/../../../../arm-none-eabi/lib/thumb/v7e-m+fp/hard\libc_nano.a(lib_a-stdio.o)
                0x000000000800424c                __sread
 .text.__swrite
                0x000000000800426e       0x38 c:/users/dekr0/.eclipse/com.st.stm32cube.ide.mcu.rcp.product_1.5.1_1901244409_win32_win32_x86_64/plugins/com.st.stm32cube.ide.mcu.externaltools.gnu-tools-for-stm32.9-2020-q2-update.win32_1.5.0.202011040924/tools/bin/../lib/gcc/arm-none-eabi/9.3.1/../../../../arm-none-eabi/lib/thumb/v7e-m+fp/hard\libc_nano.a(lib_a-stdio.o)
                0x000000000800426e                __swrite
 .text.__sseek  0x00000000080042a6       0x24 c:/users/dekr0/.eclipse/com.st.stm32cube.ide.mcu.rcp.product_1.5.1_1901244409_win32_win32_x86_64/plugins/com.st.stm32cube.ide.mcu.externaltools.gnu-tools-for-stm32.9-2020-q2-update.win32_1.5.0.202011040924/tools/bin/../lib/gcc/arm-none-eabi/9.3.1/../../../../arm-none-eabi/lib/thumb/v7e-m+fp/hard\libc_nano.a(lib_a-stdio.o)
                0x00000000080042a6                __sseek
 .text.__sclose
                0x00000000080042ca        0x8 c:/users/dekr0/.eclipse/com.st.stm32cube.ide.mcu.rcp.product_1.5.1_1901244409_win32_win32_x86_64/plugins/com.st.stm32cube.ide.mcu.externaltools.gnu-tools-for-stm32.9-2020-q2-update.win32_1.5.0.202011040924/tools/bin/../lib/gcc/arm-none-eabi/9.3.1/../../../../arm-none-eabi/lib/thumb/v7e-m+fp/hard\libc_nano.a(lib_a-stdio.o)
                0x00000000080042ca                __sclose
 *fill*         0x00000000080042d2        0x2 
 .text._write_r
                0x00000000080042d4       0x24 c:/users/dekr0/.eclipse/com.st.stm32cube.ide.mcu.rcp.product_1.5.1_1901244409_win32_win32_x86_64/plugins/com.st.stm32cube.ide.mcu.externaltools.gnu-tools-for-stm32.9-2020-q2-update.win32_1.5.0.202011040924/tools/bin/../lib/gcc/arm-none-eabi/9.3.1/../../../../arm-none-eabi/lib/thumb/v7e-m+fp/hard\libc_nano.a(lib_a-writer.o)
                0x00000000080042d4                _write_r
 .text._close_r
                0x00000000080042f8       0x20 c:/users/dekr0/.eclipse/com.st.stm32cube.ide.mcu.rcp.product_1.5.1_1901244409_win32_win32_x86_64/plugins/com.st.stm32cube.ide.mcu.externaltools.gnu-tools-for-stm32.9-2020-q2-update.win32_1.5.0.202011040924/tools/bin/../lib/gcc/arm-none-eabi/9.3.1/../../../../arm-none-eabi/lib/thumb/v7e-m+fp/hard\libc_nano.a(lib_a-closer.o)
                0x00000000080042f8                _close_r
 .text._fstat_r
                0x0000000008004318       0x24 c:/users/dekr0/.eclipse/com.st.stm32cube.ide.mcu.rcp.product_1.5.1_1901244409_win32_win32_x86_64/plugins/com.st.stm32cube.ide.mcu.externaltools.gnu-tools-for-stm32.9-2020-q2-update.win32_1.5.0.202011040924/tools/bin/../lib/gcc/arm-none-eabi/9.3.1/../../../../arm-none-eabi/lib/thumb/v7e-m+fp/hard\libc_nano.a(lib_a-fstatr.o)
                0x0000000008004318                _fstat_r
 .text._isatty_r
                0x000000000800433c       0x20 c:/users/dekr0/.eclipse/com.st.stm32cube.ide.mcu.rcp.product_1.5.1_1901244409_win32_win32_x86_64/plugins/com.st.stm32cube.ide.mcu.externaltools.gnu-tools-for-stm32.9-2020-q2-update.win32_1.5.0.202011040924/tools/bin/../lib/gcc/arm-none-eabi/9.3.1/../../../../arm-none-eabi/lib/thumb/v7e-m+fp/hard\libc_nano.a(lib_a-isattyr.o)
                0x000000000800433c                _isatty_r
 .text._lseek_r
                0x000000000800435c       0x24 c:/users/dekr0/.eclipse/com.st.stm32cube.ide.mcu.rcp.product_1.5.1_1901244409_win32_win32_x86_64/plugins/com.st.stm32cube.ide.mcu.externaltools.gnu-tools-for-stm32.9-2020-q2-update.win32_1.5.0.202011040924/tools/bin/../lib/gcc/arm-none-eabi/9.3.1/../../../../arm-none-eabi/lib/thumb/v7e-m+fp/hard\libc_nano.a(lib_a-lseekr.o)
                0x000000000800435c                _lseek_r
 .text.__malloc_lock
                0x0000000008004380        0xc c:/users/dekr0/.eclipse/com.st.stm32cube.ide.mcu.rcp.product_1.5.1_1901244409_win32_win32_x86_64/plugins/com.st.stm32cube.ide.mcu.externaltools.gnu-tools-for-stm32.9-2020-q2-update.win32_1.5.0.202011040924/tools/bin/../lib/gcc/arm-none-eabi/9.3.1/../../../../arm-none-eabi/lib/thumb/v7e-m+fp/hard\libc_nano.a(lib_a-mlock.o)
                0x0000000008004380                __malloc_lock
 .text.__malloc_unlock
                0x000000000800438c        0xc c:/users/dekr0/.eclipse/com.st.stm32cube.ide.mcu.rcp.product_1.5.1_1901244409_win32_win32_x86_64/plugins/com.st.stm32cube.ide.mcu.externaltools.gnu-tools-for-stm32.9-2020-q2-update.win32_1.5.0.202011040924/tools/bin/../lib/gcc/arm-none-eabi/9.3.1/../../../../arm-none-eabi/lib/thumb/v7e-m+fp/hard\libc_nano.a(lib_a-mlock.o)
                0x000000000800438c                __malloc_unlock
 .text._read_r  0x0000000008004398       0x24 c:/users/dekr0/.eclipse/com.st.stm32cube.ide.mcu.rcp.product_1.5.1_1901244409_win32_win32_x86_64/plugins/com.st.stm32cube.ide.mcu.externaltools.gnu-tools-for-stm32.9-2020-q2-update.win32_1.5.0.202011040924/tools/bin/../lib/gcc/arm-none-eabi/9.3.1/../../../../arm-none-eabi/lib/thumb/v7e-m+fp/hard\libc_nano.a(lib_a-readr.o)
                0x0000000008004398                _read_r
 .text.lflush   0x00000000080043bc       0x12 c:/users/dekr0/.eclipse/com.st.stm32cube.ide.mcu.rcp.product_1.5.1_1901244409_win32_win32_x86_64/plugins/com.st.stm32cube.ide.mcu.externaltools.gnu-tools-for-stm32.9-2020-q2-update.win32_1.5.0.202011040924/tools/bin/../lib/gcc/arm-none-eabi/9.3.1/../../../../arm-none-eabi/lib/thumb/v7e-m+fp/hard\libc_nano.a(lib_a-refill.o)
 *fill*         0x00000000080043ce        0x2 
 .text.__srefill_r
                0x00000000080043d0      0x114 c:/users/dekr0/.eclipse/com.st.stm32cube.ide.mcu.rcp.product_1.5.1_1901244409_win32_win32_x86_64/plugins/com.st.stm32cube.ide.mcu.externaltools.gnu-tools-for-stm32.9-2020-q2-update.win32_1.5.0.202011040924/tools/bin/../lib/gcc/arm-none-eabi/9.3.1/../../../../arm-none-eabi/lib/thumb/v7e-m+fp/hard\libc_nano.a(lib_a-refill.o)
                0x00000000080043d0                __srefill_r
 *(.glue_7)
 .glue_7        0x00000000080044e4        0x0 linker stubs
 *(.glue_7t)
 .glue_7t       0x00000000080044e4        0x0 linker stubs
 *(.eh_frame)
 .eh_frame      0x00000000080044e4        0x0 c:/users/dekr0/.eclipse/com.st.stm32cube.ide.mcu.rcp.product_1.5.1_1901244409_win32_win32_x86_64/plugins/com.st.stm32cube.ide.mcu.externaltools.gnu-tools-for-stm32.9-2020-q2-update.win32_1.5.0.202011040924/tools/bin/../lib/gcc/arm-none-eabi/9.3.1/thumb/v7e-m+fp/hard/crtbegin.o
 *(.init)
 .init          0x00000000080044e4        0x4 c:/users/dekr0/.eclipse/com.st.stm32cube.ide.mcu.rcp.product_1.5.1_1901244409_win32_win32_x86_64/plugins/com.st.stm32cube.ide.mcu.externaltools.gnu-tools-for-stm32.9-2020-q2-update.win32_1.5.0.202011040924/tools/bin/../lib/gcc/arm-none-eabi/9.3.1/thumb/v7e-m+fp/hard/crti.o
                0x00000000080044e4                _init
 .init          0x00000000080044e8        0x8 c:/users/dekr0/.eclipse/com.st.stm32cube.ide.mcu.rcp.product_1.5.1_1901244409_win32_win32_x86_64/plugins/com.st.stm32cube.ide.mcu.externaltools.gnu-tools-for-stm32.9-2020-q2-update.win32_1.5.0.202011040924/tools/bin/../lib/gcc/arm-none-eabi/9.3.1/thumb/v7e-m+fp/hard/crtn.o
 *(.fini)
 .fini          0x00000000080044f0        0x4 c:/users/dekr0/.eclipse/com.st.stm32cube.ide.mcu.rcp.product_1.5.1_1901244409_win32_win32_x86_64/plugins/com.st.stm32cube.ide.mcu.externaltools.gnu-tools-for-stm32.9-2020-q2-update.win32_1.5.0.202011040924/tools/bin/../lib/gcc/arm-none-eabi/9.3.1/thumb/v7e-m+fp/hard/crti.o
                0x00000000080044f0                _fini
 .fini          0x00000000080044f4        0x8 c:/users/dekr0/.eclipse/com.st.stm32cube.ide.mcu.rcp.product_1.5.1_1901244409_win32_win32_x86_64/plugins/com.st.stm32cube.ide.mcu.externaltools.gnu-tools-for-stm32.9-2020-q2-update.win32_1.5.0.202011040924/tools/bin/../lib/gcc/arm-none-eabi/9.3.1/thumb/v7e-m+fp/hard/crtn.o
                0x00000000080044fc                . = ALIGN (0x4)
                0x00000000080044fc                _etext = .

.vfp11_veneer   0x00000000080044fc        0x0
 .vfp11_veneer  0x00000000080044fc        0x0 linker stubs

.v4_bx          0x00000000080044fc        0x0
 .v4_bx         0x00000000080044fc        0x0 linker stubs

.iplt           0x00000000080044fc        0x0
 .iplt          0x00000000080044fc        0x0 c:/users/dekr0/.eclipse/com.st.stm32cube.ide.mcu.rcp.product_1.5.1_1901244409_win32_win32_x86_64/plugins/com.st.stm32cube.ide.mcu.externaltools.gnu-tools-for-stm32.9-2020-q2-update.win32_1.5.0.202011040924/tools/bin/../lib/gcc/arm-none-eabi/9.3.1/thumb/v7e-m+fp/hard/crtbegin.o

.rodata         0x00000000080044fc      0x100
                0x00000000080044fc                . = ALIGN (0x4)
 *(.rodata)
 .rodata        0x00000000080044fc       0x1e Core/Src/main.o
 *(.rodata*)
 *fill*         0x000000000800451a        0x2 
 .rodata.AHBPrescTable
                0x000000000800451c       0x10 Core/Src/system_stm32l4xx.o
                0x000000000800451c                AHBPrescTable
 .rodata.APBPrescTable
                0x000000000800452c        0x8 Core/Src/system_stm32l4xx.o
                0x000000000800452c                APBPrescTable
 .rodata.MSIRangeTable
                0x0000000008004534       0x30 Core/Src/system_stm32l4xx.o
                0x0000000008004534                MSIRangeTable
 .rodata._global_impure_ptr
                0x0000000008004564        0x4 c:/users/dekr0/.eclipse/com.st.stm32cube.ide.mcu.rcp.product_1.5.1_1901244409_win32_win32_x86_64/plugins/com.st.stm32cube.ide.mcu.externaltools.gnu-tools-for-stm32.9-2020-q2-update.win32_1.5.0.202011040924/tools/bin/../lib/gcc/arm-none-eabi/9.3.1/../../../../arm-none-eabi/lib/thumb/v7e-m+fp/hard\libc_nano.a(lib_a-impure.o)
                0x0000000008004564                _global_impure_ptr
 .rodata.__sf_fake_stderr
                0x0000000008004568       0x20 c:/users/dekr0/.eclipse/com.st.stm32cube.ide.mcu.rcp.product_1.5.1_1901244409_win32_win32_x86_64/plugins/com.st.stm32cube.ide.mcu.externaltools.gnu-tools-for-stm32.9-2020-q2-update.win32_1.5.0.202011040924/tools/bin/../lib/gcc/arm-none-eabi/9.3.1/../../../../arm-none-eabi/lib/thumb/v7e-m+fp/hard\libc_nano.a(lib_a-findfp.o)
                0x0000000008004568                __sf_fake_stderr
 .rodata.__sf_fake_stdin
                0x0000000008004588       0x20 c:/users/dekr0/.eclipse/com.st.stm32cube.ide.mcu.rcp.product_1.5.1_1901244409_win32_win32_x86_64/plugins/com.st.stm32cube.ide.mcu.externaltools.gnu-tools-for-stm32.9-2020-q2-update.win32_1.5.0.202011040924/tools/bin/../lib/gcc/arm-none-eabi/9.3.1/../../../../arm-none-eabi/lib/thumb/v7e-m+fp/hard\libc_nano.a(lib_a-findfp.o)
                0x0000000008004588                __sf_fake_stdin
 .rodata.__sf_fake_stdout
                0x00000000080045a8       0x20 c:/users/dekr0/.eclipse/com.st.stm32cube.ide.mcu.rcp.product_1.5.1_1901244409_win32_win32_x86_64/plugins/com.st.stm32cube.ide.mcu.externaltools.gnu-tools-for-stm32.9-2020-q2-update.win32_1.5.0.202011040924/tools/bin/../lib/gcc/arm-none-eabi/9.3.1/../../../../arm-none-eabi/lib/thumb/v7e-m+fp/hard\libc_nano.a(lib_a-findfp.o)
                0x00000000080045a8                __sf_fake_stdout
 .rodata._vfprintf_r.str1.1
                0x00000000080045c8       0x11 c:/users/dekr0/.eclipse/com.st.stm32cube.ide.mcu.rcp.product_1.5.1_1901244409_win32_win32_x86_64/plugins/com.st.stm32cube.ide.mcu.externaltools.gnu-tools-for-stm32.9-2020-q2-update.win32_1.5.0.202011040924/tools/bin/../lib/gcc/arm-none-eabi/9.3.1/../../../../arm-none-eabi/lib/thumb/v7e-m+fp/hard\libc_nano.a(lib_a-nano-vfprintf.o)
 .rodata._printf_i.str1.1
                0x00000000080045d9       0x22 c:/users/dekr0/.eclipse/com.st.stm32cube.ide.mcu.rcp.product_1.5.1_1901244409_win32_win32_x86_64/plugins/com.st.stm32cube.ide.mcu.externaltools.gnu-tools-for-stm32.9-2020-q2-update.win32_1.5.0.202011040924/tools/bin/../lib/gcc/arm-none-eabi/9.3.1/../../../../arm-none-eabi/lib/thumb/v7e-m+fp/hard\libc_nano.a(lib_a-nano-vfprintf_i.o)
                0x00000000080045fc                . = ALIGN (0x4)
 *fill*         0x00000000080045fb        0x1 

.ARM.extab      0x00000000080045fc        0x0
                0x00000000080045fc                . = ALIGN (0x4)
 *(.ARM.extab* .gnu.linkonce.armextab.*)
                0x00000000080045fc                . = ALIGN (0x4)

.ARM            0x00000000080045fc        0x8
                0x00000000080045fc                . = ALIGN (0x4)
                0x00000000080045fc                __exidx_start = .
 *(.ARM.exidx*)
 .ARM.exidx     0x00000000080045fc        0x8 c:/users/dekr0/.eclipse/com.st.stm32cube.ide.mcu.rcp.product_1.5.1_1901244409_win32_win32_x86_64/plugins/com.st.stm32cube.ide.mcu.externaltools.gnu-tools-for-stm32.9-2020-q2-update.win32_1.5.0.202011040924/tools/bin/../lib/gcc/arm-none-eabi/9.3.1/thumb/v7e-m+fp/hard\libgcc.a(_udivmoddi4.o)
                0x0000000008004604                __exidx_end = .
                0x0000000008004604                . = ALIGN (0x4)

.rel.dyn        0x0000000008004604        0x0
 .rel.iplt      0x0000000008004604        0x0 c:/users/dekr0/.eclipse/com.st.stm32cube.ide.mcu.rcp.product_1.5.1_1901244409_win32_win32_x86_64/plugins/com.st.stm32cube.ide.mcu.externaltools.gnu-tools-for-stm32.9-2020-q2-update.win32_1.5.0.202011040924/tools/bin/../lib/gcc/arm-none-eabi/9.3.1/thumb/v7e-m+fp/hard/crtbegin.o

.preinit_array  0x0000000008004604        0x0
                0x0000000008004604                . = ALIGN (0x4)
                0x0000000008004604                PROVIDE (__preinit_array_start = .)
 *(.preinit_array*)
                0x0000000008004604                PROVIDE (__preinit_array_end = .)
                0x0000000008004604                . = ALIGN (0x4)

.init_array     0x0000000008004604        0x4
                0x0000000008004604                . = ALIGN (0x4)
                0x0000000008004604                PROVIDE (__init_array_start = .)
 *(SORT_BY_NAME(.init_array.*))
 *(.init_array*)
 .init_array    0x0000000008004604        0x4 c:/users/dekr0/.eclipse/com.st.stm32cube.ide.mcu.rcp.product_1.5.1_1901244409_win32_win32_x86_64/plugins/com.st.stm32cube.ide.mcu.externaltools.gnu-tools-for-stm32.9-2020-q2-update.win32_1.5.0.202011040924/tools/bin/../lib/gcc/arm-none-eabi/9.3.1/thumb/v7e-m+fp/hard/crtbegin.o
                0x0000000008004608                PROVIDE (__init_array_end = .)
                0x0000000008004608                . = ALIGN (0x4)

.fini_array     0x0000000008004608        0x4
                0x0000000008004608                . = ALIGN (0x4)
                [!provide]                        PROVIDE (__fini_array_start = .)
 *(SORT_BY_NAME(.fini_array.*))
 *(.fini_array*)
 .fini_array    0x0000000008004608        0x4 c:/users/dekr0/.eclipse/com.st.stm32cube.ide.mcu.rcp.product_1.5.1_1901244409_win32_win32_x86_64/plugins/com.st.stm32cube.ide.mcu.externaltools.gnu-tools-for-stm32.9-2020-q2-update.win32_1.5.0.202011040924/tools/bin/../lib/gcc/arm-none-eabi/9.3.1/thumb/v7e-m+fp/hard/crtbegin.o
                [!provide]                        PROVIDE (__fini_array_end = .)
                0x000000000800460c                . = ALIGN (0x4)
                0x000000000800460c                _sidata = LOADADDR (.data)

.data           0x0000000020000000      0x2cc load address 0x000000000800460c
                0x0000000020000000                . = ALIGN (0x4)
                0x0000000020000000                _sdata = .
 *(.data)
 .data          0x0000000020000000      0x1b0 Core/Src/DataStorage6.o
 .data          0x00000000200001b0       0xaa Core/Src/Lab2bTest.o
 *(.data*)
 *fill*         0x000000002000025a        0x2 
 .data.SystemCoreClock
                0x000000002000025c        0x4 Core/Src/system_stm32l4xx.o
                0x000000002000025c                SystemCoreClock
 .data.uwTickPrio
                0x0000000020000260        0x4 Drivers/STM32L4xx_HAL_Driver/Src/stm32l4xx_hal.o
                0x0000000020000260                uwTickPrio
 .data.uwTickFreq
                0x0000000020000264        0x1 Drivers/STM32L4xx_HAL_Driver/Src/stm32l4xx_hal.o
                0x0000000020000264                uwTickFreq
 *fill*         0x0000000020000265        0x3 
 .data._impure_ptr
                0x0000000020000268        0x4 c:/users/dekr0/.eclipse/com.st.stm32cube.ide.mcu.rcp.product_1.5.1_1901244409_win32_win32_x86_64/plugins/com.st.stm32cube.ide.mcu.externaltools.gnu-tools-for-stm32.9-2020-q2-update.win32_1.5.0.202011040924/tools/bin/../lib/gcc/arm-none-eabi/9.3.1/../../../../arm-none-eabi/lib/thumb/v7e-m+fp/hard\libc_nano.a(lib_a-impure.o)
                0x0000000020000268                _impure_ptr
 .data.impure_data
                0x000000002000026c       0x60 c:/users/dekr0/.eclipse/com.st.stm32cube.ide.mcu.rcp.product_1.5.1_1901244409_win32_win32_x86_64/plugins/com.st.stm32cube.ide.mcu.externaltools.gnu-tools-for-stm32.9-2020-q2-update.win32_1.5.0.202011040924/tools/bin/../lib/gcc/arm-none-eabi/9.3.1/../../../../arm-none-eabi/lib/thumb/v7e-m+fp/hard\libc_nano.a(lib_a-impure.o)
 *(.RamFunc)
 *(.RamFunc*)
                0x00000000200002cc                . = ALIGN (0x4)
                0x00000000200002cc                _edata = .

.igot.plt       0x00000000200002cc        0x0 load address 0x00000000080048d8
 .igot.plt      0x00000000200002cc        0x0 c:/users/dekr0/.eclipse/com.st.stm32cube.ide.mcu.rcp.product_1.5.1_1901244409_win32_win32_x86_64/plugins/com.st.stm32cube.ide.mcu.externaltools.gnu-tools-for-stm32.9-2020-q2-update.win32_1.5.0.202011040924/tools/bin/../lib/gcc/arm-none-eabi/9.3.1/thumb/v7e-m+fp/hard/crtbegin.o
                0x00000000200002cc                . = ALIGN (0x4)

.bss            0x00000000200002cc       0xc4 load address 0x00000000080048d8
                0x00000000200002cc                _sbss = .
                0x00000000200002cc                __bss_start__ = _sbss
 *(.bss)
 .bss           0x00000000200002cc       0x1c c:/users/dekr0/.eclipse/com.st.stm32cube.ide.mcu.rcp.product_1.5.1_1901244409_win32_win32_x86_64/plugins/com.st.stm32cube.ide.mcu.externaltools.gnu-tools-for-stm32.9-2020-q2-update.win32_1.5.0.202011040924/tools/bin/../lib/gcc/arm-none-eabi/9.3.1/thumb/v7e-m+fp/hard/crtbegin.o
 *(.bss*)
 .bss.__sbrk_heap_end
                0x00000000200002e8        0x4 Core/Src/sysmem.o
 .bss.__malloc_free_list
                0x00000000200002ec        0x4 c:/users/dekr0/.eclipse/com.st.stm32cube.ide.mcu.rcp.product_1.5.1_1901244409_win32_win32_x86_64/plugins/com.st.stm32cube.ide.mcu.externaltools.gnu-tools-for-stm32.9-2020-q2-update.win32_1.5.0.202011040924/tools/bin/../lib/gcc/arm-none-eabi/9.3.1/../../../../arm-none-eabi/lib/thumb/v7e-m+fp/hard\libc_nano.a(lib_a-nano-mallocr.o)
                0x00000000200002ec                __malloc_free_list
 .bss.__malloc_sbrk_start
                0x00000000200002f0        0x4 c:/users/dekr0/.eclipse/com.st.stm32cube.ide.mcu.rcp.product_1.5.1_1901244409_win32_win32_x86_64/plugins/com.st.stm32cube.ide.mcu.externaltools.gnu-tools-for-stm32.9-2020-q2-update.win32_1.5.0.202011040924/tools/bin/../lib/gcc/arm-none-eabi/9.3.1/../../../../arm-none-eabi/lib/thumb/v7e-m+fp/hard\libc_nano.a(lib_a-nano-mallocr.o)
                0x00000000200002f0                __malloc_sbrk_start
 *(COMMON)
 COMMON         0x00000000200002f4       0x84 Core/Src/main.o
                0x00000000200002f4                huart2
 COMMON         0x0000000020000378        0x4 Core/Src/retarget.o
                0x0000000020000378                gHuart
 COMMON         0x000000002000037c        0x4 Drivers/STM32L4xx_HAL_Driver/Src/stm32l4xx_hal.o
                0x000000002000037c                uwTick
 COMMON         0x0000000020000380        0x9 c:/users/dekr0/.eclipse/com.st.stm32cube.ide.mcu.rcp.product_1.5.1_1901244409_win32_win32_x86_64/plugins/com.st.stm32cube.ide.mcu.externaltools.gnu-tools-for-stm32.9-2020-q2-update.win32_1.5.0.202011040924/tools/bin/../lib/gcc/arm-none-eabi/9.3.1/../../../../arm-none-eabi/lib/thumb/v7e-m+fp/hard\libc_nano.a(lib_a-lock.o)
                0x0000000020000380                __lock___atexit_recursive_mutex
                0x0000000020000381                __lock___arc4random_mutex
                0x0000000020000382                __lock___env_recursive_mutex
                0x0000000020000383                __lock___sinit_recursive_mutex
                0x0000000020000384                __lock___malloc_recursive_mutex
                0x0000000020000385                __lock___at_quick_exit_mutex
                0x0000000020000386                __lock___dd_hash_mutex
                0x0000000020000387                __lock___tz_mutex
                0x0000000020000388                __lock___sfp_recursive_mutex
 *fill*         0x0000000020000389        0x3 
 COMMON         0x000000002000038c        0x4 c:/users/dekr0/.eclipse/com.st.stm32cube.ide.mcu.rcp.product_1.5.1_1901244409_win32_win32_x86_64/plugins/com.st.stm32cube.ide.mcu.externaltools.gnu-tools-for-stm32.9-2020-q2-update.win32_1.5.0.202011040924/tools/bin/../lib/gcc/arm-none-eabi/9.3.1/../../../../arm-none-eabi/lib/thumb/v7e-m+fp/hard\libc_nano.a(lib_a-reent.o)
                0x000000002000038c                errno
                0x0000000020000390                . = ALIGN (0x4)
                0x0000000020000390                _ebss = .
                0x0000000020000390                __bss_end__ = _ebss

._user_heap_stack
                0x0000000020000390      0x600 load address 0x00000000080048d8
                0x0000000020000390                . = ALIGN (0x8)
                [!provide]                        PROVIDE (end = .)
                0x0000000020000390                PROVIDE (_end = .)
                0x0000000020000590                . = (. + _Min_Heap_Size)
 *fill*         0x0000000020000390      0x200 
                0x0000000020000990                . = (. + _Min_Stack_Size)
 *fill*         0x0000000020000590      0x400 
                0x0000000020000990                . = ALIGN (0x8)

/DISCARD/
 libc.a(*)
 libm.a(*)
 libgcc.a(*)

.ARM.attributes
                0x0000000000000000       0x30
 *(.ARM.attributes)
 .ARM.attributes
                0x0000000000000000       0x1e c:/users/dekr0/.eclipse/com.st.stm32cube.ide.mcu.rcp.product_1.5.1_1901244409_win32_win32_x86_64/plugins/com.st.stm32cube.ide.mcu.externaltools.gnu-tools-for-stm32.9-2020-q2-update.win32_1.5.0.202011040924/tools/bin/../lib/gcc/arm-none-eabi/9.3.1/thumb/v7e-m+fp/hard/crti.o
 .ARM.attributes
                0x000000000000001e       0x34 c:/users/dekr0/.eclipse/com.st.stm32cube.ide.mcu.rcp.product_1.5.1_1901244409_win32_win32_x86_64/plugins/com.st.stm32cube.ide.mcu.externaltools.gnu-tools-for-stm32.9-2020-q2-update.win32_1.5.0.202011040924/tools/bin/../lib/gcc/arm-none-eabi/9.3.1/thumb/v7e-m+fp/hard/crtbegin.o
 .ARM.attributes
                0x0000000000000052       0x20 Core/Src/DataStorage6.o
 .ARM.attributes
                0x0000000000000072       0x20 Core/Src/Lab2b.o
 .ARM.attributes
                0x0000000000000092       0x20 Core/Src/Lab2bTest.o
 .ARM.attributes
                0x00000000000000b2       0x20 Core/Src/SetZeros.o
 .ARM.attributes
                0x00000000000000d2       0x34 Core/Src/main.o
 .ARM.attributes
                0x0000000000000106       0x34 Core/Src/retarget.o
 .ARM.attributes
                0x000000000000013a       0x34 Core/Src/stm32l4xx_hal_msp.o
 .ARM.attributes
                0x000000000000016e       0x34 Core/Src/stm32l4xx_it.o
 .ARM.attributes
                0x00000000000001a2       0x34 Core/Src/sysmem.o
 .ARM.attributes
                0x00000000000001d6       0x34 Core/Src/system_stm32l4xx.o
 .ARM.attributes
                0x000000000000020a       0x21 Core/Startup/startup_stm32l432kcux.o
 .ARM.attributes
                0x000000000000022b       0x34 Drivers/STM32L4xx_HAL_Driver/Src/stm32l4xx_hal.o
 .ARM.attributes
                0x000000000000025f       0x34 Drivers/STM32L4xx_HAL_Driver/Src/stm32l4xx_hal_cortex.o
 .ARM.attributes
                0x0000000000000293       0x34 Drivers/STM32L4xx_HAL_Driver/Src/stm32l4xx_hal_gpio.o
 .ARM.attributes
                0x00000000000002c7       0x34 Drivers/STM32L4xx_HAL_Driver/Src/stm32l4xx_hal_pwr.o
 .ARM.attributes
                0x00000000000002fb       0x34 Drivers/STM32L4xx_HAL_Driver/Src/stm32l4xx_hal_pwr_ex.o
 .ARM.attributes
                0x000000000000032f       0x34 Drivers/STM32L4xx_HAL_Driver/Src/stm32l4xx_hal_rcc.o
 .ARM.attributes
                0x0000000000000363       0x34 Drivers/STM32L4xx_HAL_Driver/Src/stm32l4xx_hal_rcc_ex.o
 .ARM.attributes
                0x0000000000000397       0x34 Drivers/STM32L4xx_HAL_Driver/Src/stm32l4xx_hal_uart.o
 .ARM.attributes
                0x00000000000003cb       0x34 c:/users/dekr0/.eclipse/com.st.stm32cube.ide.mcu.rcp.product_1.5.1_1901244409_win32_win32_x86_64/plugins/com.st.stm32cube.ide.mcu.externaltools.gnu-tools-for-stm32.9-2020-q2-update.win32_1.5.0.202011040924/tools/bin/../lib/gcc/arm-none-eabi/9.3.1/../../../../arm-none-eabi/lib/thumb/v7e-m+fp/hard\libc_nano.a(lib_a-errno.o)
 .ARM.attributes
                0x00000000000003ff       0x34 c:/users/dekr0/.eclipse/com.st.stm32cube.ide.mcu.rcp.product_1.5.1_1901244409_win32_win32_x86_64/plugins/com.st.stm32cube.ide.mcu.externaltools.gnu-tools-for-stm32.9-2020-q2-update.win32_1.5.0.202011040924/tools/bin/../lib/gcc/arm-none-eabi/9.3.1/../../../../arm-none-eabi/lib/thumb/v7e-m+fp/hard\libc_nano.a(lib_a-getchar.o)
 .ARM.attributes
                0x0000000000000433       0x32 c:/users/dekr0/.eclipse/com.st.stm32cube.ide.mcu.rcp.product_1.5.1_1901244409_win32_win32_x86_64/plugins/com.st.stm32cube.ide.mcu.externaltools.gnu-tools-for-stm32.9-2020-q2-update.win32_1.5.0.202011040924/tools/bin/../lib/gcc/arm-none-eabi/9.3.1/../../../../arm-none-eabi/lib/thumb/v7e-m+fp/hard\libc_nano.a(lib_a-impure.o)
 .ARM.attributes
                0x0000000000000465       0x34 c:/users/dekr0/.eclipse/com.st.stm32cube.ide.mcu.rcp.product_1.5.1_1901244409_win32_win32_x86_64/plugins/com.st.stm32cube.ide.mcu.externaltools.gnu-tools-for-stm32.9-2020-q2-update.win32_1.5.0.202011040924/tools/bin/../lib/gcc/arm-none-eabi/9.3.1/../../../../arm-none-eabi/lib/thumb/v7e-m+fp/hard\libc_nano.a(lib_a-init.o)
 .ARM.attributes
                0x0000000000000499       0x34 c:/users/dekr0/.eclipse/com.st.stm32cube.ide.mcu.rcp.product_1.5.1_1901244409_win32_win32_x86_64/plugins/com.st.stm32cube.ide.mcu.externaltools.gnu-tools-for-stm32.9-2020-q2-update.win32_1.5.0.202011040924/tools/bin/../lib/gcc/arm-none-eabi/9.3.1/../../../../arm-none-eabi/lib/thumb/v7e-m+fp/hard\libc_nano.a(lib_a-memset.o)
 .ARM.attributes
                0x00000000000004cd       0x34 c:/users/dekr0/.eclipse/com.st.stm32cube.ide.mcu.rcp.product_1.5.1_1901244409_win32_win32_x86_64/plugins/com.st.stm32cube.ide.mcu.externaltools.gnu-tools-for-stm32.9-2020-q2-update.win32_1.5.0.202011040924/tools/bin/../lib/gcc/arm-none-eabi/9.3.1/../../../../arm-none-eabi/lib/thumb/v7e-m+fp/hard\libc_nano.a(lib_a-printf.o)
 .ARM.attributes
                0x0000000000000501       0x34 c:/users/dekr0/.eclipse/com.st.stm32cube.ide.mcu.rcp.product_1.5.1_1901244409_win32_win32_x86_64/plugins/com.st.stm32cube.ide.mcu.externaltools.gnu-tools-for-stm32.9-2020-q2-update.win32_1.5.0.202011040924/tools/bin/../lib/gcc/arm-none-eabi/9.3.1/../../../../arm-none-eabi/lib/thumb/v7e-m+fp/hard\libc_nano.a(lib_a-puts.o)
 .ARM.attributes
                0x0000000000000535       0x34 c:/users/dekr0/.eclipse/com.st.stm32cube.ide.mcu.rcp.product_1.5.1_1901244409_win32_win32_x86_64/plugins/com.st.stm32cube.ide.mcu.externaltools.gnu-tools-for-stm32.9-2020-q2-update.win32_1.5.0.202011040924/tools/bin/../lib/gcc/arm-none-eabi/9.3.1/../../../../arm-none-eabi/lib/thumb/v7e-m+fp/hard\libc_nano.a(lib_a-setvbuf.o)
 .ARM.attributes
                0x0000000000000569       0x34 c:/users/dekr0/.eclipse/com.st.stm32cube.ide.mcu.rcp.product_1.5.1_1901244409_win32_win32_x86_64/plugins/com.st.stm32cube.ide.mcu.externaltools.gnu-tools-for-stm32.9-2020-q2-update.win32_1.5.0.202011040924/tools/bin/../lib/gcc/arm-none-eabi/9.3.1/../../../../arm-none-eabi/lib/thumb/v7e-m+fp/hard\libc_nano.a(lib_a-wbuf.o)
 .ARM.attributes
                0x000000000000059d       0x34 c:/users/dekr0/.eclipse/com.st.stm32cube.ide.mcu.rcp.product_1.5.1_1901244409_win32_win32_x86_64/plugins/com.st.stm32cube.ide.mcu.externaltools.gnu-tools-for-stm32.9-2020-q2-update.win32_1.5.0.202011040924/tools/bin/../lib/gcc/arm-none-eabi/9.3.1/../../../../arm-none-eabi/lib/thumb/v7e-m+fp/hard\libc_nano.a(lib_a-wsetup.o)
 .ARM.attributes
                0x00000000000005d1       0x34 c:/users/dekr0/.eclipse/com.st.stm32cube.ide.mcu.rcp.product_1.5.1_1901244409_win32_win32_x86_64/plugins/com.st.stm32cube.ide.mcu.externaltools.gnu-tools-for-stm32.9-2020-q2-update.win32_1.5.0.202011040924/tools/bin/../lib/gcc/arm-none-eabi/9.3.1/../../../../arm-none-eabi/lib/thumb/v7e-m+fp/hard\libc_nano.a(lib_a-fflush.o)
 .ARM.attributes
                0x0000000000000605       0x34 c:/users/dekr0/.eclipse/com.st.stm32cube.ide.mcu.rcp.product_1.5.1_1901244409_win32_win32_x86_64/plugins/com.st.stm32cube.ide.mcu.externaltools.gnu-tools-for-stm32.9-2020-q2-update.win32_1.5.0.202011040924/tools/bin/../lib/gcc/arm-none-eabi/9.3.1/../../../../arm-none-eabi/lib/thumb/v7e-m+fp/hard\libc_nano.a(lib_a-findfp.o)
 .ARM.attributes
                0x0000000000000639       0x34 c:/users/dekr0/.eclipse/com.st.stm32cube.ide.mcu.rcp.product_1.5.1_1901244409_win32_win32_x86_64/plugins/com.st.stm32cube.ide.mcu.externaltools.gnu-tools-for-stm32.9-2020-q2-update.win32_1.5.0.202011040924/tools/bin/../lib/gcc/arm-none-eabi/9.3.1/../../../../arm-none-eabi/lib/thumb/v7e-m+fp/hard\libc_nano.a(lib_a-fwalk.o)
 .ARM.attributes
                0x000000000000066d       0x34 c:/users/dekr0/.eclipse/com.st.stm32cube.ide.mcu.rcp.product_1.5.1_1901244409_win32_win32_x86_64/plugins/com.st.stm32cube.ide.mcu.externaltools.gnu-tools-for-stm32.9-2020-q2-update.win32_1.5.0.202011040924/tools/bin/../lib/gcc/arm-none-eabi/9.3.1/../../../../arm-none-eabi/lib/thumb/v7e-m+fp/hard\libc_nano.a(lib_a-getc.o)
 .ARM.attributes
                0x00000000000006a1       0x34 c:/users/dekr0/.eclipse/com.st.stm32cube.ide.mcu.rcp.product_1.5.1_1901244409_win32_win32_x86_64/plugins/com.st.stm32cube.ide.mcu.externaltools.gnu-tools-for-stm32.9-2020-q2-update.win32_1.5.0.202011040924/tools/bin/../lib/gcc/arm-none-eabi/9.3.1/../../../../arm-none-eabi/lib/thumb/v7e-m+fp/hard\libc_nano.a(lib_a-lock.o)
 .ARM.attributes
                0x00000000000006d5       0x34 c:/users/dekr0/.eclipse/com.st.stm32cube.ide.mcu.rcp.product_1.5.1_1901244409_win32_win32_x86_64/plugins/com.st.stm32cube.ide.mcu.externaltools.gnu-tools-for-stm32.9-2020-q2-update.win32_1.5.0.202011040924/tools/bin/../lib/gcc/arm-none-eabi/9.3.1/../../../../arm-none-eabi/lib/thumb/v7e-m+fp/hard\libc_nano.a(lib_a-makebuf.o)
 .ARM.attributes
                0x0000000000000709       0x34 c:/users/dekr0/.eclipse/com.st.stm32cube.ide.mcu.rcp.product_1.5.1_1901244409_win32_win32_x86_64/plugins/com.st.stm32cube.ide.mcu.externaltools.gnu-tools-for-stm32.9-2020-q2-update.win32_1.5.0.202011040924/tools/bin/../lib/gcc/arm-none-eabi/9.3.1/../../../../arm-none-eabi/lib/thumb/v7e-m+fp/hard\libc_nano.a(lib_a-malloc.o)
 .ARM.attributes
                0x000000000000073d       0x34 c:/users/dekr0/.eclipse/com.st.stm32cube.ide.mcu.rcp.product_1.5.1_1901244409_win32_win32_x86_64/plugins/com.st.stm32cube.ide.mcu.externaltools.gnu-tools-for-stm32.9-2020-q2-update.win32_1.5.0.202011040924/tools/bin/../lib/gcc/arm-none-eabi/9.3.1/../../../../arm-none-eabi/lib/thumb/v7e-m+fp/hard\libc_nano.a(lib_a-nano-freer.o)
 .ARM.attributes
                0x0000000000000771       0x34 c:/users/dekr0/.eclipse/com.st.stm32cube.ide.mcu.rcp.product_1.5.1_1901244409_win32_win32_x86_64/plugins/com.st.stm32cube.ide.mcu.externaltools.gnu-tools-for-stm32.9-2020-q2-update.win32_1.5.0.202011040924/tools/bin/../lib/gcc/arm-none-eabi/9.3.1/../../../../arm-none-eabi/lib/thumb/v7e-m+fp/hard\libc_nano.a(lib_a-nano-mallocr.o)
 .ARM.attributes
                0x00000000000007a5       0x34 c:/users/dekr0/.eclipse/com.st.stm32cube.ide.mcu.rcp.product_1.5.1_1901244409_win32_win32_x86_64/plugins/com.st.stm32cube.ide.mcu.externaltools.gnu-tools-for-stm32.9-2020-q2-update.win32_1.5.0.202011040924/tools/bin/../lib/gcc/arm-none-eabi/9.3.1/../../../../arm-none-eabi/lib/thumb/v7e-m+fp/hard\libc_nano.a(lib_a-nano-vfprintf.o)
 .ARM.attributes
                0x00000000000007d9       0x34 c:/users/dekr0/.eclipse/com.st.stm32cube.ide.mcu.rcp.product_1.5.1_1901244409_win32_win32_x86_64/plugins/com.st.stm32cube.ide.mcu.externaltools.gnu-tools-for-stm32.9-2020-q2-update.win32_1.5.0.202011040924/tools/bin/../lib/gcc/arm-none-eabi/9.3.1/../../../../arm-none-eabi/lib/thumb/v7e-m+fp/hard\libc_nano.a(lib_a-nano-vfprintf_i.o)
 .ARM.attributes
                0x000000000000080d       0x34 c:/users/dekr0/.eclipse/com.st.stm32cube.ide.mcu.rcp.product_1.5.1_1901244409_win32_win32_x86_64/plugins/com.st.stm32cube.ide.mcu.externaltools.gnu-tools-for-stm32.9-2020-q2-update.win32_1.5.0.202011040924/tools/bin/../lib/gcc/arm-none-eabi/9.3.1/../../../../arm-none-eabi/lib/thumb/v7e-m+fp/hard\libc_nano.a(lib_a-rget.o)
 .ARM.attributes
                0x0000000000000841       0x34 c:/users/dekr0/.eclipse/com.st.stm32cube.ide.mcu.rcp.product_1.5.1_1901244409_win32_win32_x86_64/plugins/com.st.stm32cube.ide.mcu.externaltools.gnu-tools-for-stm32.9-2020-q2-update.win32_1.5.0.202011040924/tools/bin/../lib/gcc/arm-none-eabi/9.3.1/../../../../arm-none-eabi/lib/thumb/v7e-m+fp/hard\libc_nano.a(lib_a-sbrkr.o)
 .ARM.attributes
                0x0000000000000875       0x34 c:/users/dekr0/.eclipse/com.st.stm32cube.ide.mcu.rcp.product_1.5.1_1901244409_win32_win32_x86_64/plugins/com.st.stm32cube.ide.mcu.externaltools.gnu-tools-for-stm32.9-2020-q2-update.win32_1.5.0.202011040924/tools/bin/../lib/gcc/arm-none-eabi/9.3.1/../../../../arm-none-eabi/lib/thumb/v7e-m+fp/hard\libc_nano.a(lib_a-stdio.o)
 .ARM.attributes
                0x00000000000008a9       0x34 c:/users/dekr0/.eclipse/com.st.stm32cube.ide.mcu.rcp.product_1.5.1_1901244409_win32_win32_x86_64/plugins/com.st.stm32cube.ide.mcu.externaltools.gnu-tools-for-stm32.9-2020-q2-update.win32_1.5.0.202011040924/tools/bin/../lib/gcc/arm-none-eabi/9.3.1/../../../../arm-none-eabi/lib/thumb/v7e-m+fp/hard\libc_nano.a(lib_a-writer.o)
 .ARM.attributes
                0x00000000000008dd       0x34 c:/users/dekr0/.eclipse/com.st.stm32cube.ide.mcu.rcp.product_1.5.1_1901244409_win32_win32_x86_64/plugins/com.st.stm32cube.ide.mcu.externaltools.gnu-tools-for-stm32.9-2020-q2-update.win32_1.5.0.202011040924/tools/bin/../lib/gcc/arm-none-eabi/9.3.1/../../../../arm-none-eabi/lib/thumb/v7e-m+fp/hard\libc_nano.a(lib_a-closer.o)
 .ARM.attributes
                0x0000000000000911       0x34 c:/users/dekr0/.eclipse/com.st.stm32cube.ide.mcu.rcp.product_1.5.1_1901244409_win32_win32_x86_64/plugins/com.st.stm32cube.ide.mcu.externaltools.gnu-tools-for-stm32.9-2020-q2-update.win32_1.5.0.202011040924/tools/bin/../lib/gcc/arm-none-eabi/9.3.1/../../../../arm-none-eabi/lib/thumb/v7e-m+fp/hard\libc_nano.a(lib_a-fstatr.o)
 .ARM.attributes
                0x0000000000000945       0x34 c:/users/dekr0/.eclipse/com.st.stm32cube.ide.mcu.rcp.product_1.5.1_1901244409_win32_win32_x86_64/plugins/com.st.stm32cube.ide.mcu.externaltools.gnu-tools-for-stm32.9-2020-q2-update.win32_1.5.0.202011040924/tools/bin/../lib/gcc/arm-none-eabi/9.3.1/../../../../arm-none-eabi/lib/thumb/v7e-m+fp/hard\libc_nano.a(lib_a-isattyr.o)
 .ARM.attributes
                0x0000000000000979       0x34 c:/users/dekr0/.eclipse/com.st.stm32cube.ide.mcu.rcp.product_1.5.1_1901244409_win32_win32_x86_64/plugins/com.st.stm32cube.ide.mcu.externaltools.gnu-tools-for-stm32.9-2020-q2-update.win32_1.5.0.202011040924/tools/bin/../lib/gcc/arm-none-eabi/9.3.1/../../../../arm-none-eabi/lib/thumb/v7e-m+fp/hard\libc_nano.a(lib_a-lseekr.o)
 .ARM.attributes
                0x00000000000009ad       0x1c c:/users/dekr0/.eclipse/com.st.stm32cube.ide.mcu.rcp.product_1.5.1_1901244409_win32_win32_x86_64/plugins/com.st.stm32cube.ide.mcu.externaltools.gnu-tools-for-stm32.9-2020-q2-update.win32_1.5.0.202011040924/tools/bin/../lib/gcc/arm-none-eabi/9.3.1/../../../../arm-none-eabi/lib/thumb/v7e-m+fp/hard\libc_nano.a(lib_a-memchr.o)
 .ARM.attributes
                0x00000000000009c9       0x34 c:/users/dekr0/.eclipse/com.st.stm32cube.ide.mcu.rcp.product_1.5.1_1901244409_win32_win32_x86_64/plugins/com.st.stm32cube.ide.mcu.externaltools.gnu-tools-for-stm32.9-2020-q2-update.win32_1.5.0.202011040924/tools/bin/../lib/gcc/arm-none-eabi/9.3.1/../../../../arm-none-eabi/lib/thumb/v7e-m+fp/hard\libc_nano.a(lib_a-mlock.o)
 .ARM.attributes
                0x00000000000009fd       0x34 c:/users/dekr0/.eclipse/com.st.stm32cube.ide.mcu.rcp.product_1.5.1_1901244409_win32_win32_x86_64/plugins/com.st.stm32cube.ide.mcu.externaltools.gnu-tools-for-stm32.9-2020-q2-update.win32_1.5.0.202011040924/tools/bin/../lib/gcc/arm-none-eabi/9.3.1/../../../../arm-none-eabi/lib/thumb/v7e-m+fp/hard\libc_nano.a(lib_a-readr.o)
 .ARM.attributes
                0x0000000000000a31       0x34 c:/users/dekr0/.eclipse/com.st.stm32cube.ide.mcu.rcp.product_1.5.1_1901244409_win32_win32_x86_64/plugins/com.st.stm32cube.ide.mcu.externaltools.gnu-tools-for-stm32.9-2020-q2-update.win32_1.5.0.202011040924/tools/bin/../lib/gcc/arm-none-eabi/9.3.1/../../../../arm-none-eabi/lib/thumb/v7e-m+fp/hard\libc_nano.a(lib_a-reent.o)
 .ARM.attributes
                0x0000000000000a65       0x34 c:/users/dekr0/.eclipse/com.st.stm32cube.ide.mcu.rcp.product_1.5.1_1901244409_win32_win32_x86_64/plugins/com.st.stm32cube.ide.mcu.externaltools.gnu-tools-for-stm32.9-2020-q2-update.win32_1.5.0.202011040924/tools/bin/../lib/gcc/arm-none-eabi/9.3.1/../../../../arm-none-eabi/lib/thumb/v7e-m+fp/hard\libc_nano.a(lib_a-refill.o)
 .ARM.attributes
                0x0000000000000a99       0x1e c:/users/dekr0/.eclipse/com.st.stm32cube.ide.mcu.rcp.product_1.5.1_1901244409_win32_win32_x86_64/plugins/com.st.stm32cube.ide.mcu.externaltools.gnu-tools-for-stm32.9-2020-q2-update.win32_1.5.0.202011040924/tools/bin/../lib/gcc/arm-none-eabi/9.3.1/thumb/v7e-m+fp/hard\libgcc.a(_aeabi_uldivmod.o)
 .ARM.attributes
                0x0000000000000ab7       0x34 c:/users/dekr0/.eclipse/com.st.stm32cube.ide.mcu.rcp.product_1.5.1_1901244409_win32_win32_x86_64/plugins/com.st.stm32cube.ide.mcu.externaltools.gnu-tools-for-stm32.9-2020-q2-update.win32_1.5.0.202011040924/tools/bin/../lib/gcc/arm-none-eabi/9.3.1/thumb/v7e-m+fp/hard\libgcc.a(_udivmoddi4.o)
 .ARM.attributes
                0x0000000000000aeb       0x1e c:/users/dekr0/.eclipse/com.st.stm32cube.ide.mcu.rcp.product_1.5.1_1901244409_win32_win32_x86_64/plugins/com.st.stm32cube.ide.mcu.externaltools.gnu-tools-for-stm32.9-2020-q2-update.win32_1.5.0.202011040924/tools/bin/../lib/gcc/arm-none-eabi/9.3.1/thumb/v7e-m+fp/hard\libgcc.a(_dvmd_tls.o)
 .ARM.attributes
                0x0000000000000b09       0x1e c:/users/dekr0/.eclipse/com.st.stm32cube.ide.mcu.rcp.product_1.5.1_1901244409_win32_win32_x86_64/plugins/com.st.stm32cube.ide.mcu.externaltools.gnu-tools-for-stm32.9-2020-q2-update.win32_1.5.0.202011040924/tools/bin/../lib/gcc/arm-none-eabi/9.3.1/thumb/v7e-m+fp/hard/crtn.o
OUTPUT(ECE212Lab2B.elf elf32-littlearm)
LOAD linker stubs
LOAD c:/users/dekr0/.eclipse/com.st.stm32cube.ide.mcu.rcp.product_1.5.1_1901244409_win32_win32_x86_64/plugins/com.st.stm32cube.ide.mcu.externaltools.gnu-tools-for-stm32.9-2020-q2-update.win32_1.5.0.202011040924/tools/bin/../lib/gcc/arm-none-eabi/9.3.1/../../../../arm-none-eabi/lib/thumb/v7e-m+fp/hard\libc.a
LOAD c:/users/dekr0/.eclipse/com.st.stm32cube.ide.mcu.rcp.product_1.5.1_1901244409_win32_win32_x86_64/plugins/com.st.stm32cube.ide.mcu.externaltools.gnu-tools-for-stm32.9-2020-q2-update.win32_1.5.0.202011040924/tools/bin/../lib/gcc/arm-none-eabi/9.3.1/../../../../arm-none-eabi/lib/thumb/v7e-m+fp/hard\libm.a
LOAD c:/users/dekr0/.eclipse/com.st.stm32cube.ide.mcu.rcp.product_1.5.1_1901244409_win32_win32_x86_64/plugins/com.st.stm32cube.ide.mcu.externaltools.gnu-tools-for-stm32.9-2020-q2-update.win32_1.5.0.202011040924/tools/bin/../lib/gcc/arm-none-eabi/9.3.1/thumb/v7e-m+fp/hard\libgcc.a

.debug_line     0x0000000000000000     0xbcdf
 .debug_line    0x0000000000000000       0x74 Core/Src/DataStorage6.o
 .debug_line    0x0000000000000074       0x7d Core/Src/Lab2b.o
 .debug_line    0x00000000000000f1       0x67 Core/Src/Lab2bTest.o
 .debug_line    0x0000000000000158       0x64 Core/Src/SetZeros.o
 .debug_line    0x00000000000001bc      0xbed Core/Src/main.o
 .debug_line    0x0000000000000da9      0xd3b Core/Src/retarget.o
 .debug_line    0x0000000000001ae4      0x8a5 Core/Src/stm32l4xx_hal_msp.o
 .debug_line    0x0000000000002389      0x90a Core/Src/stm32l4xx_it.o
 .debug_line    0x0000000000002c93      0x6ba Core/Src/sysmem.o
 .debug_line    0x000000000000334d      0x8f8 Core/Src/system_stm32l4xx.o
 .debug_line    0x0000000000003c45       0x87 Core/Startup/startup_stm32l432kcux.o
 .debug_line    0x0000000000003ccc      0xba4 Drivers/STM32L4xx_HAL_Driver/Src/stm32l4xx_hal.o
 .debug_line    0x0000000000004870      0xdde Drivers/STM32L4xx_HAL_Driver/Src/stm32l4xx_hal_cortex.o
 .debug_line    0x000000000000564e      0xc32 Drivers/STM32L4xx_HAL_Driver/Src/stm32l4xx_hal_gpio.o
 .debug_line    0x0000000000006280      0xa14 Drivers/STM32L4xx_HAL_Driver/Src/stm32l4xx_hal_pwr.o
 .debug_line    0x0000000000006c94      0xd2a Drivers/STM32L4xx_HAL_Driver/Src/stm32l4xx_hal_pwr_ex.o
 .debug_line    0x00000000000079be     0x10bd Drivers/STM32L4xx_HAL_Driver/Src/stm32l4xx_hal_rcc.o
 .debug_line    0x0000000000008a7b     0x1409 Drivers/STM32L4xx_HAL_Driver/Src/stm32l4xx_hal_rcc_ex.o
 .debug_line    0x0000000000009e84     0x1e5b Drivers/STM32L4xx_HAL_Driver/Src/stm32l4xx_hal_uart.o

.debug_info     0x0000000000000000     0xc641
 .debug_info    0x0000000000000000       0x26 Core/Src/DataStorage6.o
 .debug_info    0x0000000000000026       0x26 Core/Src/Lab2b.o
 .debug_info    0x000000000000004c       0x26 Core/Src/Lab2bTest.o
 .debug_info    0x0000000000000072       0x26 Core/Src/SetZeros.o
 .debug_info    0x0000000000000098     0x18e2 Core/Src/main.o
 .debug_info    0x000000000000197a     0x153e Core/Src/retarget.o
 .debug_info    0x0000000000002eb8      0xc8b Core/Src/stm32l4xx_hal_msp.o
 .debug_info    0x0000000000003b43      0x373 Core/Src/stm32l4xx_it.o
 .debug_info    0x0000000000003eb6      0xa25 Core/Src/sysmem.o
 .debug_info    0x00000000000048db      0x787 Core/Src/system_stm32l4xx.o
 .debug_info    0x0000000000005062       0x22 Core/Startup/startup_stm32l432kcux.o
 .debug_info    0x0000000000005084      0xb5e Drivers/STM32L4xx_HAL_Driver/Src/stm32l4xx_hal.o
 .debug_info    0x0000000000005be2      0xfb0 Drivers/STM32L4xx_HAL_Driver/Src/stm32l4xx_hal_cortex.o
 .debug_info    0x0000000000006b92      0xa5f Drivers/STM32L4xx_HAL_Driver/Src/stm32l4xx_hal_gpio.o
 .debug_info    0x00000000000075f1      0xb47 Drivers/STM32L4xx_HAL_Driver/Src/stm32l4xx_hal_pwr.o
 .debug_info    0x0000000000008138      0xb7b Drivers/STM32L4xx_HAL_Driver/Src/stm32l4xx_hal_pwr_ex.o
 .debug_info    0x0000000000008cb3      0xdb5 Drivers/STM32L4xx_HAL_Driver/Src/stm32l4xx_hal_rcc.o
 .debug_info    0x0000000000009a68     0x1108 Drivers/STM32L4xx_HAL_Driver/Src/stm32l4xx_hal_rcc_ex.o
 .debug_info    0x000000000000ab70     0x1ad1 Drivers/STM32L4xx_HAL_Driver/Src/stm32l4xx_hal_uart.o

.debug_abbrev   0x0000000000000000     0x1ccd
 .debug_abbrev  0x0000000000000000       0x14 Core/Src/DataStorage6.o
 .debug_abbrev  0x0000000000000014       0x14 Core/Src/Lab2b.o
 .debug_abbrev  0x0000000000000028       0x14 Core/Src/Lab2bTest.o
 .debug_abbrev  0x000000000000003c       0x14 Core/Src/SetZeros.o
 .debug_abbrev  0x0000000000000050      0x291 Core/Src/main.o
 .debug_abbrev  0x00000000000002e1      0x22f Core/Src/retarget.o
 .debug_abbrev  0x0000000000000510      0x1ac Core/Src/stm32l4xx_hal_msp.o
 .debug_abbrev  0x00000000000006bc       0xf2 Core/Src/stm32l4xx_it.o
 .debug_abbrev  0x00000000000007ae      0x1bf Core/Src/sysmem.o
 .debug_abbrev  0x000000000000096d      0x165 Core/Src/system_stm32l4xx.o
 .debug_abbrev  0x0000000000000ad2       0x12 Core/Startup/startup_stm32l432kcux.o
 .debug_abbrev  0x0000000000000ae4      0x20b Drivers/STM32L4xx_HAL_Driver/Src/stm32l4xx_hal.o
 .debug_abbrev  0x0000000000000cef      0x33c Drivers/STM32L4xx_HAL_Driver/Src/stm32l4xx_hal_cortex.o
 .debug_abbrev  0x000000000000102b      0x1e8 Drivers/STM32L4xx_HAL_Driver/Src/stm32l4xx_hal_gpio.o
 .debug_abbrev  0x0000000000001213      0x1ab Drivers/STM32L4xx_HAL_Driver/Src/stm32l4xx_hal_pwr.o
 .debug_abbrev  0x00000000000013be      0x1f3 Drivers/STM32L4xx_HAL_Driver/Src/stm32l4xx_hal_pwr_ex.o
 .debug_abbrev  0x00000000000015b1      0x275 Drivers/STM32L4xx_HAL_Driver/Src/stm32l4xx_hal_rcc.o
 .debug_abbrev  0x0000000000001826      0x268 Drivers/STM32L4xx_HAL_Driver/Src/stm32l4xx_hal_rcc_ex.o
 .debug_abbrev  0x0000000000001a8e      0x23f Drivers/STM32L4xx_HAL_Driver/Src/stm32l4xx_hal_uart.o

.debug_aranges  0x0000000000000000      0xa00
 .debug_aranges
                0x0000000000000000       0x20 Core/Src/DataStorage6.o
 .debug_aranges
                0x0000000000000020       0x20 Core/Src/Lab2b.o
 .debug_aranges
                0x0000000000000040       0x20 Core/Src/Lab2bTest.o
 .debug_aranges
                0x0000000000000060       0x20 Core/Src/SetZeros.o
 .debug_aranges
                0x0000000000000080       0x58 Core/Src/main.o
 .debug_aranges
                0x00000000000000d8       0x50 Core/Src/retarget.o
 .debug_aranges
                0x0000000000000128       0x30 Core/Src/stm32l4xx_hal_msp.o
 .debug_aranges
                0x0000000000000158       0x60 Core/Src/stm32l4xx_it.o
 .debug_aranges
                0x00000000000001b8       0x20 Core/Src/sysmem.o
 .debug_aranges
                0x00000000000001d8       0x28 Core/Src/system_stm32l4xx.o
 .debug_aranges
                0x0000000000000200       0x28 Core/Startup/startup_stm32l432kcux.o
 .debug_aranges
                0x0000000000000228      0x108 Drivers/STM32L4xx_HAL_Driver/Src/stm32l4xx_hal.o
 .debug_aranges
                0x0000000000000330      0x118 Drivers/STM32L4xx_HAL_Driver/Src/stm32l4xx_hal_cortex.o
 .debug_aranges
                0x0000000000000448       0x58 Drivers/STM32L4xx_HAL_Driver/Src/stm32l4xx_hal_gpio.o
 .debug_aranges
                0x00000000000004a0       0x98 Drivers/STM32L4xx_HAL_Driver/Src/stm32l4xx_hal_pwr.o
 .debug_aranges
                0x0000000000000538      0x128 Drivers/STM32L4xx_HAL_Driver/Src/stm32l4xx_hal_pwr_ex.o
 .debug_aranges
                0x0000000000000660       0x88 Drivers/STM32L4xx_HAL_Driver/Src/stm32l4xx_hal_rcc.o
 .debug_aranges
                0x00000000000006e8       0xf0 Drivers/STM32L4xx_HAL_Driver/Src/stm32l4xx_hal_rcc_ex.o
 .debug_aranges
                0x00000000000007d8      0x228 Drivers/STM32L4xx_HAL_Driver/Src/stm32l4xx_hal_uart.o

.debug_str      0x0000000000000000    0xc253a
 .debug_str     0x0000000000000000       0x59 Core/Src/DataStorage6.o
 .debug_str     0x0000000000000059       0x14 Core/Src/Lab2b.o
                                         0x52 (size before relaxing)
 .debug_str     0x000000000000006d       0x18 Core/Src/Lab2bTest.o
                                         0x56 (size before relaxing)
 .debug_str     0x0000000000000085       0x17 Core/Src/SetZeros.o
                                         0x55 (size before relaxing)
 .debug_str     0x000000000000009c    0xbe688 Core/Src/main.o
                                      0xbea90 (size before relaxing)
 .debug_str     0x00000000000be724     0x155d Core/Src/retarget.o
                                      0xbfa83 (size before relaxing)
 .debug_str     0x00000000000bfc81       0x50 Core/Src/stm32l4xx_hal_msp.o
                                      0xba0eb (size before relaxing)
 .debug_str     0x00000000000bfcd1       0xbd Core/Src/stm32l4xx_it.o
                                      0xb9bda (size before relaxing)
 .debug_str     0x00000000000bfd8e       0x6b Core/Src/sysmem.o
                                       0x6295 (size before relaxing)
 .debug_str     0x00000000000bfdf9       0xb8 Core/Src/system_stm32l4xx.o
                                      0xb9c16 (size before relaxing)
 .debug_str     0x00000000000bfeb1       0x28 Core/Startup/startup_stm32l432kcux.o
                                         0x66 (size before relaxing)
 .debug_str     0x00000000000bfed9      0x84e Drivers/STM32L4xx_HAL_Driver/Src/stm32l4xx_hal.o
                                      0xba50f (size before relaxing)
 .debug_str     0x00000000000c0727      0x389 Drivers/STM32L4xx_HAL_Driver/Src/stm32l4xx_hal_cortex.o
                                      0xba36c (size before relaxing)
 .debug_str     0x00000000000c0ab0      0x236 Drivers/STM32L4xx_HAL_Driver/Src/stm32l4xx_hal_gpio.o
                                      0xb9eab (size before relaxing)
 .debug_str     0x00000000000c0ce6      0x2d9 Drivers/STM32L4xx_HAL_Driver/Src/stm32l4xx_hal_pwr.o
                                      0xb9f27 (size before relaxing)
 .debug_str     0x00000000000c0fbf      0x3fc Drivers/STM32L4xx_HAL_Driver/Src/stm32l4xx_hal_pwr_ex.o
                                      0xba0d4 (size before relaxing)
 .debug_str     0x00000000000c13bb      0x395 Drivers/STM32L4xx_HAL_Driver/Src/stm32l4xx_hal_rcc.o
                                      0xba1ad (size before relaxing)
 .debug_str     0x00000000000c1750      0x531 Drivers/STM32L4xx_HAL_Driver/Src/stm32l4xx_hal_rcc_ex.o
                                      0xba425 (size before relaxing)
 .debug_str     0x00000000000c1c81      0x8b9 Drivers/STM32L4xx_HAL_Driver/Src/stm32l4xx_hal_uart.o
                                      0xba875 (size before relaxing)

.debug_ranges   0x0000000000000000      0x8c8
 .debug_ranges  0x0000000000000000       0x48 Core/Src/main.o
 .debug_ranges  0x0000000000000048       0x40 Core/Src/retarget.o
 .debug_ranges  0x0000000000000088       0x20 Core/Src/stm32l4xx_hal_msp.o
 .debug_ranges  0x00000000000000a8       0x50 Core/Src/stm32l4xx_it.o
 .debug_ranges  0x00000000000000f8       0x10 Core/Src/sysmem.o
 .debug_ranges  0x0000000000000108       0x18 Core/Src/system_stm32l4xx.o
 .debug_ranges  0x0000000000000120       0x20 Core/Startup/startup_stm32l432kcux.o
 .debug_ranges  0x0000000000000140       0xf8 Drivers/STM32L4xx_HAL_Driver/Src/stm32l4xx_hal.o
 .debug_ranges  0x0000000000000238      0x108 Drivers/STM32L4xx_HAL_Driver/Src/stm32l4xx_hal_cortex.o
 .debug_ranges  0x0000000000000340       0x48 Drivers/STM32L4xx_HAL_Driver/Src/stm32l4xx_hal_gpio.o
 .debug_ranges  0x0000000000000388       0x88 Drivers/STM32L4xx_HAL_Driver/Src/stm32l4xx_hal_pwr.o
 .debug_ranges  0x0000000000000410      0x118 Drivers/STM32L4xx_HAL_Driver/Src/stm32l4xx_hal_pwr_ex.o
 .debug_ranges  0x0000000000000528       0x78 Drivers/STM32L4xx_HAL_Driver/Src/stm32l4xx_hal_rcc.o
 .debug_ranges  0x00000000000005a0       0xe0 Drivers/STM32L4xx_HAL_Driver/Src/stm32l4xx_hal_rcc_ex.o
 .debug_ranges  0x0000000000000680      0x248 Drivers/STM32L4xx_HAL_Driver/Src/stm32l4xx_hal_uart.o

.debug_macro    0x0000000000000000    0x21147
 .debug_macro   0x0000000000000000      0x37b Core/Src/main.o
 .debug_macro   0x000000000000037b      0xaa8 Core/Src/main.o
 .debug_macro   0x0000000000000e23      0x1a7 Core/Src/main.o
 .debug_macro   0x0000000000000fca       0x2e Core/Src/main.o
 .debug_macro   0x0000000000000ff8       0x28 Core/Src/main.o
 .debug_macro   0x0000000000001020       0x22 Core/Src/main.o
 .debug_macro   0x0000000000001042       0x8e Core/Src/main.o
 .debug_macro   0x00000000000010d0       0x51 Core/Src/main.o
 .debug_macro   0x0000000000001121      0x103 Core/Src/main.o
 .debug_macro   0x0000000000001224       0x6a Core/Src/main.o
 .debug_macro   0x000000000000128e      0x1df Core/Src/main.o
 .debug_macro   0x000000000000146d       0x1c Core/Src/main.o
 .debug_macro   0x0000000000001489       0x22 Core/Src/main.o
 .debug_macro   0x00000000000014ab      0x101 Core/Src/main.o
 .debug_macro   0x00000000000015ac     0x1011 Core/Src/main.o