13:55:31 **** Build of project Lab3_bsp ****
make -k all 
"Running Make include in ps7_cortexa9_0/libsrc/coresightps_dcc_v1_5/src"
D:/Xilinx/SDK/2019.1/gnuwin/bin/make -C ps7_cortexa9_0/libsrc/coresightps_dcc_v1_5/src -s include  "SHELL=CMD" "COMPILER=arm-none-eabi-gcc" "ARCHIVER=arm-none-eabi-ar" "COMPILER_FLAGS=  -O2 -c" "EXTRA_COMPILER_FLAGS=-mcpu=cortex-a9 -mfpu=vfpv3 -mfloat-abi=hard -nostartfiles -g -Wall -Wextra"
"Running Make include in ps7_cortexa9_0/libsrc/cpu_cortexa9_v2_7/src"
D:/Xilinx/SDK/2019.1/gnuwin/bin/make -C ps7_cortexa9_0/libsrc/cpu_cortexa9_v2_7/src -s include  "SHELL=CMD" "COMPILER=arm-none-eabi-gcc" "ARCHIVER=arm-none-eabi-ar" "COMPILER_FLAGS=  -O2 -c" "EXTRA_COMPILER_FLAGS=-mcpu=cortex-a9 -mfpu=vfpv3 -mfloat-abi=hard -nostartfiles -g -Wall -Wextra"
"Running Make include in ps7_cortexa9_0/libsrc/ddrps_v1_0/src"
D:/Xilinx/SDK/2019.1/gnuwin/bin/make -C ps7_cortexa9_0/libsrc/ddrps_v1_0/src -s include  "SHELL=CMD" "COMPILER=arm-none-eabi-gcc" "ARCHIVER=arm-none-eabi-ar" "COMPILER_FLAGS=  -O2 -c" "EXTRA_COMPILER_FLAGS=-mcpu=cortex-a9 -mfpu=vfpv3 -mfloat-abi=hard -nostartfiles -g -Wall -Wextra"
"Running Make include in ps7_cortexa9_0/libsrc/devcfg_v3_5/src"
D:/Xilinx/SDK/2019.1/gnuwin/bin/make -C ps7_cortexa9_0/libsrc/devcfg_v3_5/src -s include  "SHELL=CMD" "COMPILER=arm-none-eabi-gcc" "ARCHIVER=arm-none-eabi-ar" "COMPILER_FLAGS=  -O2 -c" "EXTRA_COMPILER_FLAGS=-mcpu=cortex-a9 -mfpu=vfpv3 -mfloat-abi=hard -nostartfiles -g -Wall -Wextra"
"Running Make include in ps7_cortexa9_0/libsrc/dmaps_v2_4/src"
D:/Xilinx/SDK/2019.1/gnuwin/bin/make -C ps7_cortexa9_0/libsrc/dmaps_v2_4/src -s include  "SHELL=CMD" "COMPILER=arm-none-eabi-gcc" "ARCHIVER=arm-none-eabi-ar" "COMPILER_FLAGS=  -O2 -c" "EXTRA_COMPILER_FLAGS=-mcpu=cortex-a9 -mfpu=vfpv3 -mfloat-abi=hard -nostartfiles -g -Wall -Wextra"
"Running Make include in ps7_cortexa9_0/libsrc/freertos10_xilinx_v1_3/src"
D:/Xilinx/SDK/2019.1/gnuwin/bin/make -C ps7_cortexa9_0/libsrc/freertos10_xilinx_v1_3/src -s include  "SHELL=CMD" "COMPILER=arm-none-eabi-gcc" "ARCHIVER=arm-none-eabi-ar" "COMPILER_FLAGS=  -O2 -c" "EXTRA_COMPILER_FLAGS=-mcpu=cortex-a9 -mfpu=vfpv3 -mfloat-abi=hard -nostartfiles -g -Wall -Wextra"
"include"
"Running Make include in ps7_cortexa9_0/libsrc/scugic_v4_0/src"
D:/Xilinx/SDK/2019.1/gnuwin/bin/make -C ps7_cortexa9_0/libsrc/scugic_v4_0/src -s include  "SHELL=CMD" "COMPILER=arm-none-eabi-gcc" "ARCHIVER=arm-none-eabi-ar" "COMPILER_FLAGS=  -O2 -c" "EXTRA_COMPILER_FLAGS=-mcpu=cortex-a9 -mfpu=vfpv3 -mfloat-abi=hard -nostartfiles -g -Wall -Wextra"
"Running Make include in ps7_cortexa9_0/libsrc/scutimer_v2_1/src"
D:/Xilinx/SDK/2019.1/gnuwin/bin/make -C ps7_cortexa9_0/libsrc/scutimer_v2_1/src -s include  "SHELL=CMD" "COMPILER=arm-none-eabi-gcc" "ARCHIVER=arm-none-eabi-ar" "COMPILER_FLAGS=  -O2 -c" "EXTRA_COMPILER_FLAGS=-mcpu=cortex-a9 -mfpu=vfpv3 -mfloat-abi=hard -nostartfiles -g -Wall -Wextra"
"Running Make include in ps7_cortexa9_0/libsrc/scuwdt_v2_1/src"
D:/Xilinx/SDK/2019.1/gnuwin/bin/make -C ps7_cortexa9_0/libsrc/scuwdt_v2_1/src -s include  "SHELL=CMD" "COMPILER=arm-none-eabi-gcc" "ARCHIVER=arm-none-eabi-ar" "COMPILER_FLAGS=  -O2 -c" "EXTRA_COMPILER_FLAGS=-mcpu=cortex-a9 -mfpu=vfpv3 -mfloat-abi=hard -nostartfiles -g -Wall -Wextra"
"Running Make include in ps7_cortexa9_0/libsrc/spips_v3_2/src"
D:/Xilinx/SDK/2019.1/gnuwin/bin/make -C ps7_cortexa9_0/libsrc/spips_v3_2/src -s include  "SHELL=CMD" "COMPILER=arm-none-eabi-gcc" "ARCHIVER=arm-none-eabi-ar" "COMPILER_FLAGS=  -O2 -c" "EXTRA_COMPILER_FLAGS=-mcpu=cortex-a9 -mfpu=vfpv3 -mfloat-abi=hard -nostartfiles -g -Wall -Wextra"
"Running Make include in ps7_cortexa9_0/libsrc/uartps_v3_7/src"
D:/Xilinx/SDK/2019.1/gnuwin/bin/make -C ps7_cortexa9_0/libsrc/uartps_v3_7/src -s include  "SHELL=CMD" "COMPILER=arm-none-eabi-gcc" "ARCHIVER=arm-none-eabi-ar" "COMPILER_FLAGS=  -O2 -c" "EXTRA_COMPILER_FLAGS=-mcpu=cortex-a9 -mfpu=vfpv3 -mfloat-abi=hard -nostartfiles -g -Wall -Wextra"
"Running Make include in ps7_cortexa9_0/libsrc/xadcps_v2_3/src"
D:/Xilinx/SDK/2019.1/gnuwin/bin/make -C ps7_cortexa9_0/libsrc/xadcps_v2_3/src -s include  "SHELL=CMD" "COMPILER=arm-none-eabi-gcc" "ARCHIVER=arm-none-eabi-ar" "COMPILER_FLAGS=  -O2 -c" "EXTRA_COMPILER_FLAGS=-mcpu=cortex-a9 -mfpu=vfpv3 -mfloat-abi=hard -nostartfiles -g -Wall -Wextra"
"Running Make libs in ps7_cortexa9_0/libsrc/coresightps_dcc_v1_5/src"
D:/Xilinx/SDK/2019.1/gnuwin/bin/make -C ps7_cortexa9_0/libsrc/coresightps_dcc_v1_5/src -s libs  "SHELL=CMD" "COMPILER=arm-none-eabi-gcc" "ARCHIVER=arm-none-eabi-ar" "COMPILER_FLAGS=  -O2 -c" "EXTRA_COMPILER_FLAGS=-mcpu=cortex-a9 -mfpu=vfpv3 -mfloat-abi=hard -nostartfiles -g -Wall -Wextra"
"Compiling coresightps_dcc"
arm-none-eabi-ar: creating ../../../lib/libxil.a
"Running Make libs in ps7_cortexa9_0/libsrc/cpu_cortexa9_v2_7/src"
D:/Xilinx/SDK/2019.1/gnuwin/bin/make -C ps7_cortexa9_0/libsrc/cpu_cortexa9_v2_7/src -s libs  "SHELL=CMD" "COMPILER=arm-none-eabi-gcc" "ARCHIVER=arm-none-eabi-ar" "COMPILER_FLAGS=  -O2 -c" "EXTRA_COMPILER_FLAGS=-mcpu=cortex-a9 -mfpu=vfpv3 -mfloat-abi=hard -nostartfiles -g -Wall -Wextra"
"Compiling cpu_cortexa9"
"Running Make libs in ps7_cortexa9_0/libsrc/ddrps_v1_0/src"
D:/Xilinx/SDK/2019.1/gnuwin/bin/make -C ps7_cortexa9_0/libsrc/ddrps_v1_0/src -s libs  "SHELL=CMD" "COMPILER=arm-none-eabi-gcc" "ARCHIVER=arm-none-eabi-ar" "COMPILER_FLAGS=  -O2 -c" "EXTRA_COMPILER_FLAGS=-mcpu=cortex-a9 -mfpu=vfpv3 -mfloat-abi=hard -nostartfiles -g -Wall -Wextra"
"Compiling ddrps"
"Running Make libs in ps7_cortexa9_0/libsrc/devcfg_v3_5/src"
D:/Xilinx/SDK/2019.1/gnuwin/bin/make -C ps7_cortexa9_0/libsrc/devcfg_v3_5/src -s libs  "SHELL=CMD" "COMPILER=arm-none-eabi-gcc" "ARCHIVER=arm-none-eabi-ar" "COMPILER_FLAGS=  -O2 -c" "EXTRA_COMPILER_FLAGS=-mcpu=cortex-a9 -mfpu=vfpv3 -mfloat-abi=hard -nostartfiles -g -Wall -Wextra"
"Compiling devcfg"
"Running Make libs in ps7_cortexa9_0/libsrc/dmaps_v2_4/src"
D:/Xilinx/SDK/2019.1/gnuwin/bin/make -C ps7_cortexa9_0/libsrc/dmaps_v2_4/src -s libs  "SHELL=CMD" "COMPILER=arm-none-eabi-gcc" "ARCHIVER=arm-none-eabi-ar" "COMPILER_FLAGS=  -O2 -c" "EXTRA_COMPILER_FLAGS=-mcpu=cortex-a9 -mfpu=vfpv3 -mfloat-abi=hard -nostartfiles -g -Wall -Wextra"
"Compiling dmaps"
"Running Make libs in ps7_cortexa9_0/libsrc/freertos10_xilinx_v1_3/src"
D:/Xilinx/SDK/2019.1/gnuwin/bin/make -C ps7_cortexa9_0/libsrc/freertos10_xilinx_v1_3/src -s libs  "SHELL=CMD" "COMPILER=arm-none-eabi-gcc" "ARCHIVER=arm-none-eabi-ar" "COMPILER_FLAGS=  -O2 -c" "EXTRA_COMPILER_FLAGS=-mcpu=cortex-a9 -mfpu=vfpv3 -mfloat-abi=hard -nostartfiles -g -Wall -Wextra"
"Compiling standalone"
"Compiling FreeRTOS"
arm-none-eabi-ar: creating ../../../lib/libfreertos.a
"Running Make libs in ps7_cortexa9_0/libsrc/scugic_v4_0/src"
D:/Xilinx/SDK/2019.1/gnuwin/bin/make -C ps7_cortexa9_0/libsrc/scugic_v4_0/src -s libs  "SHELL=CMD" "COMPILER=arm-none-eabi-gcc" "ARCHIVER=arm-none-eabi-ar" "COMPILER_FLAGS=  -O2 -c" "EXTRA_COMPILER_FLAGS=-mcpu=cortex-a9 -mfpu=vfpv3 -mfloat-abi=hard -nostartfiles -g -Wall -Wextra"
"Compiling scugic"
"Running Make libs in ps7_cortexa9_0/libsrc/scutimer_v2_1/src"
D:/Xilinx/SDK/2019.1/gnuwin/bin/make -C ps7_cortexa9_0/libsrc/scutimer_v2_1/src -s libs  "SHELL=CMD" "COMPILER=arm-none-eabi-gcc" "ARCHIVER=arm-none-eabi-ar" "COMPILER_FLAGS=  -O2 -c" "EXTRA_COMPILER_FLAGS=-mcpu=cortex-a9 -mfpu=vfpv3 -mfloat-abi=hard -nostartfiles -g -Wall -Wextra"
"Compiling scutimer"
"Running Make libs in ps7_cortexa9_0/libsrc/scuwdt_v2_1/src"
D:/Xilinx/SDK/2019.1/gnuwin/bin/make -C ps7_cortexa9_0/libsrc/scuwdt_v2_1/src -s libs  "SHELL=CMD" "COMPILER=arm-none-eabi-gcc" "ARCHIVER=arm-none-eabi-ar" "COMPILER_FLAGS=  -O2 -c" "EXTRA_COMPILER_FLAGS=-mcpu=cortex-a9 -mfpu=vfpv3 -mfloat-abi=hard -nostartfiles -g -Wall -Wextra"
"Compiling scuwdt"
"Running Make libs in ps7_cortexa9_0/libsrc/spips_v3_2/src"
D:/Xilinx/SDK/2019.1/gnuwin/bin/make -C ps7_cortexa9_0/libsrc/spips_v3_2/src -s libs  "SHELL=CMD" "COMPILER=arm-none-eabi-gcc" "ARCHIVER=arm-none-eabi-ar" "COMPILER_FLAGS=  -O2 -c" "EXTRA_COMPILER_FLAGS=-mcpu=cortex-a9 -mfpu=vfpv3 -mfloat-abi=hard -nostartfiles -g -Wall -Wextra"
"Compiling spips"
"Running Make libs in ps7_cortexa9_0/libsrc/uartps_v3_7/src"
D:/Xilinx/SDK/2019.1/gnuwin/bin/make -C ps7_cortexa9_0/libsrc/uartps_v3_7/src -s libs  "SHELL=CMD" "COMPILER=arm-none-eabi-gcc" "ARCHIVER=arm-none-eabi-ar" "COMPILER_FLAGS=  -O2 -c" "EXTRA_COMPILER_FLAGS=-mcpu=cortex-a9 -mfpu=vfpv3 -mfloat-abi=hard -nostartfiles -g -Wall -Wextra"
"Compiling uartps"
"Running Make libs in ps7_cortexa9_0/libsrc/xadcps_v2_3/src"
D:/Xilinx/SDK/2019.1/gnuwin/bin/make -C ps7_cortexa9_0/libsrc/xadcps_v2_3/src -s libs  "SHELL=CMD" "COMPILER=arm-none-eabi-gcc" "ARCHIVER=arm-none-eabi-ar" "COMPILER_FLAGS=  -O2 -c" "EXTRA_COMPILER_FLAGS=-mcpu=cortex-a9 -mfpu=vfpv3 -mfloat-abi=hard -nostartfiles -g -Wall -Wextra"
"Compiling xadcps"
'Finished building libraries'
13:55:43 **** Build of configuration Debug for project Lab3 ****
make pre-build main-build 
a9-linaro-pre-build-step
 
Building file: ../src/freertos_hello_world.c
Invoking: ARM v7 gcc compiler
arm-none-eabi-gcc -Wall -O0 -g3 -c -fmessage-length=0 -MT"src/freertos_hello_world.o" -mcpu=cortex-a9 -mfpu=vfpv3 -mfloat-abi=hard -I../../Lab3_bsp/ps7_cortexa9_0/include -MMD -MP -MF"src/freertos_hello_world.d" -MT"src/freertos_hello_world.o" -o "src/freertos_hello_world.o" "../src/freertos_hello_world.c"
Finished building: ../src/freertos_hello_world.c
 
Building target: Lab3.elf
Invoking: ARM v7 gcc linker
arm-none-eabi-gcc -mcpu=cortex-a9 -mfpu=vfpv3 -mfloat-abi=hard -Wl,-build-id=none -specs=Xilinx.spec -Wl,-T -Wl,../src/lscript.ld -L../../Lab3_bsp/ps7_cortexa9_0/lib -o "Lab3.elf"  ./src/freertos_hello_world.o   -Wl,--start-group,-lxil,-lfreertos,-lgcc,-lc,--end-group
Finished building target: Lab3.elf
 
Invoking: ARM v7 Print Size
arm-none-eabi-size Lab3.elf  |tee "Lab3.elf.size"
   text	   data	    bss	    dec	    hex	filename
  77708	   3388	  89424	 170520	  29a18	Lab3.elf
Finished building: Lab3.elf.size
 
13:55:45 **** Auto Build of configuration Debug for project Lab3 ****
make pre-build main-build 
a9-linaro-pre-build-step
 
make: Nothing to be done for 'main-build'.
13:56:01 **** Clean-only build of configuration Debug for project Lab3 ****
make clean 
rm -rf  ./src/freertos_hello_world.o  ./src/freertos_hello_world.d  Lab3.elf.size  Lab3.elf
 

****  of configuration Debug for project Lab3 ****

Nothing to build for project Lab3
13:56:27 **** Clean-only build of configuration Debug for project Lab3 ****
make clean 
rm -rf  ./src/freertos_hello_world.o  ./src/freertos_hello_world.d  Lab3.elf.size  Lab3.elf
 
13:56:27 **** Auto Build of configuration Debug for project Lab3 ****
make pre-build main-build 
a9-linaro-pre-build-step
 
Building file: ../src/initialization.c
Invoking: ARM v7 gcc compiler
arm-none-eabi-gcc -Wall -O0 -g3 -c -fmessage-length=0 -MT"src/initialization.o" -mcpu=cortex-a9 -mfpu=vfpv3 -mfloat-abi=hard -I../../Lab3_bsp/ps7_cortexa9_0/include -MMD -MP -MF"src/initialization.d" -MT"src/initialization.o" -o "src/initialization.o" "../src/initialization.c"
../src/initialization.c: In function 'SpiMasterRead':
../src/initialization.c:172:6: warning: unused variable 'StatusReg' [-Wunused-variable]
  u32 StatusReg;
      ^~~~~~~~~
../src/initialization.c:180:1: warning: control reaches end of non-void function [-Wreturn-type]
 }
 ^
Finished building: ../src/initialization.c
 
Building file: ../src/spi_lab3_main.c
Invoking: ARM v7 gcc compiler
arm-none-eabi-gcc -Wall -O0 -g3 -c -fmessage-length=0 -MT"src/spi_lab3_main.o" -mcpu=cortex-a9 -mfpu=vfpv3 -mfloat-abi=hard -I../../Lab3_bsp/ps7_cortexa9_0/include -MMD -MP -MF"src/spi_lab3_main.d" -MT"src/spi_lab3_main.o" -o "src/spi_lab3_main.o" "../src/spi_lab3_main.c"
In file included from ../src/spi_lab3_main.c:66:
../src/initialization.h:52: warning: "configGENERATE_RUN_TIME_STATS" redefined
 #define configGENERATE_RUN_TIME_STATS 1
 
In file included from ../../Lab3_bsp/ps7_cortexa9_0/include/FreeRTOS.h:56,
                 from ../src/spi_lab3_main.c:51:
../../Lab3_bsp/ps7_cortexa9_0/include/FreeRTOSConfig.h:109: note: this is the location of the previous definition
 #define configGENERATE_RUN_TIME_STATS 0
 
../src/spi_lab3_main.c: In function 'TaskUartManager':
../src/spi_lab3_main.c:181:7: warning: unused variable 'dummy' [-Wunused-variable]
    u8 dummy = DOLLAR;     // dummy char to send to the slave as a control character
       ^~~~~
../src/spi_lab3_main.c: In function 'TaskSpi0Master':
../src/spi_lab3_main.c:244:5: warning: unused variable 'send_buffer' [-Wunused-variable]
  u8 send_buffer[1];
     ^~~~~~~~~~~
../src/spi_lab3_main.c:242:5: warning: unused variable 'send_SPI_data_via_FIFO2' [-Wunused-variable]
  u8 send_SPI_data_via_FIFO2;
     ^~~~~~~~~~~~~~~~~~~~~~~
../src/spi_lab3_main.c: In function 'TaskSpi1Slave':
../src/spi_lab3_main.c:279:7: warning: unused variable 'buffer' [-Wunused-variable]
  char buffer[48];
       ^~~~~~
../src/spi_lab3_main.c:278:6: warning: unused variable 'num_received' [-Wunused-variable]
  int num_received = 0;
      ^~~~~~~~~~~~
../src/spi_lab3_main.c:277:5: warning: unused variable 'temp_store' [-Wunused-variable]
  u8 temp_store;
     ^~~~~~~~~~
../src/spi_lab3_main.c:276:6: warning: unused variable 'end_sequence_flag' [-Wunused-variable]
  u32 end_sequence_flag=0;
      ^~~~~~~~~~~~~~~~~
Finished building: ../src/spi_lab3_main.c
 
Building target: Lab3.elf
Invoking: ARM v7 gcc linker
arm-none-eabi-gcc -mcpu=cortex-a9 -mfpu=vfpv3 -mfloat-abi=hard -Wl,-build-id=none -specs=Xilinx.spec -Wl,-T -Wl,../src/lscript.ld -L../../Lab3_bsp/ps7_cortexa9_0/lib -o "Lab3.elf"  ./src/initialization.o ./src/spi_lab3_main.o   -Wl,--start-group,-lxil,-lfreertos,-lgcc,-lc,--end-group
Finished building target: Lab3.elf
 
Invoking: ARM v7 Print Size
arm-none-eabi-size Lab3.elf  |tee "Lab3.elf.size"
   text	   data	    bss	    dec	    hex	filename
  89548	   3416	  89648	 182612	  2c954	Lab3.elf
Finished building: Lab3.elf.size
 
18:14:58 **** Incremental Build of configuration Debug for project Lab3 ****
make pre-build main-build 
a9-linaro-pre-build-step
 
make: Nothing to be done for 'main-build'.
18:32:53 **** Incremental Build of configuration Debug for project Lab3 ****
make pre-build main-build 
a9-linaro-pre-build-step
 
make: Nothing to be done for 'main-build'.
18:33:45 **** Incremental Build of configuration Debug for project Lab3 ****
make pre-build main-build 
a9-linaro-pre-build-step
 
make: Nothing to be done for 'main-build'.
18:38:20 **** Incremental Build of configuration Debug for project Lab3 ****
make pre-build main-build 
a9-linaro-pre-build-step
 
make: Nothing to be done for 'main-build'.
18:45:05 **** Incremental Build of configuration Debug for project Lab3 ****
make pre-build main-build 
a9-linaro-pre-build-step
 
make: Nothing to be done for 'main-build'.
18:45:52 **** Incremental Build of configuration Debug for project Lab3 ****
make pre-build main-build 
a9-linaro-pre-build-step
 
make: Nothing to be done for 'main-build'.
18:46:22 **** Incremental Build of configuration Debug for project Lab3 ****
make pre-build main-build 
a9-linaro-pre-build-step
 
make: Nothing to be done for 'main-build'.
18:48:07 **** Incremental Build of configuration Debug for project Lab3 ****
make pre-build main-build 
a9-linaro-pre-build-step
 
make: Nothing to be done for 'main-build'.
18:48:46 **** Incremental Build of configuration Debug for project Lab3 ****
make pre-build main-build 
a9-linaro-pre-build-step
 
make: Nothing to be done for 'main-build'.
18:49:55 **** Incremental Build of configuration Debug for project Lab3 ****
make pre-build main-build 
a9-linaro-pre-build-step
 
make: Nothing to be done for 'main-build'.
18:53:36 **** Incremental Build of configuration Debug for project Lab3 ****
make pre-build main-build 
a9-linaro-pre-build-step
 
make: Nothing to be done for 'main-build'.
18:54:43 **** Incremental Build of configuration Debug for project Lab3 ****
make pre-build main-build 
a9-linaro-pre-build-step
 
make: Nothing to be done for 'main-build'.
18:59:35 **** Incremental Build of configuration Debug for project Lab3 ****
make pre-build main-build 
a9-linaro-pre-build-step
 
make: Nothing to be done for 'main-build'.
19:03:41 **** Incremental Build of configuration Debug for project Lab3 ****
make pre-build main-build 
a9-linaro-pre-build-step
 
make: Nothing to be done for 'main-build'.
19:03:50 **** Incremental Build of configuration Debug for project Lab3 ****
make pre-build main-build 
a9-linaro-pre-build-step
 
make: Nothing to be done for 'main-build'.
19:04:08 **** Incremental Build of configuration Debug for project Lab3 ****
make pre-build main-build 
a9-linaro-pre-build-step
 
make: Nothing to be done for 'main-build'.
19:04:50 **** Incremental Build of configuration Debug for project Lab3 ****
make pre-build main-build 
a9-linaro-pre-build-step
 
make: Nothing to be done for 'main-build'.
19:12:03 **** Auto Build of configuration Debug for project Lab3 ****
make pre-build main-build 
a9-linaro-pre-build-step
 
Building file: ../src/spi_lab3_main.c
Invoking: ARM v7 gcc compiler
arm-none-eabi-gcc -Wall -O0 -g3 -c -fmessage-length=0 -MT"src/spi_lab3_main.o" -mcpu=cortex-a9 -mfpu=vfpv3 -mfloat-abi=hard -I../../Lab3_bsp/ps7_cortexa9_0/include -MMD -MP -MF"src/spi_lab3_main.d" -MT"src/spi_lab3_main.o" -o "src/spi_lab3_main.o" "../src/spi_lab3_main.c"
In file included from ../src/spi_lab3_main.c:66:
../src/initialization.h:52: warning: "configGENERATE_RUN_TIME_STATS" redefined
 #define configGENERATE_RUN_TIME_STATS 1
 
In file included from ../../Lab3_bsp/ps7_cortexa9_0/include/FreeRTOS.h:56,
                 from ../src/spi_lab3_main.c:51:
../../Lab3_bsp/ps7_cortexa9_0/include/FreeRTOSConfig.h:109: note: this is the location of the previous definition
 #define configGENERATE_RUN_TIME_STATS 0
 
../src/spi_lab3_main.c: In function 'TaskUartManager':
../src/spi_lab3_main.c:181:7: warning: unused variable 'dummy' [-Wunused-variable]
    u8 dummy = DOLLAR;     // dummy char to send to the slave as a control character
       ^~~~~
../src/spi_lab3_main.c: In function 'TaskSpi0Master':
../src/spi_lab3_main.c:243:5: warning: unused variable 'send_buffer' [-Wunused-variable]
  u8 send_buffer[1];
     ^~~~~~~~~~~
../src/spi_lab3_main.c:241:5: warning: unused variable 'send_SPI_data_via_FIFO2' [-Wunused-variable]
  u8 send_SPI_data_via_FIFO2;
     ^~~~~~~~~~~~~~~~~~~~~~~
../src/spi_lab3_main.c: In function 'TaskSpi1Slave':
../src/spi_lab3_main.c:278:7: warning: unused variable 'buffer' [-Wunused-variable]
  char buffer[48];
       ^~~~~~
../src/spi_lab3_main.c:277:6: warning: unused variable 'num_received' [-Wunused-variable]
  int num_received = 0;
      ^~~~~~~~~~~~
../src/spi_lab3_main.c:276:5: warning: unused variable 'temp_store' [-Wunused-variable]
  u8 temp_store;
     ^~~~~~~~~~
../src/spi_lab3_main.c:275:6: warning: unused variable 'end_sequence_flag' [-Wunused-variable]
  u32 end_sequence_flag=0;
      ^~~~~~~~~~~~~~~~~
Finished building: ../src/spi_lab3_main.c
 
Building target: Lab3.elf
Invoking: ARM v7 gcc linker
arm-none-eabi-gcc -mcpu=cortex-a9 -mfpu=vfpv3 -mfloat-abi=hard -Wl,-build-id=none -specs=Xilinx.spec -Wl,-T -Wl,../src/lscript.ld -L../../Lab3_bsp/ps7_cortexa9_0/lib -o "Lab3.elf"  ./src/initialization.o ./src/spi_lab3_main.o   -Wl,--start-group,-lxil,-lfreertos,-lgcc,-lc,--end-group
Finished building target: Lab3.elf
 
Invoking: ARM v7 Print Size
arm-none-eabi-size Lab3.elf  |tee "Lab3.elf.size"
   text	   data	    bss	    dec	    hex	filename
  89548	   3416	  89648	 182612	  2c954	Lab3.elf
Finished building: Lab3.elf.size
 
19:12:04 **** Incremental Build of configuration Debug for project Lab3 ****
make pre-build main-build 
a9-linaro-pre-build-step
 
make: Nothing to be done for 'main-build'.
19:24:21 **** Incremental Build of configuration Debug for project Lab3 ****
make pre-build main-build 
a9-linaro-pre-build-step
 
make: Nothing to be done for 'main-build'.
19:35:37 **** Incremental Build of configuration Debug for project Lab3 ****
make pre-build main-build 
a9-linaro-pre-build-step
 
make: Nothing to be done for 'main-build'.
19:58:35 **** Incremental Build of configuration Debug for project Lab3 ****
make pre-build main-build 
a9-linaro-pre-build-step
 
make: Nothing to be done for 'main-build'.
20:02:43 **** Incremental Build of configuration Debug for project Lab3 ****
make pre-build main-build 
a9-linaro-pre-build-step
 
Building file: ../src/spi_lab3_main.c
Invoking: ARM v7 gcc compiler
arm-none-eabi-gcc -Wall -O0 -g3 -c -fmessage-length=0 -MT"src/spi_lab3_main.o" -mcpu=cortex-a9 -mfpu=vfpv3 -mfloat-abi=hard -I../../Lab3_bsp/ps7_cortexa9_0/include -MMD -MP -MF"src/spi_lab3_main.d" -MT"src/spi_lab3_main.o" -o "src/spi_lab3_main.o" "../src/spi_lab3_main.c"
In file included from ../src/spi_lab3_main.c:66:
../src/initialization.h:52: warning: "configGENERATE_RUN_TIME_STATS" redefined
 #define configGENERATE_RUN_TIME_STATS 1
 
In file included from ../../Lab3_bsp/ps7_cortexa9_0/include/FreeRTOS.h:56,
                 from ../src/spi_lab3_main.c:51:
../../Lab3_bsp/ps7_cortexa9_0/include/FreeRTOSConfig.h:109: note: this is the location of the previous definition
 #define configGENERATE_RUN_TIME_STATS 0
 
../src/spi_lab3_main.c: In function 'TaskUartManager':
../src/spi_lab3_main.c:181:7: warning: unused variable 'dummy' [-Wunused-variable]
    u8 dummy = DOLLAR;     // dummy char to send to the slave as a control character
       ^~~~~
../src/spi_lab3_main.c: In function 'TaskSpi0Master':
../src/spi_lab3_main.c:243:5: warning: unused variable 'send_buffer' [-Wunused-variable]
  u8 send_buffer[1];
     ^~~~~~~~~~~
../src/spi_lab3_main.c:241:5: warning: unused variable 'send_SPI_data_via_FIFO2' [-Wunused-variable]
  u8 send_SPI_data_via_FIFO2;
     ^~~~~~~~~~~~~~~~~~~~~~~
../src/spi_lab3_main.c: In function 'TaskSpi1Slave':
../src/spi_lab3_main.c:278:7: warning: unused variable 'buffer' [-Wunused-variable]
  char buffer[48];
       ^~~~~~
../src/spi_lab3_main.c:277:6: warning: unused variable 'num_received' [-Wunused-variable]
  int num_received = 0;
      ^~~~~~~~~~~~
../src/spi_lab3_main.c:276:5: warning: unused variable 'temp_store' [-Wunused-variable]
  u8 temp_store;
     ^~~~~~~~~~
../src/spi_lab3_main.c:275:6: warning: unused variable 'end_sequence_flag' [-Wunused-variable]
  u32 end_sequence_flag=0;
      ^~~~~~~~~~~~~~~~~
Finished building: ../src/spi_lab3_main.c
 
Building target: Lab3.elf
Invoking: ARM v7 gcc linker
arm-none-eabi-gcc -mcpu=cortex-a9 -mfpu=vfpv3 -mfloat-abi=hard -Wl,-build-id=none -specs=Xilinx.spec -Wl,-T -Wl,../src/lscript.ld -L../../Lab3_bsp/ps7_cortexa9_0/lib -o "Lab3.elf"  ./src/initialization.o ./src/spi_lab3_main.o   -Wl,--start-group,-lxil,-lfreertos,-lgcc,-lc,--end-group
Finished building target: Lab3.elf
 
Invoking: ARM v7 Print Size
arm-none-eabi-size Lab3.elf  |tee "Lab3.elf.size"
   text	   data	    bss	    dec	    hex	filename
  89548	   3416	  89648	 182612	  2c954	Lab3.elf
Finished building: Lab3.elf.size
 
21:11:41 **** Auto Build of configuration Debug for project Lab3 ****
make pre-build main-build 
a9-linaro-pre-build-step
 
Building file: ../src/spi_lab3_main.c
Invoking: ARM v7 gcc compiler
arm-none-eabi-gcc -Wall -O0 -g3 -c -fmessage-length=0 -MT"src/spi_lab3_main.o" -mcpu=cortex-a9 -mfpu=vfpv3 -mfloat-abi=hard -I../../Lab3_bsp/ps7_cortexa9_0/include -MMD -MP -MF"src/spi_lab3_main.d" -MT"src/spi_lab3_main.o" -o "src/spi_lab3_main.o" "../src/spi_lab3_main.c"
In file included from ../src/spi_lab3_main.c:66:
../src/initialization.h:52: warning: "configGENERATE_RUN_TIME_STATS" redefined
 #define configGENERATE_RUN_TIME_STATS 1
 
In file included from ../../Lab3_bsp/ps7_cortexa9_0/include/FreeRTOS.h:56,
                 from ../src/spi_lab3_main.c:51:
../../Lab3_bsp/ps7_cortexa9_0/include/FreeRTOSConfig.h:109: note: this is the location of the previous definition
 #define configGENERATE_RUN_TIME_STATS 0
 
../src/spi_lab3_main.c: In function 'TaskUartManager':
../src/spi_lab3_main.c:181:7: warning: unused variable 'dummy' [-Wunused-variable]
    u8 dummy = DOLLAR;     // dummy char to send to the slave as a control character
       ^~~~~
../src/spi_lab3_main.c: In function 'TaskSpi0Master':
../src/spi_lab3_main.c:245:5: warning: variable 'send_buffer' set but not used [-Wunused-but-set-variable]
  u8 send_buffer[1];
     ^~~~~~~~~~~
../src/spi_lab3_main.c:243:5: warning: unused variable 'send_SPI_data_via_FIFO2' [-Wunused-variable]
  u8 send_SPI_data_via_FIFO2;
     ^~~~~~~~~~~~~~~~~~~~~~~
../src/spi_lab3_main.c: In function 'TaskSpi1Slave':
../src/spi_lab3_main.c:282:7: warning: unused variable 'buffer' [-Wunused-variable]
  char buffer[48];
       ^~~~~~
../src/spi_lab3_main.c:281:6: warning: unused variable 'num_received' [-Wunused-variable]
  int num_received = 0;
      ^~~~~~~~~~~~
../src/spi_lab3_main.c:280:5: warning: unused variable 'temp_store' [-Wunused-variable]
  u8 temp_store;
     ^~~~~~~~~~
../src/spi_lab3_main.c:279:6: warning: unused variable 'end_sequence_flag' [-Wunused-variable]
  u32 end_sequence_flag=0;
      ^~~~~~~~~~~~~~~~~
Finished building: ../src/spi_lab3_main.c
 
Building target: Lab3.elf
Invoking: ARM v7 gcc linker
arm-none-eabi-gcc -mcpu=cortex-a9 -mfpu=vfpv3 -mfloat-abi=hard -Wl,-build-id=none -specs=Xilinx.spec -Wl,-T -Wl,../src/lscript.ld -L../../Lab3_bsp/ps7_cortexa9_0/lib -o "Lab3.elf"  ./src/initialization.o ./src/spi_lab3_main.o   -Wl,--start-group,-lxil,-lfreertos,-lgcc,-lc,--end-group
Finished building target: Lab3.elf
 
Invoking: ARM v7 Print Size
arm-none-eabi-size Lab3.elf  |tee "Lab3.elf.size"
   text	   data	    bss	    dec	    hex	filename
  89548	   3416	  89648	 182612	  2c954	Lab3.elf
Finished building: Lab3.elf.size
 
22:23:10 **** Auto Build of configuration Debug for project Lab3 ****
make pre-build main-build 
a9-linaro-pre-build-step
 
Building file: ../src/spi_lab3_main.c
Invoking: ARM v7 gcc compiler
arm-none-eabi-gcc -Wall -O0 -g3 -c -fmessage-length=0 -MT"src/spi_lab3_main.o" -mcpu=cortex-a9 -mfpu=vfpv3 -mfloat-abi=hard -I../../Lab3_bsp/ps7_cortexa9_0/include -MMD -MP -MF"src/spi_lab3_main.d" -MT"src/spi_lab3_main.o" -o "src/spi_lab3_main.o" "../src/spi_lab3_main.c"
In file included from ../src/spi_lab3_main.c:66:
../src/initialization.h:52: warning: "configGENERATE_RUN_TIME_STATS" redefined
 #define configGENERATE_RUN_TIME_STATS 1
 
In file included from ../../Lab3_bsp/ps7_cortexa9_0/include/FreeRTOS.h:56,
                 from ../src/spi_lab3_main.c:51:
../../Lab3_bsp/ps7_cortexa9_0/include/FreeRTOSConfig.h:109: note: this is the location of the previous definition
 #define configGENERATE_RUN_TIME_STATS 0
 
../src/spi_lab3_main.c: In function 'TaskUartManager':
../src/spi_lab3_main.c:181:7: warning: unused variable 'dummy' [-Wunused-variable]
    u8 dummy = DOLLAR;     // dummy char to send to the slave as a control character
       ^~~~~
../src/spi_lab3_main.c: In function 'TaskSpi0Master':
../src/spi_lab3_main.c:268:21: error: 'sendbuffer' undeclared (first use in this function); did you mean 'send_buffer'?
    SpiMasterWrite( *sendbuffer, TRANSFER_SIZE_IN_BYTES );
                     ^~~~~~~~~~
                     send_buffer
../src/spi_lab3_main.c:268:21: note: each undeclared identifier is reported only once for each function it appears in
../src/spi_lab3_main.c: In function 'TaskSpi1Slave':
../src/spi_lab3_main.c:297:7: warning: unused variable 'buffer' [-Wunused-variable]
  char buffer[48];
       ^~~~~~
../src/spi_lab3_main.c:296:6: warning: unused variable 'num_received' [-Wunused-variable]
  int num_received = 0;
      ^~~~~~~~~~~~
../src/spi_lab3_main.c:295:5: warning: unused variable 'temp_store' [-Wunused-variable]
  u8 temp_store;
     ^~~~~~~~~~
../src/spi_lab3_main.c:294:6: warning: unused variable 'end_sequence_flag' [-Wunused-variable]
  u32 end_sequence_flag=0;
      ^~~~~~~~~~~~~~~~~
make: *** [src/subdir.mk:26: src/spi_lab3_main.o] Error 1
18:16:53 **** Build of project Lab3_bsp ****
make -k all 
"Running Make include in ps7_cortexa9_0/libsrc/coresightps_dcc_v1_5/src"
D:/Xilinx/SDK/2019.1/gnuwin/bin/make -C ps7_cortexa9_0/libsrc/coresightps_dcc_v1_5/src -s include  "SHELL=CMD" "COMPILER=arm-none-eabi-gcc" "ARCHIVER=arm-none-eabi-ar" "COMPILER_FLAGS=  -O2 -c" "EXTRA_COMPILER_FLAGS=-mcpu=cortex-a9 -mfpu=vfpv3 -mfloat-abi=hard -nostartfiles -g -Wall -Wextra"
"Running Make include in ps7_cortexa9_0/libsrc/cpu_cortexa9_v2_7/src"
D:/Xilinx/SDK/2019.1/gnuwin/bin/make -C ps7_cortexa9_0/libsrc/cpu_cortexa9_v2_7/src -s include  "SHELL=CMD" "COMPILER=arm-none-eabi-gcc" "ARCHIVER=arm-none-eabi-ar" "COMPILER_FLAGS=  -O2 -c" "EXTRA_COMPILER_FLAGS=-mcpu=cortex-a9 -mfpu=vfpv3 -mfloat-abi=hard -nostartfiles -g -Wall -Wextra"
"Running Make include in ps7_cortexa9_0/libsrc/ddrps_v1_0/src"
D:/Xilinx/SDK/2019.1/gnuwin/bin/make -C ps7_cortexa9_0/libsrc/ddrps_v1_0/src -s include  "SHELL=CMD" "COMPILER=arm-none-eabi-gcc" "ARCHIVER=arm-none-eabi-ar" "COMPILER_FLAGS=  -O2 -c" "EXTRA_COMPILER_FLAGS=-mcpu=cortex-a9 -mfpu=vfpv3 -mfloat-abi=hard -nostartfiles -g -Wall -Wextra"
"Running Make include in ps7_cortexa9_0/libsrc/devcfg_v3_5/src"
D:/Xilinx/SDK/2019.1/gnuwin/bin/make -C ps7_cortexa9_0/libsrc/devcfg_v3_5/src -s include  "SHELL=CMD" "COMPILER=arm-none-eabi-gcc" "ARCHIVER=arm-none-eabi-ar" "COMPILER_FLAGS=  -O2 -c" "EXTRA_COMPILER_FLAGS=-mcpu=cortex-a9 -mfpu=vfpv3 -mfloat-abi=hard -nostartfiles -g -Wall -Wextra"
"Running Make include in ps7_cortexa9_0/libsrc/dmaps_v2_4/src"
D:/Xilinx/SDK/2019.1/gnuwin/bin/make -C ps7_cortexa9_0/libsrc/dmaps_v2_4/src -s include  "SHELL=CMD" "COMPILER=arm-none-eabi-gcc" "ARCHIVER=arm-none-eabi-ar" "COMPILER_FLAGS=  -O2 -c" "EXTRA_COMPILER_FLAGS=-mcpu=cortex-a9 -mfpu=vfpv3 -mfloat-abi=hard -nostartfiles -g -Wall -Wextra"
"Running Make include in ps7_cortexa9_0/libsrc/freertos10_xilinx_v1_3/src"
D:/Xilinx/SDK/2019.1/gnuwin/bin/make -C ps7_cortexa9_0/libsrc/freertos10_xilinx_v1_3/src -s include  "SHELL=CMD" "COMPILER=arm-none-eabi-gcc" "ARCHIVER=arm-none-eabi-ar" "COMPILER_FLAGS=  -O2 -c" "EXTRA_COMPILER_FLAGS=-mcpu=cortex-a9 -mfpu=vfpv3 -mfloat-abi=hard -nostartfiles -g -Wall -Wextra"
"include"
"Running Make include in ps7_cortexa9_0/libsrc/scugic_v4_0/src"
D:/Xilinx/SDK/2019.1/gnuwin/bin/make -C ps7_cortexa9_0/libsrc/scugic_v4_0/src -s include  "SHELL=CMD" "COMPILER=arm-none-eabi-gcc" "ARCHIVER=arm-none-eabi-ar" "COMPILER_FLAGS=  -O2 -c" "EXTRA_COMPILER_FLAGS=-mcpu=cortex-a9 -mfpu=vfpv3 -mfloat-abi=hard -nostartfiles -g -Wall -Wextra"
"Running Make include in ps7_cortexa9_0/libsrc/scutimer_v2_1/src"
D:/Xilinx/SDK/2019.1/gnuwin/bin/make -C ps7_cortexa9_0/libsrc/scutimer_v2_1/src -s include  "SHELL=CMD" "COMPILER=arm-none-eabi-gcc" "ARCHIVER=arm-none-eabi-ar" "COMPILER_FLAGS=  -O2 -c" "EXTRA_COMPILER_FLAGS=-mcpu=cortex-a9 -mfpu=vfpv3 -mfloat-abi=hard -nostartfiles -g -Wall -Wextra"
"Running Make include in ps7_cortexa9_0/libsrc/scuwdt_v2_1/src"
D:/Xilinx/SDK/2019.1/gnuwin/bin/make -C ps7_cortexa9_0/libsrc/scuwdt_v2_1/src -s include  "SHELL=CMD" "COMPILER=arm-none-eabi-gcc" "ARCHIVER=arm-none-eabi-ar" "COMPILER_FLAGS=  -O2 -c" "EXTRA_COMPILER_FLAGS=-mcpu=cortex-a9 -mfpu=vfpv3 -mfloat-abi=hard -nostartfiles -g -Wall -Wextra"
"Running Make include in ps7_cortexa9_0/libsrc/spips_v3_2/src"
D:/Xilinx/SDK/2019.1/gnuwin/bin/make -C ps7_cortexa9_0/libsrc/spips_v3_2/src -s include  "SHELL=CMD" "COMPILER=arm-none-eabi-gcc" "ARCHIVER=arm-none-eabi-ar" "COMPILER_FLAGS=  -O2 -c" "EXTRA_COMPILER_FLAGS=-mcpu=cortex-a9 -mfpu=vfpv3 -mfloat-abi=hard -nostartfiles -g -Wall -Wextra"
"Running Make include in ps7_cortexa9_0/libsrc/uartps_v3_7/src"
D:/Xilinx/SDK/2019.1/gnuwin/bin/make -C ps7_cortexa9_0/libsrc/uartps_v3_7/src -s include  "SHELL=CMD" "COMPILER=arm-none-eabi-gcc" "ARCHIVER=arm-none-eabi-ar" "COMPILER_FLAGS=  -O2 -c" "EXTRA_COMPILER_FLAGS=-mcpu=cortex-a9 -mfpu=vfpv3 -mfloat-abi=hard -nostartfiles -g -Wall -Wextra"
"Running Make include in ps7_cortexa9_0/libsrc/xadcps_v2_3/src"
D:/Xilinx/SDK/2019.1/gnuwin/bin/make -C ps7_cortexa9_0/libsrc/xadcps_v2_3/src -s include  "SHELL=CMD" "COMPILER=arm-none-eabi-gcc" "ARCHIVER=arm-none-eabi-ar" "COMPILER_FLAGS=  -O2 -c" "EXTRA_COMPILER_FLAGS=-mcpu=cortex-a9 -mfpu=vfpv3 -mfloat-abi=hard -nostartfiles -g -Wall -Wextra"
"Running Make libs in ps7_cortexa9_0/libsrc/coresightps_dcc_v1_5/src"
D:/Xilinx/SDK/2019.1/gnuwin/bin/make -C ps7_cortexa9_0/libsrc/coresightps_dcc_v1_5/src -s libs  "SHELL=CMD" "COMPILER=arm-none-eabi-gcc" "ARCHIVER=arm-none-eabi-ar" "COMPILER_FLAGS=  -O2 -c" "EXTRA_COMPILER_FLAGS=-mcpu=cortex-a9 -mfpu=vfpv3 -mfloat-abi=hard -nostartfiles -g -Wall -Wextra"
"Compiling coresightps_dcc"
"Running Make libs in ps7_cortexa9_0/libsrc/cpu_cortexa9_v2_7/src"
D:/Xilinx/SDK/2019.1/gnuwin/bin/make -C ps7_cortexa9_0/libsrc/cpu_cortexa9_v2_7/src -s libs  "SHELL=CMD" "COMPILER=arm-none-eabi-gcc" "ARCHIVER=arm-none-eabi-ar" "COMPILER_FLAGS=  -O2 -c" "EXTRA_COMPILER_FLAGS=-mcpu=cortex-a9 -mfpu=vfpv3 -mfloat-abi=hard -nostartfiles -g -Wall -Wextra"
"Compiling cpu_cortexa9"
"Running Make libs in ps7_cortexa9_0/libsrc/ddrps_v1_0/src"
D:/Xilinx/SDK/2019.1/gnuwin/bin/make -C ps7_cortexa9_0/libsrc/ddrps_v1_0/src -s libs  "SHELL=CMD" "COMPILER=arm-none-eabi-gcc" "ARCHIVER=arm-none-eabi-ar" "COMPILER_FLAGS=  -O2 -c" "EXTRA_COMPILER_FLAGS=-mcpu=cortex-a9 -mfpu=vfpv3 -mfloat-abi=hard -nostartfiles -g -Wall -Wextra"
"Compiling ddrps"
"Running Make libs in ps7_cortexa9_0/libsrc/devcfg_v3_5/src"
D:/Xilinx/SDK/2019.1/gnuwin/bin/make -C ps7_cortexa9_0/libsrc/devcfg_v3_5/src -s libs  "SHELL=CMD" "COMPILER=arm-none-eabi-gcc" "ARCHIVER=arm-none-eabi-ar" "COMPILER_FLAGS=  -O2 -c" "EXTRA_COMPILER_FLAGS=-mcpu=cortex-a9 -mfpu=vfpv3 -mfloat-abi=hard -nostartfiles -g -Wall -Wextra"
"Compiling devcfg"
"Running Make libs in ps7_cortexa9_0/libsrc/dmaps_v2_4/src"
D:/Xilinx/SDK/2019.1/gnuwin/bin/make -C ps7_cortexa9_0/libsrc/dmaps_v2_4/src -s libs  "SHELL=CMD" "COMPILER=arm-none-eabi-gcc" "ARCHIVER=arm-none-eabi-ar" "COMPILER_FLAGS=  -O2 -c" "EXTRA_COMPILER_FLAGS=-mcpu=cortex-a9 -mfpu=vfpv3 -mfloat-abi=hard -nostartfiles -g -Wall -Wextra"
"Compiling dmaps"
"Running Make libs in ps7_cortexa9_0/libsrc/freertos10_xilinx_v1_3/src"
D:/Xilinx/SDK/2019.1/gnuwin/bin/make -C ps7_cortexa9_0/libsrc/freertos10_xilinx_v1_3/src -s libs  "SHELL=CMD" "COMPILER=arm-none-eabi-gcc" "ARCHIVER=arm-none-eabi-ar" "COMPILER_FLAGS=  -O2 -c" "EXTRA_COMPILER_FLAGS=-mcpu=cortex-a9 -mfpu=vfpv3 -mfloat-abi=hard -nostartfiles -g -Wall -Wextra"
"Compiling standalone"
"Compiling FreeRTOS"
"Running Make libs in ps7_cortexa9_0/libsrc/scugic_v4_0/src"
D:/Xilinx/SDK/2019.1/gnuwin/bin/make -C ps7_cortexa9_0/libsrc/scugic_v4_0/src -s libs  "SHELL=CMD" "COMPILER=arm-none-eabi-gcc" "ARCHIVER=arm-none-eabi-ar" "COMPILER_FLAGS=  -O2 -c" "EXTRA_COMPILER_FLAGS=-mcpu=cortex-a9 -mfpu=vfpv3 -mfloat-abi=hard -nostartfiles -g -Wall -Wextra"
"Compiling scugic"
"Running Make libs in ps7_cortexa9_0/libsrc/scutimer_v2_1/src"
D:/Xilinx/SDK/2019.1/gnuwin/bin/make -C ps7_cortexa9_0/libsrc/scutimer_v2_1/src -s libs  "SHELL=CMD" "COMPILER=arm-none-eabi-gcc" "ARCHIVER=arm-none-eabi-ar" "COMPILER_FLAGS=  -O2 -c" "EXTRA_COMPILER_FLAGS=-mcpu=cortex-a9 -mfpu=vfpv3 -mfloat-abi=hard -nostartfiles -g -Wall -Wextra"
"Compiling scutimer"
"Running Make libs in ps7_cortexa9_0/libsrc/scuwdt_v2_1/src"
D:/Xilinx/SDK/2019.1/gnuwin/bin/make -C ps7_cortexa9_0/libsrc/scuwdt_v2_1/src -s libs  "SHELL=CMD" "COMPILER=arm-none-eabi-gcc" "ARCHIVER=arm-none-eabi-ar" "COMPILER_FLAGS=  -O2 -c" "EXTRA_COMPILER_FLAGS=-mcpu=cortex-a9 -mfpu=vfpv3 -mfloat-abi=hard -nostartfiles -g -Wall -Wextra"
"Compiling scuwdt"
"Running Make libs in ps7_cortexa9_0/libsrc/spips_v3_2/src"
D:/Xilinx/SDK/2019.1/gnuwin/bin/make -C ps7_cortexa9_0/libsrc/spips_v3_2/src -s libs  "SHELL=CMD" "COMPILER=arm-none-eabi-gcc" "ARCHIVER=arm-none-eabi-ar" "COMPILER_FLAGS=  -O2 -c" "EXTRA_COMPILER_FLAGS=-mcpu=cortex-a9 -mfpu=vfpv3 -mfloat-abi=hard -nostartfiles -g -Wall -Wextra"
"Compiling spips"
"Running Make libs in ps7_cortexa9_0/libsrc/uartps_v3_7/src"
D:/Xilinx/SDK/2019.1/gnuwin/bin/make -C ps7_cortexa9_0/libsrc/uartps_v3_7/src -s libs  "SHELL=CMD" "COMPILER=arm-none-eabi-gcc" "ARCHIVER=arm-none-eabi-ar" "COMPILER_FLAGS=  -O2 -c" "EXTRA_COMPILER_FLAGS=-mcpu=cortex-a9 -mfpu=vfpv3 -mfloat-abi=hard -nostartfiles -g -Wall -Wextra"
"Compiling uartps"
"Running Make libs in ps7_cortexa9_0/libsrc/xadcps_v2_3/src"
D:/Xilinx/SDK/2019.1/gnuwin/bin/make -C ps7_cortexa9_0/libsrc/xadcps_v2_3/src -s libs  "SHELL=CMD" "COMPILER=arm-none-eabi-gcc" "ARCHIVER=arm-none-eabi-ar" "COMPILER_FLAGS=  -O2 -c" "EXTRA_COMPILER_FLAGS=-mcpu=cortex-a9 -mfpu=vfpv3 -mfloat-abi=hard -nostartfiles -g -Wall -Wextra"
"Compiling xadcps"
'Finished building libraries'
18:17:06 **** Build of configuration Debug for project Lab3 ****
make pre-build main-build 
a9-linaro-pre-build-step
 
Building file: ../src/initialization.c
Invoking: ARM v7 gcc compiler
arm-none-eabi-gcc -Wall -O0 -g3 -c -fmessage-length=0 -MT"src/initialization.o" -mcpu=cortex-a9 -mfpu=vfpv3 -mfloat-abi=hard -I../../Lab3_bsp/ps7_cortexa9_0/include -MMD -MP -MF"src/initialization.d" -MT"src/initialization.o" -o "src/initialization.o" "../src/initialization.c"
../src/initialization.c: In function 'SpiMasterRead':
../src/initialization.c:172:6: warning: unused variable 'StatusReg' [-Wunused-variable]
  u32 StatusReg;
      ^~~~~~~~~
../src/initialization.c:180:1: warning: control reaches end of non-void function [-Wreturn-type]
 }
 ^
Finished building: ../src/initialization.c
 
Building file: ../src/spi_lab3_main.c
Invoking: ARM v7 gcc compiler
arm-none-eabi-gcc -Wall -O0 -g3 -c -fmessage-length=0 -MT"src/spi_lab3_main.o" -mcpu=cortex-a9 -mfpu=vfpv3 -mfloat-abi=hard -I../../Lab3_bsp/ps7_cortexa9_0/include -MMD -MP -MF"src/spi_lab3_main.d" -MT"src/spi_lab3_main.o" -o "src/spi_lab3_main.o" "../src/spi_lab3_main.c"
In file included from ../src/spi_lab3_main.c:66:
../src/initialization.h:52: warning: "configGENERATE_RUN_TIME_STATS" redefined
 #define configGENERATE_RUN_TIME_STATS 1
 
In file included from ../../Lab3_bsp/ps7_cortexa9_0/include/FreeRTOS.h:56,
                 from ../src/spi_lab3_main.c:51:
../../Lab3_bsp/ps7_cortexa9_0/include/FreeRTOSConfig.h:109: note: this is the location of the previous definition
 #define configGENERATE_RUN_TIME_STATS 0
 
../src/spi_lab3_main.c: In function 'TaskUartManager':
../src/spi_lab3_main.c:181:7: warning: unused variable 'dummy' [-Wunused-variable]
    u8 dummy = DOLLAR;     // dummy char to send to the slave as a control character
       ^~~~~
Finished building: ../src/spi_lab3_main.c
 
Building target: Lab3.elf
Invoking: ARM v7 gcc linker
arm-none-eabi-gcc -mcpu=cortex-a9 -mfpu=vfpv3 -mfloat-abi=hard -Wl,-build-id=none -specs=Xilinx.spec -Wl,-T -Wl,../src/lscript.ld -L../../Lab3_bsp/ps7_cortexa9_0/lib -o "Lab3.elf"  ./src/initialization.o ./src/spi_lab3_main.o   -Wl,--start-group,-lxil,-lfreertos,-lgcc,-lc,--end-group
Finished building target: Lab3.elf
 
Invoking: ARM v7 Print Size
arm-none-eabi-size Lab3.elf  |tee "Lab3.elf.size"
   text	   data	    bss	    dec	    hex	filename
  90300	   3416	  89648	 183364	  2cc44	Lab3.elf
Finished building: Lab3.elf.size
 
18:20:36 **** Auto Build of configuration Debug for project Lab3 ****
make pre-build main-build 
a9-linaro-pre-build-step
 
Building file: ../src/spi_lab3_main.c
Invoking: ARM v7 gcc compiler
arm-none-eabi-gcc -Wall -O0 -g3 -c -fmessage-length=0 -MT"src/spi_lab3_main.o" -mcpu=cortex-a9 -mfpu=vfpv3 -mfloat-abi=hard -I../../Lab3_bsp/ps7_cortexa9_0/include -MMD -MP -MF"src/spi_lab3_main.d" -MT"src/spi_lab3_main.o" -o "src/spi_lab3_main.o" "../src/spi_lab3_main.c"
In file included from ../src/spi_lab3_main.c:66:
../src/initialization.h:52: warning: "configGENERATE_RUN_TIME_STATS" redefined
 #define configGENERATE_RUN_TIME_STATS 1
 
In file included from ../../Lab3_bsp/ps7_cortexa9_0/include/FreeRTOS.h:56,
                 from ../src/spi_lab3_main.c:51:
../../Lab3_bsp/ps7_cortexa9_0/include/FreeRTOSConfig.h:109: note: this is the location of the previous definition
 #define configGENERATE_RUN_TIME_STATS 0
 
Finished building: ../src/spi_lab3_main.c
 
Building target: Lab3.elf
Invoking: ARM v7 gcc linker
arm-none-eabi-gcc -mcpu=cortex-a9 -mfpu=vfpv3 -mfloat-abi=hard -Wl,-build-id=none -specs=Xilinx.spec -Wl,-T -Wl,../src/lscript.ld -L../../Lab3_bsp/ps7_cortexa9_0/lib -o "Lab3.elf"  ./src/initialization.o ./src/spi_lab3_main.o   -Wl,--start-group,-lxil,-lfreertos,-lgcc,-lc,--end-group
Finished building target: Lab3.elf
 
Invoking: ARM v7 Print Size
arm-none-eabi-size Lab3.elf  |tee "Lab3.elf.size"
   text	   data	    bss	    dec	    hex	filename
  90300	   3416	  89648	 183364	  2cc44	Lab3.elf
Finished building: Lab3.elf.size
 
18:20:53 **** Auto Build of configuration Debug for project Lab3 ****
make pre-build main-build 
a9-linaro-pre-build-step
 
Building file: ../src/spi_lab3_main.c
Invoking: ARM v7 gcc compiler
arm-none-eabi-gcc -Wall -O0 -g3 -c -fmessage-length=0 -MT"src/spi_lab3_main.o" -mcpu=cortex-a9 -mfpu=vfpv3 -mfloat-abi=hard -I../../Lab3_bsp/ps7_cortexa9_0/include -MMD -MP -MF"src/spi_lab3_main.d" -MT"src/spi_lab3_main.o" -o "src/spi_lab3_main.o" "../src/spi_lab3_main.c"
In file included from ../src/spi_lab3_main.c:66:
../src/initialization.h:52: warning: "configGENERATE_RUN_TIME_STATS" redefined
 #define configGENERATE_RUN_TIME_STATS 1
 
In file included from ../../Lab3_bsp/ps7_cortexa9_0/include/FreeRTOS.h:56,
                 from ../src/spi_lab3_main.c:51:
../../Lab3_bsp/ps7_cortexa9_0/include/FreeRTOSConfig.h:109: note: this is the location of the previous definition
 #define configGENERATE_RUN_TIME_STATS 0
 
Finished building: ../src/spi_lab3_main.c
 
Building target: Lab3.elf
Invoking: ARM v7 gcc linker
arm-none-eabi-gcc -mcpu=cortex-a9 -mfpu=vfpv3 -mfloat-abi=hard -Wl,-build-id=none -specs=Xilinx.spec -Wl,-T -Wl,../src/lscript.ld -L../../Lab3_bsp/ps7_cortexa9_0/lib -o "Lab3.elf"  ./src/initialization.o ./src/spi_lab3_main.o   -Wl,--start-group,-lxil,-lfreertos,-lgcc,-lc,--end-group
Finished building target: Lab3.elf
 
Invoking: ARM v7 Print Size
arm-none-eabi-size Lab3.elf  |tee "Lab3.elf.size"
   text	   data	    bss	    dec	    hex	filename
  90300	   3416	  89648	 183364	  2cc44	Lab3.elf
Finished building: Lab3.elf.size
 
18:21:40 **** Auto Build of configuration Debug for project Lab3 ****
make pre-build main-build 
a9-linaro-pre-build-step
 
Building file: ../src/spi_lab3_main.c
Invoking: ARM v7 gcc compiler
arm-none-eabi-gcc -Wall -O0 -g3 -c -fmessage-length=0 -MT"src/spi_lab3_main.o" -mcpu=cortex-a9 -mfpu=vfpv3 -mfloat-abi=hard -I../../Lab3_bsp/ps7_cortexa9_0/include -MMD -MP -MF"src/spi_lab3_main.d" -MT"src/spi_lab3_main.o" -o "src/spi_lab3_main.o" "../src/spi_lab3_main.c"
In file included from ../src/spi_lab3_main.c:66:
../src/initialization.h:52: warning: "configGENERATE_RUN_TIME_STATS" redefined
 #define configGENERATE_RUN_TIME_STATS 1
 
In file included from ../../Lab3_bsp/ps7_cortexa9_0/include/FreeRTOS.h:56,
                 from ../src/spi_lab3_main.c:51:
../../Lab3_bsp/ps7_cortexa9_0/include/FreeRTOSConfig.h:109: note: this is the location of the previous definition
 #define configGENERATE_RUN_TIME_STATS 0
 
Finished building: ../src/spi_lab3_main.c
 
Building target: Lab3.elf
Invoking: ARM v7 gcc linker
arm-none-eabi-gcc -mcpu=cortex-a9 -mfpu=vfpv3 -mfloat-abi=hard -Wl,-build-id=none -specs=Xilinx.spec -Wl,-T -Wl,../src/lscript.ld -L../../Lab3_bsp/ps7_cortexa9_0/lib -o "Lab3.elf"  ./src/initialization.o ./src/spi_lab3_main.o   -Wl,--start-group,-lxil,-lfreertos,-lgcc,-lc,--end-group
Finished building target: Lab3.elf
 
Invoking: ARM v7 Print Size
arm-none-eabi-size Lab3.elf  |tee "Lab3.elf.size"
   text	   data	    bss	    dec	    hex	filename
  90396	   3416	  89648	 183460	  2cca4	Lab3.elf
Finished building: Lab3.elf.size
 
18:38:22 **** Auto Build of configuration Debug for project Lab3 ****
make pre-build main-build 
a9-linaro-pre-build-step
 
Building file: ../src/spi_lab3_main.c
Invoking: ARM v7 gcc compiler
arm-none-eabi-gcc -Wall -O0 -g3 -c -fmessage-length=0 -MT"src/spi_lab3_main.o" -mcpu=cortex-a9 -mfpu=vfpv3 -mfloat-abi=hard -I../../Lab3_bsp/ps7_cortexa9_0/include -MMD -MP -MF"src/spi_lab3_main.d" -MT"src/spi_lab3_main.o" -o "src/spi_lab3_main.o" "../src/spi_lab3_main.c"
In file included from ../src/spi_lab3_main.c:66:
../src/initialization.h:52: warning: "configGENERATE_RUN_TIME_STATS" redefined
 #define configGENERATE_RUN_TIME_STATS 1
 
In file included from ../../Lab3_bsp/ps7_cortexa9_0/include/FreeRTOS.h:56,
                 from ../src/spi_lab3_main.c:51:
../../Lab3_bsp/ps7_cortexa9_0/include/FreeRTOSConfig.h:109: note: this is the location of the previous definition
 #define configGENERATE_RUN_TIME_STATS 0
 
Finished building: ../src/spi_lab3_main.c
 
Building target: Lab3.elf
Invoking: ARM v7 gcc linker
arm-none-eabi-gcc -mcpu=cortex-a9 -mfpu=vfpv3 -mfloat-abi=hard -Wl,-build-id=none -specs=Xilinx.spec -Wl,-T -Wl,../src/lscript.ld -L../../Lab3_bsp/ps7_cortexa9_0/lib -o "Lab3.elf"  ./src/initialization.o ./src/spi_lab3_main.o   -Wl,--start-group,-lxil,-lfreertos,-lgcc,-lc,--end-group
Finished building target: Lab3.elf
 
Invoking: ARM v7 Print Size
arm-none-eabi-size Lab3.elf  |tee "Lab3.elf.size"
   text	   data	    bss	    dec	    hex	filename
  90580	   3416	  89648	 183644	  2cd5c	Lab3.elf
Finished building: Lab3.elf.size
 
18:38:35 **** Auto Build of configuration Debug for project Lab3 ****
make pre-build main-build 
a9-linaro-pre-build-step
 
Building file: ../src/spi_lab3_main.c
Invoking: ARM v7 gcc compiler
arm-none-eabi-gcc -Wall -O0 -g3 -c -fmessage-length=0 -MT"src/spi_lab3_main.o" -mcpu=cortex-a9 -mfpu=vfpv3 -mfloat-abi=hard -I../../Lab3_bsp/ps7_cortexa9_0/include -MMD -MP -MF"src/spi_lab3_main.d" -MT"src/spi_lab3_main.o" -o "src/spi_lab3_main.o" "../src/spi_lab3_main.c"
In file included from ../src/spi_lab3_main.c:66:
../src/initialization.h:52: warning: "configGENERATE_RUN_TIME_STATS" redefined
 #define configGENERATE_RUN_TIME_STATS 1
 
In file included from ../../Lab3_bsp/ps7_cortexa9_0/include/FreeRTOS.h:56,
                 from ../src/spi_lab3_main.c:51:
../../Lab3_bsp/ps7_cortexa9_0/include/FreeRTOSConfig.h:109: note: this is the location of the previous definition
 #define configGENERATE_RUN_TIME_STATS 0
 
Finished building: ../src/spi_lab3_main.c
 
Building target: Lab3.elf
Invoking: ARM v7 gcc linker
arm-none-eabi-gcc -mcpu=cortex-a9 -mfpu=vfpv3 -mfloat-abi=hard -Wl,-build-id=none -specs=Xilinx.spec -Wl,-T -Wl,../src/lscript.ld -L../../Lab3_bsp/ps7_cortexa9_0/lib -o "Lab3.elf"  ./src/initialization.o ./src/spi_lab3_main.o   -Wl,--start-group,-lxil,-lfreertos,-lgcc,-lc,--end-group
Finished building target: Lab3.elf
 
Invoking: ARM v7 Print Size
arm-none-eabi-size Lab3.elf  |tee "Lab3.elf.size"
   text	   data	    bss	    dec	    hex	filename
  90588	   3416	  89648	 183652	  2cd64	Lab3.elf
Finished building: Lab3.elf.size
 
18:39:35 **** Auto Build of configuration Debug for project Lab3 ****
make pre-build main-build 
a9-linaro-pre-build-step
 
Building file: ../src/spi_lab3_main.c
Invoking: ARM v7 gcc compiler
arm-none-eabi-gcc -Wall -O0 -g3 -c -fmessage-length=0 -MT"src/spi_lab3_main.o" -mcpu=cortex-a9 -mfpu=vfpv3 -mfloat-abi=hard -I../../Lab3_bsp/ps7_cortexa9_0/include -MMD -MP -MF"src/spi_lab3_main.d" -MT"src/spi_lab3_main.o" -o "src/spi_lab3_main.o" "../src/spi_lab3_main.c"
In file included from ../src/spi_lab3_main.c:66:
../src/initialization.h:52: warning: "configGENERATE_RUN_TIME_STATS" redefined
 #define configGENERATE_RUN_TIME_STATS 1
 
In file included from ../../Lab3_bsp/ps7_cortexa9_0/include/FreeRTOS.h:56,
                 from ../src/spi_lab3_main.c:51:
../../Lab3_bsp/ps7_cortexa9_0/include/FreeRTOSConfig.h:109: note: this is the location of the previous definition
 #define configGENERATE_RUN_TIME_STATS 0
 
Finished building: ../src/spi_lab3_main.c
 
Building target: Lab3.elf
Invoking: ARM v7 gcc linker
arm-none-eabi-gcc -mcpu=cortex-a9 -mfpu=vfpv3 -mfloat-abi=hard -Wl,-build-id=none -specs=Xilinx.spec -Wl,-T -Wl,../src/lscript.ld -L../../Lab3_bsp/ps7_cortexa9_0/lib -o "Lab3.elf"  ./src/initialization.o ./src/spi_lab3_main.o   -Wl,--start-group,-lxil,-lfreertos,-lgcc,-lc,--end-group
Finished building target: Lab3.elf
 
Invoking: ARM v7 Print Size
arm-none-eabi-size Lab3.elf  |tee "Lab3.elf.size"
   text	   data	    bss	    dec	    hex	filename
  90652	   3416	  89648	 183716	  2cda4	Lab3.elf
Finished building: Lab3.elf.size
 
18:50:54 **** Auto Build of configuration Debug for project Lab3 ****
make pre-build main-build 
a9-linaro-pre-build-step
 
Building file: ../src/spi_lab3_main.c
Invoking: ARM v7 gcc compiler
arm-none-eabi-gcc -Wall -O0 -g3 -c -fmessage-length=0 -MT"src/spi_lab3_main.o" -mcpu=cortex-a9 -mfpu=vfpv3 -mfloat-abi=hard -I../../Lab3_bsp/ps7_cortexa9_0/include -MMD -MP -MF"src/spi_lab3_main.d" -MT"src/spi_lab3_main.o" -o "src/spi_lab3_main.o" "../src/spi_lab3_main.c"
In file included from ../src/spi_lab3_main.c:66:
../src/initialization.h:52: warning: "configGENERATE_RUN_TIME_STATS" redefined
 #define configGENERATE_RUN_TIME_STATS 1
 
In file included from ../../Lab3_bsp/ps7_cortexa9_0/include/FreeRTOS.h:56,
                 from ../src/spi_lab3_main.c:51:
../../Lab3_bsp/ps7_cortexa9_0/include/FreeRTOSConfig.h:109: note: this is the location of the previous definition
 #define configGENERATE_RUN_TIME_STATS 0
 
../src/spi_lab3_main.c: In function 'TaskSpi0Master':
../src/spi_lab3_main.c:265:4: error: too few arguments to function 'xil_printf'
    xil_printf(  )
    ^~~~~~~~~~
In file included from ../../Lab3_bsp/ps7_cortexa9_0/include/xil_io.h:61,
                 from ../../Lab3_bsp/ps7_cortexa9_0/include/xspips_hw.h:71,
                 from ../../Lab3_bsp/ps7_cortexa9_0/include/xspips.h:268,
                 from ../src/spi_lab3_main.c:61:
../../Lab3_bsp/ps7_cortexa9_0/include/xil_printf.h:39:6: note: declared here
 void xil_printf( const char8 *ctrl1, ...);
      ^~~~~~~~~~
../src/spi_lab3_main.c:265:18: error: expected ';' before 'SpiMasterWrite'
    xil_printf(  )
                  ^
                  ;
    SpiMasterWrite( send_buffer, TRANSFER_SIZE_IN_BYTES );
    ~~~~~~~~~~~~~~ 
make: *** [src/subdir.mk:26: src/spi_lab3_main.o] Error 1
20:24:48 **** Auto Build of configuration Debug for project Lab3 ****
make pre-build main-build 
a9-linaro-pre-build-step
 
Building file: ../src/spi_lab3_main.c
Invoking: ARM v7 gcc compiler
arm-none-eabi-gcc -Wall -O0 -g3 -c -fmessage-length=0 -MT"src/spi_lab3_main.o" -mcpu=cortex-a9 -mfpu=vfpv3 -mfloat-abi=hard -I../../Lab3_bsp/ps7_cortexa9_0/include -MMD -MP -MF"src/spi_lab3_main.d" -MT"src/spi_lab3_main.o" -o "src/spi_lab3_main.o" "../src/spi_lab3_main.c"
In file included from ../src/spi_lab3_main.c:66:
../src/initialization.h:52: warning: "configGENERATE_RUN_TIME_STATS" redefined
 #define configGENERATE_RUN_TIME_STATS 1
 
In file included from ../../Lab3_bsp/ps7_cortexa9_0/include/FreeRTOS.h:56,
                 from ../src/spi_lab3_main.c:51:
../../Lab3_bsp/ps7_cortexa9_0/include/FreeRTOSConfig.h:109: note: this is the location of the previous definition
 #define configGENERATE_RUN_TIME_STATS 0
 
Finished building: ../src/spi_lab3_main.c
 
Building target: Lab3.elf
Invoking: ARM v7 gcc linker
arm-none-eabi-gcc -mcpu=cortex-a9 -mfpu=vfpv3 -mfloat-abi=hard -Wl,-build-id=none -specs=Xilinx.spec -Wl,-T -Wl,../src/lscript.ld -L../../Lab3_bsp/ps7_cortexa9_0/lib -o "Lab3.elf"  ./src/initialization.o ./src/spi_lab3_main.o   -Wl,--start-group,-lxil,-lfreertos,-lgcc,-lc,--end-group
Finished building target: Lab3.elf
 
Invoking: ARM v7 Print Size
arm-none-eabi-size Lab3.elf  |tee "Lab3.elf.size"
   text	   data	    bss	    dec	    hex	filename
  90868	   3416	  89648	 183932	  2ce7c	Lab3.elf
Finished building: Lab3.elf.size
 
20:34:05 **** Auto Build of configuration Debug for project Lab3 ****
make pre-build main-build 
a9-linaro-pre-build-step
 
Building file: ../src/spi_lab3_main.c
Invoking: ARM v7 gcc compiler
arm-none-eabi-gcc -Wall -O0 -g3 -c -fmessage-length=0 -MT"src/spi_lab3_main.o" -mcpu=cortex-a9 -mfpu=vfpv3 -mfloat-abi=hard -I../../Lab3_bsp/ps7_cortexa9_0/include -MMD -MP -MF"src/spi_lab3_main.d" -MT"src/spi_lab3_main.o" -o "src/spi_lab3_main.o" "../src/spi_lab3_main.c"
In file included from ../src/spi_lab3_main.c:66:
../src/initialization.h:52: warning: "configGENERATE_RUN_TIME_STATS" redefined
 #define configGENERATE_RUN_TIME_STATS 1
 
In file included from ../../Lab3_bsp/ps7_cortexa9_0/include/FreeRTOS.h:56,
                 from ../src/spi_lab3_main.c:51:
../../Lab3_bsp/ps7_cortexa9_0/include/FreeRTOSConfig.h:109: note: this is the location of the previous definition
 #define configGENERATE_RUN_TIME_STATS 0
 
Finished building: ../src/spi_lab3_main.c
 
Building target: Lab3.elf
Invoking: ARM v7 gcc linker
arm-none-eabi-gcc -mcpu=cortex-a9 -mfpu=vfpv3 -mfloat-abi=hard -Wl,-build-id=none -specs=Xilinx.spec -Wl,-T -Wl,../src/lscript.ld -L../../Lab3_bsp/ps7_cortexa9_0/lib -o "Lab3.elf"  ./src/initialization.o ./src/spi_lab3_main.o   -Wl,--start-group,-lxil,-lfreertos,-lgcc,-lc,--end-group
Finished building target: Lab3.elf
 
Invoking: ARM v7 Print Size
arm-none-eabi-size Lab3.elf  |tee "Lab3.elf.size"
   text	   data	    bss	    dec	    hex	filename
  90932	   3416	  89648	 183996	  2cebc	Lab3.elf
Finished building: Lab3.elf.size
 
20:40:49 **** Incremental Build of configuration Debug for project Lab3 ****
make pre-build main-build 
a9-linaro-pre-build-step
 
Building file: ../src/spi_lab3_main.c
Invoking: ARM v7 gcc compiler
arm-none-eabi-gcc -Wall -O0 -g3 -c -fmessage-length=0 -MT"src/spi_lab3_main.o" -mcpu=cortex-a9 -mfpu=vfpv3 -mfloat-abi=hard -I../../Lab3_bsp/ps7_cortexa9_0/include -MMD -MP -MF"src/spi_lab3_main.d" -MT"src/spi_lab3_main.o" -o "src/spi_lab3_main.o" "../src/spi_lab3_main.c"
In file included from ../src/spi_lab3_main.c:66:
../src/initialization.h:52: warning: "configGENERATE_RUN_TIME_STATS" redefined
 #define configGENERATE_RUN_TIME_STATS 1
 
In file included from ../../Lab3_bsp/ps7_cortexa9_0/include/FreeRTOS.h:56,
                 from ../src/spi_lab3_main.c:51:
../../Lab3_bsp/ps7_cortexa9_0/include/FreeRTOSConfig.h:109: note: this is the location of the previous definition
 #define configGENERATE_RUN_TIME_STATS 0
 
Finished building: ../src/spi_lab3_main.c
 
Building target: Lab3.elf
Invoking: ARM v7 gcc linker
arm-none-eabi-gcc -mcpu=cortex-a9 -mfpu=vfpv3 -mfloat-abi=hard -Wl,-build-id=none -specs=Xilinx.spec -Wl,-T -Wl,../src/lscript.ld -L../../Lab3_bsp/ps7_cortexa9_0/lib -o "Lab3.elf"  ./src/initialization.o ./src/spi_lab3_main.o   -Wl,--start-group,-lxil,-lfreertos,-lgcc,-lc,--end-group
Finished building target: Lab3.elf
 
Invoking: ARM v7 Print Size
arm-none-eabi-size Lab3.elf  |tee "Lab3.elf.size"
   text	   data	    bss	    dec	    hex	filename
  90932	   3416	  89648	 183996	  2cebc	Lab3.elf
Finished building: Lab3.elf.size
 
20:43:42 **** Auto Build of configuration Debug for project Lab3 ****
make pre-build main-build 
a9-linaro-pre-build-step
 
Building file: ../src/spi_lab3_main.c
Invoking: ARM v7 gcc compiler
arm-none-eabi-gcc -Wall -O0 -g3 -c -fmessage-length=0 -MT"src/spi_lab3_main.o" -mcpu=cortex-a9 -mfpu=vfpv3 -mfloat-abi=hard -I../../Lab3_bsp/ps7_cortexa9_0/include -MMD -MP -MF"src/spi_lab3_main.d" -MT"src/spi_lab3_main.o" -o "src/spi_lab3_main.o" "../src/spi_lab3_main.c"
In file included from ../src/spi_lab3_main.c:66:
../src/initialization.h:52: warning: "configGENERATE_RUN_TIME_STATS" redefined
 #define configGENERATE_RUN_TIME_STATS 1
 
In file included from ../../Lab3_bsp/ps7_cortexa9_0/include/FreeRTOS.h:56,
                 from ../src/spi_lab3_main.c:51:
../../Lab3_bsp/ps7_cortexa9_0/include/FreeRTOSConfig.h:109: note: this is the location of the previous definition
 #define configGENERATE_RUN_TIME_STATS 0
 
Finished building: ../src/spi_lab3_main.c
 
Building target: Lab3.elf
Invoking: ARM v7 gcc linker
arm-none-eabi-gcc -mcpu=cortex-a9 -mfpu=vfpv3 -mfloat-abi=hard -Wl,-build-id=none -specs=Xilinx.spec -Wl,-T -Wl,../src/lscript.ld -L../../Lab3_bsp/ps7_cortexa9_0/lib -o "Lab3.elf"  ./src/initialization.o ./src/spi_lab3_main.o   -Wl,--start-group,-lxil,-lfreertos,-lgcc,-lc,--end-group
Finished building target: Lab3.elf
 
Invoking: ARM v7 Print Size
arm-none-eabi-size Lab3.elf  |tee "Lab3.elf.size"
   text	   data	    bss	    dec	    hex	filename
  90932	   3416	  89648	 183996	  2cebc	Lab3.elf
Finished building: Lab3.elf.size
 
20:43:52 **** Incremental Build of configuration Debug for project Lab3 ****
make pre-build main-build 
a9-linaro-pre-build-step
 
make: Nothing to be done for 'main-build'.
20:50:43 **** Auto Build of configuration Debug for project Lab3 ****
make pre-build main-build 
a9-linaro-pre-build-step
 
Building file: ../src/spi_lab3_main.c
Invoking: ARM v7 gcc compiler
arm-none-eabi-gcc -Wall -O0 -g3 -c -fmessage-length=0 -MT"src/spi_lab3_main.o" -mcpu=cortex-a9 -mfpu=vfpv3 -mfloat-abi=hard -I../../Lab3_bsp/ps7_cortexa9_0/include -MMD -MP -MF"src/spi_lab3_main.d" -MT"src/spi_lab3_main.o" -o "src/spi_lab3_main.o" "../src/spi_lab3_main.c"
In file included from ../src/spi_lab3_main.c:66:
../src/initialization.h:52: warning: "configGENERATE_RUN_TIME_STATS" redefined
 #define configGENERATE_RUN_TIME_STATS 1
 
In file included from ../../Lab3_bsp/ps7_cortexa9_0/include/FreeRTOS.h:56,
                 from ../src/spi_lab3_main.c:51:
../../Lab3_bsp/ps7_cortexa9_0/include/FreeRTOSConfig.h:109: note: this is the location of the previous definition
 #define configGENERATE_RUN_TIME_STATS 0
 
Finished building: ../src/spi_lab3_main.c
 
Building target: Lab3.elf
Invoking: ARM v7 gcc linker
arm-none-eabi-gcc -mcpu=cortex-a9 -mfpu=vfpv3 -mfloat-abi=hard -Wl,-build-id=none -specs=Xilinx.spec -Wl,-T -Wl,../src/lscript.ld -L../../Lab3_bsp/ps7_cortexa9_0/lib -o "Lab3.elf"  ./src/initialization.o ./src/spi_lab3_main.o   -Wl,--start-group,-lxil,-lfreertos,-lgcc,-lc,--end-group
Finished building target: Lab3.elf
 
Invoking: ARM v7 Print Size
arm-none-eabi-size Lab3.elf  |tee "Lab3.elf.size"
   text	   data	    bss	    dec	    hex	filename
  90996	   3416	  89648	 184060	  2cefc	Lab3.elf
Finished building: Lab3.elf.size
 
20:51:21 **** Incremental Build of configuration Debug for project Lab3 ****
make pre-build main-build 
a9-linaro-pre-build-step
 
Building file: ../src/spi_lab3_main.c
Invoking: ARM v7 gcc compiler
arm-none-eabi-gcc -Wall -O0 -g3 -c -fmessage-length=0 -MT"src/spi_lab3_main.o" -mcpu=cortex-a9 -mfpu=vfpv3 -mfloat-abi=hard -I../../Lab3_bsp/ps7_cortexa9_0/include -MMD -MP -MF"src/spi_lab3_main.d" -MT"src/spi_lab3_main.o" -o "src/spi_lab3_main.o" "../src/spi_lab3_main.c"
In file included from ../src/spi_lab3_main.c:66:
../src/initialization.h:52: warning: "configGENERATE_RUN_TIME_STATS" redefined
 #define configGENERATE_RUN_TIME_STATS 1
 
In file included from ../../Lab3_bsp/ps7_cortexa9_0/include/FreeRTOS.h:56,
                 from ../src/spi_lab3_main.c:51:
../../Lab3_bsp/ps7_cortexa9_0/include/FreeRTOSConfig.h:109: note: this is the location of the previous definition
 #define configGENERATE_RUN_TIME_STATS 0
 
Finished building: ../src/spi_lab3_main.c
 
Building target: Lab3.elf
Invoking: ARM v7 gcc linker
arm-none-eabi-gcc -mcpu=cortex-a9 -mfpu=vfpv3 -mfloat-abi=hard -Wl,-build-id=none -specs=Xilinx.spec -Wl,-T -Wl,../src/lscript.ld -L../../Lab3_bsp/ps7_cortexa9_0/lib -o "Lab3.elf"  ./src/initialization.o ./src/spi_lab3_main.o   -Wl,--start-group,-lxil,-lfreertos,-lgcc,-lc,--end-group
Finished building target: Lab3.elf
 
Invoking: ARM v7 Print Size
arm-none-eabi-size Lab3.elf  |tee "Lab3.elf.size"
   text	   data	    bss	    dec	    hex	filename
  90996	   3416	  89648	 184060	  2cefc	Lab3.elf
Finished building: Lab3.elf.size
 
20:53:42 **** Incremental Build of configuration Debug for project Lab3 ****
make pre-build main-build 
a9-linaro-pre-build-step
 
make: Nothing to be done for 'main-build'.
20:57:38 **** Incremental Build of configuration Debug for project Lab3 ****
make pre-build main-build 
a9-linaro-pre-build-step
 
Building file: ../src/spi_lab3_main.c
Invoking: ARM v7 gcc compiler
arm-none-eabi-gcc -Wall -O0 -g3 -c -fmessage-length=0 -MT"src/spi_lab3_main.o" -mcpu=cortex-a9 -mfpu=vfpv3 -mfloat-abi=hard -I../../Lab3_bsp/ps7_cortexa9_0/include -MMD -MP -MF"src/spi_lab3_main.d" -MT"src/spi_lab3_main.o" -o "src/spi_lab3_main.o" "../src/spi_lab3_main.c"
In file included from ../src/spi_lab3_main.c:66:
../src/initialization.h:52: warning: "configGENERATE_RUN_TIME_STATS" redefined
 #define configGENERATE_RUN_TIME_STATS 1
 
In file included from ../../Lab3_bsp/ps7_cortexa9_0/include/FreeRTOS.h:56,
                 from ../src/spi_lab3_main.c:51:
../../Lab3_bsp/ps7_cortexa9_0/include/FreeRTOSConfig.h:109: note: this is the location of the previous definition
 #define configGENERATE_RUN_TIME_STATS 0
 
Finished building: ../src/spi_lab3_main.c
 
Building target: Lab3.elf
Invoking: ARM v7 gcc linker
arm-none-eabi-gcc -mcpu=cortex-a9 -mfpu=vfpv3 -mfloat-abi=hard -Wl,-build-id=none -specs=Xilinx.spec -Wl,-T -Wl,../src/lscript.ld -L../../Lab3_bsp/ps7_cortexa9_0/lib -o "Lab3.elf"  ./src/initialization.o ./src/spi_lab3_main.o   -Wl,--start-group,-lxil,-lfreertos,-lgcc,-lc,--end-group
Finished building target: Lab3.elf
 
Invoking: ARM v7 Print Size
arm-none-eabi-size Lab3.elf  |tee "Lab3.elf.size"
   text	   data	    bss	    dec	    hex	filename
  90428	   3416	  89648	 183492	  2ccc4	Lab3.elf
Finished building: Lab3.elf.size
 
21:03:41 **** Incremental Build of configuration Debug for project Lab3 ****
make pre-build main-build 
a9-linaro-pre-build-step
 
make: Nothing to be done for 'main-build'.
21:08:15 **** Auto Build of configuration Debug for project Lab3 ****
make pre-build main-build 
a9-linaro-pre-build-step
 
Building file: ../src/spi_lab3_main.c
Invoking: ARM v7 gcc compiler
arm-none-eabi-gcc -Wall -O0 -g3 -c -fmessage-length=0 -MT"src/spi_lab3_main.o" -mcpu=cortex-a9 -mfpu=vfpv3 -mfloat-abi=hard -I../../Lab3_bsp/ps7_cortexa9_0/include -MMD -MP -MF"src/spi_lab3_main.d" -MT"src/spi_lab3_main.o" -o "src/spi_lab3_main.o" "../src/spi_lab3_main.c"
In file included from ../src/spi_lab3_main.c:66:
../src/initialization.h:52: warning: "configGENERATE_RUN_TIME_STATS" redefined
 #define configGENERATE_RUN_TIME_STATS 1
 
In file included from ../../Lab3_bsp/ps7_cortexa9_0/include/FreeRTOS.h:56,
                 from ../src/spi_lab3_main.c:51:
../../Lab3_bsp/ps7_cortexa9_0/include/FreeRTOSConfig.h:109: note: this is the location of the previous definition
 #define configGENERATE_RUN_TIME_STATS 0
 
Finished building: ../src/spi_lab3_main.c
 
Building target: Lab3.elf
Invoking: ARM v7 gcc linker
arm-none-eabi-gcc -mcpu=cortex-a9 -mfpu=vfpv3 -mfloat-abi=hard -Wl,-build-id=none -specs=Xilinx.spec -Wl,-T -Wl,../src/lscript.ld -L../../Lab3_bsp/ps7_cortexa9_0/lib -o "Lab3.elf"  ./src/initialization.o ./src/spi_lab3_main.o   -Wl,--start-group,-lxil,-lfreertos,-lgcc,-lc,--end-group
Finished building target: Lab3.elf
 
Invoking: ARM v7 Print Size
arm-none-eabi-size Lab3.elf  |tee "Lab3.elf.size"
   text	   data	    bss	    dec	    hex	filename
  90492	   3416	  89648	 183556	  2cd04	Lab3.elf
Finished building: Lab3.elf.size
 
21:08:19 **** Incremental Build of configuration Debug for project Lab3 ****
make pre-build main-build 
a9-linaro-pre-build-step
 
make: Nothing to be done for 'main-build'.
21:09:01 **** Incremental Build of configuration Debug for project Lab3 ****
make pre-build main-build 
a9-linaro-pre-build-step
 
make: Nothing to be done for 'main-build'.
21:11:13 **** Auto Build of configuration Debug for project Lab3 ****
make pre-build main-build 
a9-linaro-pre-build-step
 
Building file: ../src/spi_lab3_main.c
Invoking: ARM v7 gcc compiler
arm-none-eabi-gcc -Wall -O0 -g3 -c -fmessage-length=0 -MT"src/spi_lab3_main.o" -mcpu=cortex-a9 -mfpu=vfpv3 -mfloat-abi=hard -I../../Lab3_bsp/ps7_cortexa9_0/include -MMD -MP -MF"src/spi_lab3_main.d" -MT"src/spi_lab3_main.o" -o "src/spi_lab3_main.o" "../src/spi_lab3_main.c"
In file included from ../src/spi_lab3_main.c:66:
../src/initialization.h:52: warning: "configGENERATE_RUN_TIME_STATS" redefined
 #define configGENERATE_RUN_TIME_STATS 1
 
In file included from ../../Lab3_bsp/ps7_cortexa9_0/include/FreeRTOS.h:56,
                 from ../src/spi_lab3_main.c:51:
../../Lab3_bsp/ps7_cortexa9_0/include/FreeRTOSConfig.h:109: note: this is the location of the previous definition
 #define configGENERATE_RUN_TIME_STATS 0
 
Finished building: ../src/spi_lab3_main.c
 
Building target: Lab3.elf
Invoking: ARM v7 gcc linker
arm-none-eabi-gcc -mcpu=cortex-a9 -mfpu=vfpv3 -mfloat-abi=hard -Wl,-build-id=none -specs=Xilinx.spec -Wl,-T -Wl,../src/lscript.ld -L../../Lab3_bsp/ps7_cortexa9_0/lib -o "Lab3.elf"  ./src/initialization.o ./src/spi_lab3_main.o   -Wl,--start-group,-lxil,-lfreertos,-lgcc,-lc,--end-group
Finished building target: Lab3.elf
 
Invoking: ARM v7 Print Size
arm-none-eabi-size Lab3.elf  |tee "Lab3.elf.size"
   text	   data	    bss	    dec	    hex	filename
  90492	   3416	  89648	 183556	  2cd04	Lab3.elf
Finished building: Lab3.elf.size
 
21:11:26 **** Incremental Build of configuration Debug for project Lab3 ****
make pre-build main-build 
a9-linaro-pre-build-step
 
make: Nothing to be done for 'main-build'.
21:11:39 **** Incremental Build of configuration Debug for project Lab3 ****
make pre-build main-build 
a9-linaro-pre-build-step
 
make: Nothing to be done for 'main-build'.
21:12:30 **** Incremental Build of configuration Debug for project Lab3 ****
make pre-build main-build 
a9-linaro-pre-build-step
 
make: Nothing to be done for 'main-build'.
21:14:22 **** Incremental Build of configuration Debug for project Lab3 ****
make pre-build main-build 
a9-linaro-pre-build-step
 
make: Nothing to be done for 'main-build'.
21:15:11 **** Incremental Build of configuration Debug for project Lab3 ****
make pre-build main-build 
a9-linaro-pre-build-step
 
make: Nothing to be done for 'main-build'.
21:18:41 **** Auto Build of configuration Debug for project Lab3 ****
make pre-build main-build 
a9-linaro-pre-build-step
 
Building file: ../src/spi_lab3_main.c
Invoking: ARM v7 gcc compiler
arm-none-eabi-gcc -Wall -O0 -g3 -c -fmessage-length=0 -MT"src/spi_lab3_main.o" -mcpu=cortex-a9 -mfpu=vfpv3 -mfloat-abi=hard -I../../Lab3_bsp/ps7_cortexa9_0/include -MMD -MP -MF"src/spi_lab3_main.d" -MT"src/spi_lab3_main.o" -o "src/spi_lab3_main.o" "../src/spi_lab3_main.c"
In file included from ../src/spi_lab3_main.c:66:
../src/initialization.h:52: warning: "configGENERATE_RUN_TIME_STATS" redefined
 #define configGENERATE_RUN_TIME_STATS 1
 
In file included from ../../Lab3_bsp/ps7_cortexa9_0/include/FreeRTOS.h:56,
                 from ../src/spi_lab3_main.c:51:
../../Lab3_bsp/ps7_cortexa9_0/include/FreeRTOSConfig.h:109: note: this is the location of the previous definition
 #define configGENERATE_RUN_TIME_STATS 0
 
../src/spi_lab3_main.c: In function 'TaskSpi0Master':
../src/spi_lab3_main.c:292:34: warning: comparison between pointer and integer
     if ( send_SPI_data_via_FIFO2 != NULL )
                                  ^~
Finished building: ../src/spi_lab3_main.c
 
Building target: Lab3.elf
Invoking: ARM v7 gcc linker
arm-none-eabi-gcc -mcpu=cortex-a9 -mfpu=vfpv3 -mfloat-abi=hard -Wl,-build-id=none -specs=Xilinx.spec -Wl,-T -Wl,../src/lscript.ld -L../../Lab3_bsp/ps7_cortexa9_0/lib -o "Lab3.elf"  ./src/initialization.o ./src/spi_lab3_main.o   -Wl,--start-group,-lxil,-lfreertos,-lgcc,-lc,--end-group
Finished building target: Lab3.elf
 
Invoking: ARM v7 Print Size
arm-none-eabi-size Lab3.elf  |tee "Lab3.elf.size"
   text	   data	    bss	    dec	    hex	filename
  90492	   3416	  89648	 183556	  2cd04	Lab3.elf
Finished building: Lab3.elf.size
 
21:18:45 **** Incremental Build of configuration Debug for project Lab3 ****
make pre-build main-build 
a9-linaro-pre-build-step
 
make: Nothing to be done for 'main-build'.
21:19:12 **** Auto Build of configuration Debug for project Lab3 ****
make pre-build main-build 
a9-linaro-pre-build-step
 
Building file: ../src/spi_lab3_main.c
Invoking: ARM v7 gcc compiler
arm-none-eabi-gcc -Wall -O0 -g3 -c -fmessage-length=0 -MT"src/spi_lab3_main.o" -mcpu=cortex-a9 -mfpu=vfpv3 -mfloat-abi=hard -I../../Lab3_bsp/ps7_cortexa9_0/include -MMD -MP -MF"src/spi_lab3_main.d" -MT"src/spi_lab3_main.o" -o "src/spi_lab3_main.o" "../src/spi_lab3_main.c"
In file included from ../src/spi_lab3_main.c:66:
../src/initialization.h:52: warning: "configGENERATE_RUN_TIME_STATS" redefined
 #define configGENERATE_RUN_TIME_STATS 1
 
In file included from ../../Lab3_bsp/ps7_cortexa9_0/include/FreeRTOS.h:56,
                 from ../src/spi_lab3_main.c:51:
../../Lab3_bsp/ps7_cortexa9_0/include/FreeRTOSConfig.h:109: note: this is the location of the previous definition
 #define configGENERATE_RUN_TIME_STATS 0
 
Finished building: ../src/spi_lab3_main.c
 
Building target: Lab3.elf
Invoking: ARM v7 gcc linker
arm-none-eabi-gcc -mcpu=cortex-a9 -mfpu=vfpv3 -mfloat-abi=hard -Wl,-build-id=none -specs=Xilinx.spec -Wl,-T -Wl,../src/lscript.ld -L../../Lab3_bsp/ps7_cortexa9_0/lib -o "Lab3.elf"  ./src/initialization.o ./src/spi_lab3_main.o   -Wl,--start-group,-lxil,-lfreertos,-lgcc,-lc,--end-group
Finished building target: Lab3.elf
 
Invoking: ARM v7 Print Size
arm-none-eabi-size Lab3.elf  |tee "Lab3.elf.size"
   text	   data	    bss	    dec	    hex	filename
  90428	   3416	  89648	 183492	  2ccc4	Lab3.elf
Finished building: Lab3.elf.size
 
21:19:13 **** Incremental Build of configuration Debug for project Lab3 ****
make pre-build main-build 
a9-linaro-pre-build-step
 
make: Nothing to be done for 'main-build'.
21:20:57 **** Incremental Build of configuration Debug for project Lab3 ****
make pre-build main-build 
a9-linaro-pre-build-step
 
Building file: ../src/spi_lab3_main.c
Invoking: ARM v7 gcc compiler
arm-none-eabi-gcc -Wall -O0 -g3 -c -fmessage-length=0 -MT"src/spi_lab3_main.o" -mcpu=cortex-a9 -mfpu=vfpv3 -mfloat-abi=hard -I../../Lab3_bsp/ps7_cortexa9_0/include -MMD -MP -MF"src/spi_lab3_main.d" -MT"src/spi_lab3_main.o" -o "src/spi_lab3_main.o" "../src/spi_lab3_main.c"
In file included from ../src/spi_lab3_main.c:66:
../src/initialization.h:52: warning: "configGENERATE_RUN_TIME_STATS" redefined
 #define configGENERATE_RUN_TIME_STATS 1
 
In file included from ../../Lab3_bsp/ps7_cortexa9_0/include/FreeRTOS.h:56,
                 from ../src/spi_lab3_main.c:51:
../../Lab3_bsp/ps7_cortexa9_0/include/FreeRTOSConfig.h:109: note: this is the location of the previous definition
 #define configGENERATE_RUN_TIME_STATS 0
 
Finished building: ../src/spi_lab3_main.c
 
Building target: Lab3.elf
Invoking: ARM v7 gcc linker
arm-none-eabi-gcc -mcpu=cortex-a9 -mfpu=vfpv3 -mfloat-abi=hard -Wl,-build-id=none -specs=Xilinx.spec -Wl,-T -Wl,../src/lscript.ld -L../../Lab3_bsp/ps7_cortexa9_0/lib -o "Lab3.elf"  ./src/initialization.o ./src/spi_lab3_main.o   -Wl,--start-group,-lxil,-lfreertos,-lgcc,-lc,--end-group
Finished building target: Lab3.elf
 
Invoking: ARM v7 Print Size
arm-none-eabi-size Lab3.elf  |tee "Lab3.elf.size"
   text	   data	    bss	    dec	    hex	filename
  90428	   3416	  89648	 183492	  2ccc4	Lab3.elf
Finished building: Lab3.elf.size
 
21:22:28 **** Auto Build of configuration Debug for project Lab3 ****
make pre-build main-build 
a9-linaro-pre-build-step
 
Building file: ../src/spi_lab3_main.c
Invoking: ARM v7 gcc compiler
arm-none-eabi-gcc -Wall -O0 -g3 -c -fmessage-length=0 -MT"src/spi_lab3_main.o" -mcpu=cortex-a9 -mfpu=vfpv3 -mfloat-abi=hard -I../../Lab3_bsp/ps7_cortexa9_0/include -MMD -MP -MF"src/spi_lab3_main.d" -MT"src/spi_lab3_main.o" -o "src/spi_lab3_main.o" "../src/spi_lab3_main.c"
In file included from ../src/spi_lab3_main.c:66:
../src/initialization.h:52: warning: "configGENERATE_RUN_TIME_STATS" redefined
 #define configGENERATE_RUN_TIME_STATS 1
 
In file included from ../../Lab3_bsp/ps7_cortexa9_0/include/FreeRTOS.h:56,
                 from ../src/spi_lab3_main.c:51:
../../Lab3_bsp/ps7_cortexa9_0/include/FreeRTOSConfig.h:109: note: this is the location of the previous definition
 #define configGENERATE_RUN_TIME_STATS 0
 
Finished building: ../src/spi_lab3_main.c
 
Building target: Lab3.elf
Invoking: ARM v7 gcc linker
arm-none-eabi-gcc -mcpu=cortex-a9 -mfpu=vfpv3 -mfloat-abi=hard -Wl,-build-id=none -specs=Xilinx.spec -Wl,-T -Wl,../src/lscript.ld -L../../Lab3_bsp/ps7_cortexa9_0/lib -o "Lab3.elf"  ./src/initialization.o ./src/spi_lab3_main.o   -Wl,--start-group,-lxil,-lfreertos,-lgcc,-lc,--end-group
Finished building target: Lab3.elf
 
Invoking: ARM v7 Print Size
arm-none-eabi-size Lab3.elf  |tee "Lab3.elf.size"
   text	   data	    bss	    dec	    hex	filename
  90428	   3416	  89648	 183492	  2ccc4	Lab3.elf
Finished building: Lab3.elf.size
 
21:22:31 **** Incremental Build of configuration Debug for project Lab3 ****
make pre-build main-build 
a9-linaro-pre-build-step
 
make: Nothing to be done for 'main-build'.
21:25:22 **** Auto Build of configuration Debug for project Lab3 ****
make pre-build main-build 
a9-linaro-pre-build-step
 
Building file: ../src/spi_lab3_main.c
Invoking: ARM v7 gcc compiler
arm-none-eabi-gcc -Wall -O0 -g3 -c -fmessage-length=0 -MT"src/spi_lab3_main.o" -mcpu=cortex-a9 -mfpu=vfpv3 -mfloat-abi=hard -I../../Lab3_bsp/ps7_cortexa9_0/include -MMD -MP -MF"src/spi_lab3_main.d" -MT"src/spi_lab3_main.o" -o "src/spi_lab3_main.o" "../src/spi_lab3_main.c"
In file included from ../src/spi_lab3_main.c:66:
../src/initialization.h:52: warning: "configGENERATE_RUN_TIME_STATS" redefined
 #define configGENERATE_RUN_TIME_STATS 1
 
In file included from ../../Lab3_bsp/ps7_cortexa9_0/include/FreeRTOS.h:56,
                 from ../src/spi_lab3_main.c:51:
../../Lab3_bsp/ps7_cortexa9_0/include/FreeRTOSConfig.h:109: note: this is the location of the previous definition
 #define configGENERATE_RUN_TIME_STATS 0
 
Finished building: ../src/spi_lab3_main.c
 
Building target: Lab3.elf
Invoking: ARM v7 gcc linker
arm-none-eabi-gcc -mcpu=cortex-a9 -mfpu=vfpv3 -mfloat-abi=hard -Wl,-build-id=none -specs=Xilinx.spec -Wl,-T -Wl,../src/lscript.ld -L../../Lab3_bsp/ps7_cortexa9_0/lib -o "Lab3.elf"  ./src/initialization.o ./src/spi_lab3_main.o   -Wl,--start-group,-lxil,-lfreertos,-lgcc,-lc,--end-group
Finished building target: Lab3.elf
 
Invoking: ARM v7 Print Size
arm-none-eabi-size Lab3.elf  |tee "Lab3.elf.size"
   text	   data	    bss	    dec	    hex	filename
  90428	   3416	  89648	 183492	  2ccc4	Lab3.elf
Finished building: Lab3.elf.size
 
21:30:39 **** Incremental Build of configuration Debug for project Lab3 ****
make pre-build main-build 
a9-linaro-pre-build-step
 
Building file: ../src/spi_lab3_main.c
Invoking: ARM v7 gcc compiler
arm-none-eabi-gcc -Wall -O0 -g3 -c -fmessage-length=0 -MT"src/spi_lab3_main.o" -mcpu=cortex-a9 -mfpu=vfpv3 -mfloat-abi=hard -I../../Lab3_bsp/ps7_cortexa9_0/include -MMD -MP -MF"src/spi_lab3_main.d" -MT"src/spi_lab3_main.o" -o "src/spi_lab3_main.o" "../src/spi_lab3_main.c"
In file included from ../src/spi_lab3_main.c:66:
../src/initialization.h:52: warning: "configGENERATE_RUN_TIME_STATS" redefined
 #define configGENERATE_RUN_TIME_STATS 1
 
In file included from ../../Lab3_bsp/ps7_cortexa9_0/include/FreeRTOS.h:56,
                 from ../src/spi_lab3_main.c:51:
../../Lab3_bsp/ps7_cortexa9_0/include/FreeRTOSConfig.h:109: note: this is the location of the previous definition
 #define configGENERATE_RUN_TIME_STATS 0
 
Finished building: ../src/spi_lab3_main.c
 
Building target: Lab3.elf
Invoking: ARM v7 gcc linker
arm-none-eabi-gcc -mcpu=cortex-a9 -mfpu=vfpv3 -mfloat-abi=hard -Wl,-build-id=none -specs=Xilinx.spec -Wl,-T -Wl,../src/lscript.ld -L../../Lab3_bsp/ps7_cortexa9_0/lib -o "Lab3.elf"  ./src/initialization.o ./src/spi_lab3_main.o   -Wl,--start-group,-lxil,-lfreertos,-lgcc,-lc,--end-group
Finished building target: Lab3.elf
 
Invoking: ARM v7 Print Size
arm-none-eabi-size Lab3.elf  |tee "Lab3.elf.size"
   text	   data	    bss	    dec	    hex	filename
  90428	   3416	  89648	 183492	  2ccc4	Lab3.elf
Finished building: Lab3.elf.size
 
21:41:42 **** Incremental Build of configuration Debug for project Lab3 ****
make pre-build main-build 
a9-linaro-pre-build-step
 
make: Nothing to be done for 'main-build'.
21:46:52 **** Auto Build of configuration Debug for project Lab3 ****
make pre-build main-build 
a9-linaro-pre-build-step
 
Building file: ../src/spi_lab3_main.c
Invoking: ARM v7 gcc compiler
arm-none-eabi-gcc -Wall -O0 -g3 -c -fmessage-length=0 -MT"src/spi_lab3_main.o" -mcpu=cortex-a9 -mfpu=vfpv3 -mfloat-abi=hard -I../../Lab3_bsp/ps7_cortexa9_0/include -MMD -MP -MF"src/spi_lab3_main.d" -MT"src/spi_lab3_main.o" -o "src/spi_lab3_main.o" "../src/spi_lab3_main.c"
In file included from ../src/spi_lab3_main.c:66:
../src/initialization.h:52: warning: "configGENERATE_RUN_TIME_STATS" redefined
 #define configGENERATE_RUN_TIME_STATS 1
 
In file included from ../../Lab3_bsp/ps7_cortexa9_0/include/FreeRTOS.h:56,
                 from ../src/spi_lab3_main.c:51:
../../Lab3_bsp/ps7_cortexa9_0/include/FreeRTOSConfig.h:109: note: this is the location of the previous definition
 #define configGENERATE_RUN_TIME_STATS 0
 
../src/spi_lab3_main.c: In function 'TaskSpi1Slave':
../src/spi_lab3_main.c:475:1: error: expected declaration or statement at end of input
 }
 ^
At top level:
../src/spi_lab3_main.c:461:6: warning: 'checkForValidCommand' defined but not used [-Wunused-function]
 void checkForValidCommand(void){
      ^~~~~~~~~~~~~~~~~~~~
../src/spi_lab3_main.c:442:6: warning: 'checkForTerminationSequence' defined but not used [-Wunused-function]
 void checkForTerminationSequence(void){
      ^~~~~~~~~~~~~~~~~~~~~~~~~~~
../src/spi_lab3_main.c:424:6: warning: 'executeTerminationSequence' defined but not used [-Wunused-function]
 void executeTerminationSequence(void){
      ^~~~~~~~~~~~~~~~~~~~~~~~~~
../src/spi_lab3_main.c:407:6: warning: 'toggleSpiMasterLoopback' defined but not used [-Wunused-function]
 void toggleSpiMasterLoopback(void){
      ^~~~~~~~~~~~~~~~~~~~~~~
../src/spi_lab3_main.c:392:6: warning: 'toggleUARTLoopback' defined but not used [-Wunused-function]
 void toggleUARTLoopback(void){
      ^~~~~~~~~~~~~~~~~~
../src/spi_lab3_main.c:372:6: warning: 'executeSpiMasterCommand' defined but not used [-Wunused-function]
 void executeSpiMasterCommand(void){
      ^~~~~~~~~~~~~~~~~~~~~~~
make: *** [src/subdir.mk:26: src/spi_lab3_main.o] Error 1
21:47:51 **** Auto Build of configuration Debug for project Lab3 ****
make pre-build main-build 
a9-linaro-pre-build-step
 
Building file: ../src/spi_lab3_main.c
Invoking: ARM v7 gcc compiler
arm-none-eabi-gcc -Wall -O0 -g3 -c -fmessage-length=0 -MT"src/spi_lab3_main.o" -mcpu=cortex-a9 -mfpu=vfpv3 -mfloat-abi=hard -I../../Lab3_bsp/ps7_cortexa9_0/include -MMD -MP -MF"src/spi_lab3_main.d" -MT"src/spi_lab3_main.o" -o "src/spi_lab3_main.o" "../src/spi_lab3_main.c"
In file included from ../src/spi_lab3_main.c:66:
../src/initialization.h:52: warning: "configGENERATE_RUN_TIME_STATS" redefined
 #define configGENERATE_RUN_TIME_STATS 1
 
In file included from ../../Lab3_bsp/ps7_cortexa9_0/include/FreeRTOS.h:56,
                 from ../src/spi_lab3_main.c:51:
../../Lab3_bsp/ps7_cortexa9_0/include/FreeRTOSConfig.h:109: note: this is the location of the previous definition
 #define configGENERATE_RUN_TIME_STATS 0
 
Finished building: ../src/spi_lab3_main.c
 
Building target: Lab3.elf
Invoking: ARM v7 gcc linker
arm-none-eabi-gcc -mcpu=cortex-a9 -mfpu=vfpv3 -mfloat-abi=hard -Wl,-build-id=none -specs=Xilinx.spec -Wl,-T -Wl,../src/lscript.ld -L../../Lab3_bsp/ps7_cortexa9_0/lib -o "Lab3.elf"  ./src/initialization.o ./src/spi_lab3_main.o   -Wl,--start-group,-lxil,-lfreertos,-lgcc,-lc,--end-group
Finished building target: Lab3.elf
 
Invoking: ARM v7 Print Size
arm-none-eabi-size Lab3.elf  |tee "Lab3.elf.size"
   text	   data	    bss	    dec	    hex	filename
  90428	   3416	  89648	 183492	  2ccc4	Lab3.elf
Finished building: Lab3.elf.size
 
21:48:28 **** Incremental Build of configuration Debug for project Lab3 ****
make pre-build main-build 
a9-linaro-pre-build-step
 
make: Nothing to be done for 'main-build'.
[...]
 
make: Nothing to be done for 'main-build'.
23:50:29 **** Auto Build of configuration Debug for project Lab3P1 ****
make pre-build main-build 
a9-linaro-pre-build-step
 
Building file: ../src/spi_lab3_main.c
Invoking: ARM v7 gcc compiler
arm-none-eabi-gcc -Wall -O0 -g3 -c -fmessage-length=0 -MT"src/spi_lab3_main.o" -mcpu=cortex-a9 -mfpu=vfpv3 -mfloat-abi=hard -I../../Lab3_bsp/ps7_cortexa9_0/include -MMD -MP -MF"src/spi_lab3_main.d" -MT"src/spi_lab3_main.o" -o "src/spi_lab3_main.o" "../src/spi_lab3_main.c"
In file included from ../src/spi_lab3_main.c:66:
../src/initialization.h:52: warning: "configGENERATE_RUN_TIME_STATS" redefined
 #define configGENERATE_RUN_TIME_STATS 1
 
In file included from ../../Lab3_bsp/ps7_cortexa9_0/include/FreeRTOS.h:56,
                 from ../src/spi_lab3_main.c:51:
../../Lab3_bsp/ps7_cortexa9_0/include/FreeRTOSConfig.h:109: note: this is the location of the previous definition
 #define configGENERATE_RUN_TIME_STATS 0
 
Finished building: ../src/spi_lab3_main.c
 
Building target: Lab3P1.elf
Invoking: ARM v7 gcc linker
arm-none-eabi-gcc -mcpu=cortex-a9 -mfpu=vfpv3 -mfloat-abi=hard -Wl,-build-id=none -specs=Xilinx.spec -Wl,-T -Wl,../src/lscript.ld -L../../Lab3_bsp/ps7_cortexa9_0/lib -o "Lab3P1.elf"  ./src/initialization.o ./src/spi_lab3_main.o   -Wl,--start-group,-lxil,-lfreertos,-lgcc,-lc,--end-group
Finished building target: Lab3P1.elf
 
Invoking: ARM v7 Print Size
arm-none-eabi-size Lab3P1.elf  |tee "Lab3P1.elf.size"
   text	   data	    bss	    dec	    hex	filename
  90364	   3416	  89648	 183428	  2cc84	Lab3P1.elf
Finished building: Lab3P1.elf.size
 
23:50:32 **** Incremental Build of configuration Debug for project Lab3P1 ****
make pre-build main-build 
a9-linaro-pre-build-step
 
make: Nothing to be done for 'main-build'.
23:51:33 **** Incremental Build of configuration Debug for project Lab3P1 ****
make pre-build main-build 
a9-linaro-pre-build-step
 
Building file: ../src/spi_lab3_main.c
Invoking: ARM v7 gcc compiler
arm-none-eabi-gcc -Wall -O0 -g3 -c -fmessage-length=0 -MT"src/spi_lab3_main.o" -mcpu=cortex-a9 -mfpu=vfpv3 -mfloat-abi=hard -I../../Lab3_bsp/ps7_cortexa9_0/include -MMD -MP -MF"src/spi_lab3_main.d" -MT"src/spi_lab3_main.o" -o "src/spi_lab3_main.o" "../src/spi_lab3_main.c"
In file included from ../src/spi_lab3_main.c:66:
../src/initialization.h:52: warning: "configGENERATE_RUN_TIME_STATS" redefined
 #define configGENERATE_RUN_TIME_STATS 1
 
In file included from ../../Lab3_bsp/ps7_cortexa9_0/include/FreeRTOS.h:56,
                 from ../src/spi_lab3_main.c:51:
../../Lab3_bsp/ps7_cortexa9_0/include/FreeRTOSConfig.h:109: note: this is the location of the previous definition
 #define configGENERATE_RUN_TIME_STATS 0
 
Finished building: ../src/spi_lab3_main.c
 
Building target: Lab3P1.elf
Invoking: ARM v7 gcc linker
arm-none-eabi-gcc -mcpu=cortex-a9 -mfpu=vfpv3 -mfloat-abi=hard -Wl,-build-id=none -specs=Xilinx.spec -Wl,-T -Wl,../src/lscript.ld -L../../Lab3_bsp/ps7_cortexa9_0/lib -o "Lab3P1.elf"  ./src/initialization.o ./src/spi_lab3_main.o   -Wl,--start-group,-lxil,-lfreertos,-lgcc,-lc,--end-group
Finished building target: Lab3P1.elf
 
Invoking: ARM v7 Print Size
arm-none-eabi-size Lab3P1.elf  |tee "Lab3P1.elf.size"
   text	   data	    bss	    dec	    hex	filename
  90364	   3416	  89648	 183428	  2cc84	Lab3P1.elf
Finished building: Lab3P1.elf.size
 
23:54:45 **** Auto Build of configuration Debug for project Lab3P1 ****
make pre-build main-build 
a9-linaro-pre-build-step
 
Building file: ../src/spi_lab3_main.c
Invoking: ARM v7 gcc compiler
arm-none-eabi-gcc -Wall -O0 -g3 -c -fmessage-length=0 -MT"src/spi_lab3_main.o" -mcpu=cortex-a9 -mfpu=vfpv3 -mfloat-abi=hard -I../../Lab3_bsp/ps7_cortexa9_0/include -MMD -MP -MF"src/spi_lab3_main.d" -MT"src/spi_lab3_main.o" -o "src/spi_lab3_main.o" "../src/spi_lab3_main.c"
In file included from ../src/spi_lab3_main.c:66:
../src/initialization.h:52: warning: "configGENERATE_RUN_TIME_STATS" redefined
 #define configGENERATE_RUN_TIME_STATS 1
 
In file included from ../../Lab3_bsp/ps7_cortexa9_0/include/FreeRTOS.h:56,
                 from ../src/spi_lab3_main.c:51:
../../Lab3_bsp/ps7_cortexa9_0/include/FreeRTOSConfig.h:109: note: this is the location of the previous definition
 #define configGENERATE_RUN_TIME_STATS 0
 
Finished building: ../src/spi_lab3_main.c
 
Building target: Lab3P1.elf
Invoking: ARM v7 gcc linker
arm-none-eabi-gcc -mcpu=cortex-a9 -mfpu=vfpv3 -mfloat-abi=hard -Wl,-build-id=none -specs=Xilinx.spec -Wl,-T -Wl,../src/lscript.ld -L../../Lab3_bsp/ps7_cortexa9_0/lib -o "Lab3P1.elf"  ./src/initialization.o ./src/spi_lab3_main.o   -Wl,--start-group,-lxil,-lfreertos,-lgcc,-lc,--end-group
Finished building target: Lab3P1.elf
 
Invoking: ARM v7 Print Size
arm-none-eabi-size Lab3P1.elf  |tee "Lab3P1.elf.size"
   text	   data	    bss	    dec	    hex	filename
  90364	   3416	  89648	 183428	  2cc84	Lab3P1.elf
Finished building: Lab3P1.elf.size
 
23:54:52 **** Incremental Build of configuration Debug for project Lab3P1 ****
make pre-build main-build 
a9-linaro-pre-build-step
 
Building file: ../src/spi_lab3_main.c
Invoking: ARM v7 gcc compiler
arm-none-eabi-gcc -Wall -O0 -g3 -c -fmessage-length=0 -MT"src/spi_lab3_main.o" -mcpu=cortex-a9 -mfpu=vfpv3 -mfloat-abi=hard -I../../Lab3_bsp/ps7_cortexa9_0/include -MMD -MP -MF"src/spi_lab3_main.d" -MT"src/spi_lab3_main.o" -o "src/spi_lab3_main.o" "../src/spi_lab3_main.c"
In file included from ../src/spi_lab3_main.c:66:
../src/initialization.h:52: warning: "configGENERATE_RUN_TIME_STATS" redefined
 #define configGENERATE_RUN_TIME_STATS 1
 
In file included from ../../Lab3_bsp/ps7_cortexa9_0/include/FreeRTOS.h:56,
                 from ../src/spi_lab3_main.c:51:
../../Lab3_bsp/ps7_cortexa9_0/include/FreeRTOSConfig.h:109: note: this is the location of the previous definition
 #define configGENERATE_RUN_TIME_STATS 0
 
Finished building: ../src/spi_lab3_main.c
 
Building target: Lab3P1.elf
Invoking: ARM v7 gcc linker
arm-none-eabi-gcc -mcpu=cortex-a9 -mfpu=vfpv3 -mfloat-abi=hard -Wl,-build-id=none -specs=Xilinx.spec -Wl,-T -Wl,../src/lscript.ld -L../../Lab3_bsp/ps7_cortexa9_0/lib -o "Lab3P1.elf"  ./src/initialization.o ./src/spi_lab3_main.o   -Wl,--start-group,-lxil,-lfreertos,-lgcc,-lc,--end-group
Finished building target: Lab3P1.elf
 
Invoking: ARM v7 Print Size
arm-none-eabi-size Lab3P1.elf  |tee "Lab3P1.elf.size"
   text	   data	    bss	    dec	    hex	filename
  90364	   3416	  89648	 183428	  2cc84	Lab3P1.elf
Finished building: Lab3P1.elf.size
 
23:56:43 **** Auto Build of configuration Debug for project Lab3P1 ****
make pre-build main-build 
a9-linaro-pre-build-step
 
Building file: ../src/spi_lab3_main.c
Invoking: ARM v7 gcc compiler
arm-none-eabi-gcc -Wall -O0 -g3 -c -fmessage-length=0 -MT"src/spi_lab3_main.o" -mcpu=cortex-a9 -mfpu=vfpv3 -mfloat-abi=hard -I../../Lab3_bsp/ps7_cortexa9_0/include -MMD -MP -MF"src/spi_lab3_main.d" -MT"src/spi_lab3_main.o" -o "src/spi_lab3_main.o" "../src/spi_lab3_main.c"
In file included from ../src/spi_lab3_main.c:66:
../src/initialization.h:52: warning: "configGENERATE_RUN_TIME_STATS" redefined
 #define configGENERATE_RUN_TIME_STATS 1
 
In file included from ../../Lab3_bsp/ps7_cortexa9_0/include/FreeRTOS.h:56,
                 from ../src/spi_lab3_main.c:51:
../../Lab3_bsp/ps7_cortexa9_0/include/FreeRTOSConfig.h:109: note: this is the location of the previous definition
 #define configGENERATE_RUN_TIME_STATS 0
 
Finished building: ../src/spi_lab3_main.c
 
Building target: Lab3P1.elf
Invoking: ARM v7 gcc linker
arm-none-eabi-gcc -mcpu=cortex-a9 -mfpu=vfpv3 -mfloat-abi=hard -Wl,-build-id=none -specs=Xilinx.spec -Wl,-T -Wl,../src/lscript.ld -L../../Lab3_bsp/ps7_cortexa9_0/lib -o "Lab3P1.elf"  ./src/initialization.o ./src/spi_lab3_main.o   -Wl,--start-group,-lxil,-lfreertos,-lgcc,-lc,--end-group
Finished building target: Lab3P1.elf
 
Invoking: ARM v7 Print Size
arm-none-eabi-size Lab3P1.elf  |tee "Lab3P1.elf.size"
   text	   data	    bss	    dec	    hex	filename
  90428	   3416	  89648	 183492	  2ccc4	Lab3P1.elf
Finished building: Lab3P1.elf.size
 
23:56:53 **** Incremental Build of configuration Debug for project Lab3P1 ****
make pre-build main-build 
a9-linaro-pre-build-step
 
make: Nothing to be done for 'main-build'.
00:01:45 **** Auto Build of configuration Debug for project Lab3P1 ****
make pre-build main-build 
a9-linaro-pre-build-step
 
Building file: ../src/spi_lab3_main.c
Invoking: ARM v7 gcc compiler
arm-none-eabi-gcc -Wall -O0 -g3 -c -fmessage-length=0 -MT"src/spi_lab3_main.o" -mcpu=cortex-a9 -mfpu=vfpv3 -mfloat-abi=hard -I../../Lab3_bsp/ps7_cortexa9_0/include -MMD -MP -MF"src/spi_lab3_main.d" -MT"src/spi_lab3_main.o" -o "src/spi_lab3_main.o" "../src/spi_lab3_main.c"
In file included from ../src/spi_lab3_main.c:66:
../src/initialization.h:52: warning: "configGENERATE_RUN_TIME_STATS" redefined
 #define configGENERATE_RUN_TIME_STATS 1
 
In file included from ../../Lab3_bsp/ps7_cortexa9_0/include/FreeRTOS.h:56,
                 from ../src/spi_lab3_main.c:51:
../../Lab3_bsp/ps7_cortexa9_0/include/FreeRTOSConfig.h:109: note: this is the location of the previous definition
 #define configGENERATE_RUN_TIME_STATS 0
 
Finished building: ../src/spi_lab3_main.c
 
Building target: Lab3P1.elf
Invoking: ARM v7 gcc linker
arm-none-eabi-gcc -mcpu=cortex-a9 -mfpu=vfpv3 -mfloat-abi=hard -Wl,-build-id=none -specs=Xilinx.spec -Wl,-T -Wl,../src/lscript.ld -L../../Lab3_bsp/ps7_cortexa9_0/lib -o "Lab3P1.elf"  ./src/initialization.o ./src/spi_lab3_main.o   -Wl,--start-group,-lxil,-lfreertos,-lgcc,-lc,--end-group
Finished building target: Lab3P1.elf
 
Invoking: ARM v7 Print Size
arm-none-eabi-size Lab3P1.elf  |tee "Lab3P1.elf.size"
   text	   data	    bss	    dec	    hex	filename
  90428	   3416	  89648	 183492	  2ccc4	Lab3P1.elf
Finished building: Lab3P1.elf.size
 
00:01:54 **** Incremental Build of configuration Debug for project Lab3P1 ****
make pre-build main-build 
a9-linaro-pre-build-step
 
make: Nothing to be done for 'main-build'.
00:02:43 **** Auto Build of configuration Debug for project Lab3P1 ****
make pre-build main-build 
a9-linaro-pre-build-step
 
Building file: ../src/spi_lab3_main.c
Invoking: ARM v7 gcc compiler
arm-none-eabi-gcc -Wall -O0 -g3 -c -fmessage-length=0 -MT"src/spi_lab3_main.o" -mcpu=cortex-a9 -mfpu=vfpv3 -mfloat-abi=hard -I../../Lab3_bsp/ps7_cortexa9_0/include -MMD -MP -MF"src/spi_lab3_main.d" -MT"src/spi_lab3_main.o" -o "src/spi_lab3_main.o" "../src/spi_lab3_main.c"
In file included from ../src/spi_lab3_main.c:66:
../src/initialization.h:52: warning: "configGENERATE_RUN_TIME_STATS" redefined
 #define configGENERATE_RUN_TIME_STATS 1
 
In file included from ../../Lab3_bsp/ps7_cortexa9_0/include/FreeRTOS.h:56,
                 from ../src/spi_lab3_main.c:51:
../../Lab3_bsp/ps7_cortexa9_0/include/FreeRTOSConfig.h:109: note: this is the location of the previous definition
 #define configGENERATE_RUN_TIME_STATS 0
 
Finished building: ../src/spi_lab3_main.c
 
Building target: Lab3P1.elf
Invoking: ARM v7 gcc linker
arm-none-eabi-gcc -mcpu=cortex-a9 -mfpu=vfpv3 -mfloat-abi=hard -Wl,-build-id=none -specs=Xilinx.spec -Wl,-T -Wl,../src/lscript.ld -L../../Lab3_bsp/ps7_cortexa9_0/lib -o "Lab3P1.elf"  ./src/initialization.o ./src/spi_lab3_main.o   -Wl,--start-group,-lxil,-lfreertos,-lgcc,-lc,--end-group
Finished building target: Lab3P1.elf
 
Invoking: ARM v7 Print Size
arm-none-eabi-size Lab3P1.elf  |tee "Lab3P1.elf.size"
   text	   data	    bss	    dec	    hex	filename
  90364	   3416	  89648	 183428	  2cc84	Lab3P1.elf
Finished building: Lab3P1.elf.size
 
00:02:47 **** Incremental Build of configuration Debug for project Lab3P1 ****
make pre-build main-build 
a9-linaro-pre-build-step
 
make: Nothing to be done for 'main-build'.
00:04:17 **** Auto Build of configuration Debug for project Lab3P1 ****
make pre-build main-build 
a9-linaro-pre-build-step
 
Building file: ../src/spi_lab3_main.c
Invoking: ARM v7 gcc compiler
arm-none-eabi-gcc -Wall -O0 -g3 -c -fmessage-length=0 -MT"src/spi_lab3_main.o" -mcpu=cortex-a9 -mfpu=vfpv3 -mfloat-abi=hard -I../../Lab3_bsp/ps7_cortexa9_0/include -MMD -MP -MF"src/spi_lab3_main.d" -MT"src/spi_lab3_main.o" -o "src/spi_lab3_main.o" "../src/spi_lab3_main.c"
In file included from ../src/spi_lab3_main.c:66:
../src/initialization.h:52: warning: "configGENERATE_RUN_TIME_STATS" redefined
 #define configGENERATE_RUN_TIME_STATS 1
 
In file included from ../../Lab3_bsp/ps7_cortexa9_0/include/FreeRTOS.h:56,
                 from ../src/spi_lab3_main.c:51:
../../Lab3_bsp/ps7_cortexa9_0/include/FreeRTOSConfig.h:109: note: this is the location of the previous definition
 #define configGENERATE_RUN_TIME_STATS 0
 
Finished building: ../src/spi_lab3_main.c
 
Building target: Lab3P1.elf
Invoking: ARM v7 gcc linker
arm-none-eabi-gcc -mcpu=cortex-a9 -mfpu=vfpv3 -mfloat-abi=hard -Wl,-build-id=none -specs=Xilinx.spec -Wl,-T -Wl,../src/lscript.ld -L../../Lab3_bsp/ps7_cortexa9_0/lib -o "Lab3P1.elf"  ./src/initialization.o ./src/spi_lab3_main.o   -Wl,--start-group,-lxil,-lfreertos,-lgcc,-lc,--end-group
Finished building target: Lab3P1.elf
 
Invoking: ARM v7 Print Size
arm-none-eabi-size Lab3P1.elf  |tee "Lab3P1.elf.size"
   text	   data	    bss	    dec	    hex	filename
  90428	   3416	  89648	 183492	  2ccc4	Lab3P1.elf
Finished building: Lab3P1.elf.size
 
00:04:19 **** Incremental Build of configuration Debug for project Lab3P1 ****
make pre-build main-build 
a9-linaro-pre-build-step
 
make: Nothing to be done for 'main-build'.
12:02:19 **** Auto Build of configuration Debug for project Lab3P2 ****
make pre-build main-build 
a9-linaro-pre-build-step
 
Building file: ../src/load_gen_main.c
Invoking: ARM v7 gcc compiler
arm-none-eabi-gcc -Wall -O0 -g3 -c -fmessage-length=0 -MT"src/load_gen_main.o" -mcpu=cortex-a9 -mfpu=vfpv3 -mfloat-abi=hard -I../../Lab3P2_bsp/ps7_cortexa9_0/include -MMD -MP -MF"src/load_gen_main.d" -MT"src/load_gen_main.o" -o "src/load_gen_main.o" "../src/load_gen_main.c"
Finished building: ../src/load_gen_main.c
 
Building target: Lab3P2.elf
Invoking: ARM v7 gcc linker
arm-none-eabi-gcc -mcpu=cortex-a9 -mfpu=vfpv3 -mfloat-abi=hard -Wl,-build-id=none -specs=Xilinx.spec -Wl,-T -Wl,../src/lscript.ld -L../../Lab3P2_bsp/ps7_cortexa9_0/lib -o "Lab3P2.elf"  ./src/load_gen_main.o   -Wl,--start-group,-lxil,-lfreertos,-lgcc,-lc,--end-group
Finished building target: Lab3P2.elf
 
Invoking: ARM v7 Print Size
arm-none-eabi-size Lab3P2.elf  |tee "Lab3P2.elf.size"
   text	   data	    bss	    dec	    hex	filename
  78068	   3372	  93520	 174960	  2ab70	Lab3P2.elf
Finished building: Lab3P2.elf.size
 
12:02:22 **** Incremental Build of configuration Debug for project Lab3P2 ****
make pre-build main-build 
a9-linaro-pre-build-step
 
make: Nothing to be done for 'main-build'.
12:02:30 **** Incremental Build of configuration Debug for project Lab3P2 ****
make pre-build main-build 
a9-linaro-pre-build-step
 
make: Nothing to be done for 'main-build'.
12:02:46 **** Incremental Build of configuration Debug for project Lab3P2 ****
make pre-build main-build 
a9-linaro-pre-build-step
 
make: Nothing to be done for 'main-build'.
12:03:31 **** Incremental Build of configuration Debug for project Lab3P2 ****
make pre-build main-build 
a9-linaro-pre-build-step
 
Building file: ../src/load_gen_main.c
Invoking: ARM v7 gcc compiler
arm-none-eabi-gcc -Wall -O0 -g3 -c -fmessage-length=0 -MT"src/load_gen_main.o" -mcpu=cortex-a9 -mfpu=vfpv3 -mfloat-abi=hard -I../../Lab3P2_bsp/ps7_cortexa9_0/include -MMD -MP -MF"src/load_gen_main.d" -MT"src/load_gen_main.o" -o "src/load_gen_main.o" "../src/load_gen_main.c"
Finished building: ../src/load_gen_main.c
 
Building target: Lab3P2.elf
Invoking: ARM v7 gcc linker
arm-none-eabi-gcc -mcpu=cortex-a9 -mfpu=vfpv3 -mfloat-abi=hard -Wl,-build-id=none -specs=Xilinx.spec -Wl,-T -Wl,../src/lscript.ld -L../../Lab3P2_bsp/ps7_cortexa9_0/lib -o "Lab3P2.elf"  ./src/load_gen_main.o   -Wl,--start-group,-lxil,-lfreertos,-lgcc,-lc,--end-group
Finished building target: Lab3P2.elf
 
Invoking: ARM v7 Print Size
arm-none-eabi-size Lab3P2.elf  |tee "Lab3P2.elf.size"
   text	   data	    bss	    dec	    hex	filename
  78068	   3372	  93520	 174960	  2ab70	Lab3P2.elf
Finished building: Lab3P2.elf.size
 
12:04:05 **** Auto Build of configuration Debug for project Lab3P2 ****
make pre-build main-build 
a9-linaro-pre-build-step
 
Building file: ../src/load_gen_main.c
Invoking: ARM v7 gcc compiler
arm-none-eabi-gcc -Wall -O0 -g3 -c -fmessage-length=0 -MT"src/load_gen_main.o" -mcpu=cortex-a9 -mfpu=vfpv3 -mfloat-abi=hard -I../../Lab3P2_bsp/ps7_cortexa9_0/include -MMD -MP -MF"src/load_gen_main.d" -MT"src/load_gen_main.o" -o "src/load_gen_main.o" "../src/load_gen_main.c"
Finished building: ../src/load_gen_main.c
 
Building target: Lab3P2.elf
Invoking: ARM v7 gcc linker
arm-none-eabi-gcc -mcpu=cortex-a9 -mfpu=vfpv3 -mfloat-abi=hard -Wl,-build-id=none -specs=Xilinx.spec -Wl,-T -Wl,../src/lscript.ld -L../../Lab3P2_bsp/ps7_cortexa9_0/lib -o "Lab3P2.elf"  ./src/load_gen_main.o   -Wl,--start-group,-lxil,-lfreertos,-lgcc,-lc,--end-group
Finished building target: Lab3P2.elf
 
Invoking: ARM v7 Print Size
arm-none-eabi-size Lab3P2.elf  |tee "Lab3P2.elf.size"
   text	   data	    bss	    dec	    hex	filename
  78068	   3372	  93520	 174960	  2ab70	Lab3P2.elf
Finished building: Lab3P2.elf.size
 
12:04:07 **** Incremental Build of configuration Debug for project Lab3P2 ****
make pre-build main-build 
a9-linaro-pre-build-step
 
make: Nothing to be done for 'main-build'.
12:04:46 **** Auto Build of configuration Debug for project Lab3P2 ****
make pre-build main-build 
a9-linaro-pre-build-step
 
Building file: ../src/load_gen_main.c
Invoking: ARM v7 gcc compiler
arm-none-eabi-gcc -Wall -O0 -g3 -c -fmessage-length=0 -MT"src/load_gen_main.o" -mcpu=cortex-a9 -mfpu=vfpv3 -mfloat-abi=hard -I../../Lab3P2_bsp/ps7_cortexa9_0/include -MMD -MP -MF"src/load_gen_main.d" -MT"src/load_gen_main.o" -o "src/load_gen_main.o" "../src/load_gen_main.c"
Finished building: ../src/load_gen_main.c
 
Building target: Lab3P2.elf
Invoking: ARM v7 gcc linker
arm-none-eabi-gcc -mcpu=cortex-a9 -mfpu=vfpv3 -mfloat-abi=hard -Wl,-build-id=none -specs=Xilinx.spec -Wl,-T -Wl,../src/lscript.ld -L../../Lab3P2_bsp/ps7_cortexa9_0/lib -o "Lab3P2.elf"  ./src/load_gen_main.o   -Wl,--start-group,-lxil,-lfreertos,-lgcc,-lc,--end-group
Finished building target: Lab3P2.elf
 
Invoking: ARM v7 Print Size
arm-none-eabi-size Lab3P2.elf  |tee "Lab3P2.elf.size"
   text	   data	    bss	    dec	    hex	filename
  78068	   3372	  93520	 174960	  2ab70	Lab3P2.elf
Finished building: Lab3P2.elf.size
 
12:23:05 **** Auto Build of configuration Debug for project Lab3P2 ****
make pre-build main-build 
a9-linaro-pre-build-step
 
Building file: ../src/load_gen_main.c
Invoking: ARM v7 gcc compiler
arm-none-eabi-gcc -Wall -O0 -g3 -c -fmessage-length=0 -MT"src/load_gen_main.o" -mcpu=cortex-a9 -mfpu=vfpv3 -mfloat-abi=hard -I../../Lab3P2_bsp/ps7_cortexa9_0/include -MMD -MP -MF"src/load_gen_main.d" -MT"src/load_gen_main.o" -o "src/load_gen_main.o" "../src/load_gen_main.c"
Finished building: ../src/load_gen_main.c
 
Building target: Lab3P2.elf
Invoking: ARM v7 gcc linker
arm-none-eabi-gcc -mcpu=cortex-a9 -mfpu=vfpv3 -mfloat-abi=hard -Wl,-build-id=none -specs=Xilinx.spec -Wl,-T -Wl,../src/lscript.ld -L../../Lab3P2_bsp/ps7_cortexa9_0/lib -o "Lab3P2.elf"  ./src/load_gen_main.o   -Wl,--start-group,-lxil,-lfreertos,-lgcc,-lc,--end-group
Finished building target: Lab3P2.elf
 
Invoking: ARM v7 Print Size
arm-none-eabi-size Lab3P2.elf  |tee "Lab3P2.elf.size"
   text	   data	    bss	    dec	    hex	filename
  78068	   3372	  93520	 174960	  2ab70	Lab3P2.elf
Finished building: Lab3P2.elf.size
 
18:36:27 **** Incremental Build of configuration Debug for project Lab3P1 ****
make pre-build main-build 
a9-linaro-pre-build-step
 
make: Nothing to be done for 'main-build'.
18:36:59 **** Incremental Build of configuration Debug for project Lab3P1 ****
make pre-build main-build 
a9-linaro-pre-build-step
 
make: Nothing to be done for 'main-build'.
