12:23:05 **** Auto Build of configuration Debug for project Lab3P2 ****
make pre-build main-build 
a9-linaro-pre-build-step
 
Building file: ../src/load_gen_main.c
Invoking: ARM v7 gcc compiler
arm-none-eabi-gcc -Wall -O0 -g3 -c -fmessage-length=0 -MT"src/load_gen_main.o" -mcpu=cortex-a9 -mfpu=vfpv3 -mfloat-abi=hard -I../../Lab3P2_bsp/ps7_cortexa9_0/include -MMD -MP -MF"src/load_gen_main.d" -MT"src/load_gen_main.o" -o "src/load_gen_main.o" "../src/load_gen_main.c"
Finished building: ../src/load_gen_main.c
 
Building target: Lab3P2.elf
Invoking: ARM v7 gcc linker
arm-none-eabi-gcc -mcpu=cortex-a9 -mfpu=vfpv3 -mfloat-abi=hard -Wl,-build-id=none -specs=Xilinx.spec -Wl,-T -Wl,../src/lscript.ld -L../../Lab3P2_bsp/ps7_cortexa9_0/lib -o "Lab3P2.elf"  ./src/load_gen_main.o   -Wl,--start-group,-lxil,-lfreertos,-lgcc,-lc,--end-group
Finished building target: Lab3P2.elf
 
Invoking: ARM v7 Print Size
arm-none-eabi-size Lab3P2.elf  |tee "Lab3P2.elf.size"
   text	   data	    bss	    dec	    hex	filename
  78068	   3372	  93520	 174960	  2ab70	Lab3P2.elf
Finished building: Lab3P2.elf.size
 

12:23:06 Build Finished (took 488ms)

